<?xml version="1.0"?>
<link_info>
   <banner>TMS320C6x Linker PC v7.4.24</banner>
   <copyright>Copyright (c) 1996-2017 Texas Instruments Incorporated</copyright>
   <link_time>0x5c0e9e83</link_time>
   <output_file>Lab6Part2.out</output_file>
   <entry_point>
      <name>_c_int00</name>
      <address>0x2320</address>
   </entry_point>
   <input_file_list>
      <input_file id="fl-2">
         <path>.\</path>
         <kind>object</kind>
         <file>main.obj</file>
         <name>main.obj</name>
      </input_file>
      <input_file id="fl-3">
         <path>.\</path>
         <kind>object</kind>
         <file>vectors.obj</file>
         <name>vectors.obj</name>
      </input_file>
      <input_file id="fl-9">
         <path>R:\ECE4703_B18\C6xCSL\lib_3x\</path>
         <kind>archive</kind>
         <file>csl6713.lib</file>
         <name>csl_irq.obj</name>
      </input_file>
      <input_file id="fl-a">
         <path>R:\ECE4703_B18\DSK6713\c6000\dsk6713\lib\</path>
         <kind>archive</kind>
         <file>dsk6713bsl.lib</file>
         <name>dsk6713.obj</name>
      </input_file>
      <input_file id="fl-b">
         <path>R:\ECE4703_B18\DSK6713\c6000\dsk6713\lib\</path>
         <kind>archive</kind>
         <file>dsk6713bsl.lib</file>
         <name>dsk6713_aic23_opencodec.obj</name>
      </input_file>
      <input_file id="fl-c">
         <path>R:\ECE4703_B18\DSK6713\c6000\dsk6713\lib\</path>
         <kind>archive</kind>
         <file>dsk6713bsl.lib</file>
         <name>dsk6713_aic23_registers.obj</name>
      </input_file>
      <input_file id="fl-d">
         <path>R:\ECE4703_B18\DSK6713\c6000\dsk6713\lib\</path>
         <kind>archive</kind>
         <file>dsk6713bsl.lib</file>
         <name>dsk6713_aic23_setfreq.obj</name>
      </input_file>
      <input_file id="fl-e">
         <path>R:\ECE4703_B18\DSK6713\c6000\dsk6713\lib\</path>
         <kind>archive</kind>
         <file>dsk6713bsl.lib</file>
         <name>dsk6713_led.obj</name>
      </input_file>
      <input_file id="fl-f">
         <path>C:\Users\gentov\Downloads\</path>
         <kind>archive</kind>
         <file>rts6700.lib</file>
         <name>boot.obj</name>
      </input_file>
      <input_file id="fl-10">
         <path>C:\Users\gentov\Downloads\</path>
         <kind>archive</kind>
         <file>rts6700.lib</file>
         <name>exit.obj</name>
      </input_file>
      <input_file id="fl-11">
         <path>C:\Users\gentov\Downloads\</path>
         <kind>archive</kind>
         <file>rts6700.lib</file>
         <name>remi.obj</name>
      </input_file>
      <input_file id="fl-12">
         <path>C:\Users\gentov\Downloads\</path>
         <kind>archive</kind>
         <file>rts6700.lib</file>
         <name>strasg.obj</name>
      </input_file>
      <input_file id="fl-13">
         <path>C:\Users\gentov\Downloads\</path>
         <kind>archive</kind>
         <file>rts6700.lib</file>
         <name>args_main.obj</name>
      </input_file>
      <input_file id="fl-14">
         <path>C:\Users\gentov\Downloads\</path>
         <kind>archive</kind>
         <file>rts6700.lib</file>
         <name>autoinit.obj</name>
      </input_file>
      <input_file id="fl-15">
         <path>C:\Users\gentov\Downloads\</path>
         <kind>archive</kind>
         <file>rts6700.lib</file>
         <name>cpp_init.obj</name>
      </input_file>
      <input_file id="fl-16">
         <path>C:\Users\gentov\Downloads\</path>
         <kind>archive</kind>
         <file>rts6700.lib</file>
         <name>cpy_tbl.obj</name>
      </input_file>
      <input_file id="fl-17">
         <path>C:\Users\gentov\Downloads\</path>
         <kind>archive</kind>
         <file>rts6700.lib</file>
         <name>memcpy62.obj</name>
      </input_file>
      <input_file id="fl-18">
         <path>R:\ECE4703_B18\C6xCSL\lib_3x\</path>
         <kind>archive</kind>
         <file>csl6713.lib</file>
         <name>csl_mcbsp.obj</name>
      </input_file>
   </input_file_list>
   <object_component_list>
      <object_component id="oc-21">
         <name>vectors</name>
         <load_address>0x0</load_address>
         <run_address>0x0</run_address>
         <size>0x200</size>
         <input_file_ref idref="fl-3"/>
      </object_component>
      <object_component id="oc-1d">
         <name>.text:retain</name>
         <load_address>0x200</load_address>
         <run_address>0x200</run_address>
         <size>0x680</size>
         <input_file_ref idref="fl-2"/>
      </object_component>
      <object_component id="oc-2b">
         <name>.text</name>
         <load_address>0x880</load_address>
         <run_address>0x880</run_address>
         <size>0x480</size>
         <input_file_ref idref="fl-a"/>
      </object_component>
      <object_component id="oc-31">
         <name>.text</name>
         <load_address>0xd00</load_address>
         <run_address>0xd00</run_address>
         <size>0x300</size>
         <input_file_ref idref="fl-b"/>
      </object_component>
      <object_component id="oc-73">
         <name>.text:_memcpy</name>
         <load_address>0x1000</load_address>
         <run_address>0x1000</run_address>
         <size>0x240</size>
         <input_file_ref idref="fl-17"/>
      </object_component>
      <object_component id="oc-75">
         <name>.text</name>
         <load_address>0x1240</load_address>
         <run_address>0x1240</run_address>
         <size>0x200</size>
         <input_file_ref idref="fl-2"/>
      </object_component>
      <object_component id="oc-43">
         <name>.text</name>
         <load_address>0x1440</load_address>
         <run_address>0x1440</run_address>
         <size>0x1e0</size>
         <input_file_ref idref="fl-e"/>
      </object_component>
      <object_component id="oc-78">
         <name>.text:_IRQ_map</name>
         <load_address>0x1620</load_address>
         <run_address>0x1620</run_address>
         <size>0x1c0</size>
         <input_file_ref idref="fl-9"/>
      </object_component>
      <object_component id="oc-77">
         <name>.text:_MCBSP_reset</name>
         <load_address>0x17e0</load_address>
         <run_address>0x17e0</run_address>
         <size>0x1a0</size>
         <input_file_ref idref="fl-18"/>
      </object_component>
      <object_component id="oc-37">
         <name>.text</name>
         <load_address>0x1980</load_address>
         <run_address>0x1980</run_address>
         <size>0x140</size>
         <input_file_ref idref="fl-c"/>
      </object_component>
      <object_component id="oc-70">
         <name>.text:_MCBSP_open</name>
         <load_address>0x1ac0</load_address>
         <run_address>0x1ac0</run_address>
         <size>0x100</size>
         <input_file_ref idref="fl-18"/>
      </object_component>
      <object_component id="oc-71">
         <name>.text:_MCBSP_start</name>
         <load_address>0x1bc0</load_address>
         <run_address>0x1bc0</run_address>
         <size>0x100</size>
         <input_file_ref idref="fl-18"/>
      </object_component>
      <object_component id="oc-6b">
         <name>.text:__auto_init</name>
         <load_address>0x1cc0</load_address>
         <run_address>0x1cc0</run_address>
         <size>0x100</size>
         <input_file_ref idref="fl-14"/>
      </object_component>
      <object_component id="oc-6e">
         <name>.text:__remi</name>
         <load_address>0x1dc0</load_address>
         <run_address>0x1dc0</run_address>
         <size>0x100</size>
         <input_file_ref idref="fl-11"/>
      </object_component>
      <object_component id="oc-6f">
         <name>.text:__strasg</name>
         <load_address>0x1ec0</load_address>
         <run_address>0x1ec0</run_address>
         <size>0xe0</size>
         <input_file_ref idref="fl-12"/>
      </object_component>
      <object_component id="oc-6d">
         <name>.text:_exit</name>
         <load_address>0x1fa0</load_address>
         <run_address>0x1fa0</run_address>
         <size>0xe0</size>
         <input_file_ref idref="fl-10"/>
      </object_component>
      <object_component id="oc-72">
         <name>.text:_copy_in</name>
         <load_address>0x2080</load_address>
         <run_address>0x2080</run_address>
         <size>0xc0</size>
         <input_file_ref idref="fl-16"/>
      </object_component>
      <object_component id="oc-3d">
         <name>.text</name>
         <load_address>0x2140</load_address>
         <run_address>0x2140</run_address>
         <size>0xc0</size>
         <input_file_ref idref="fl-d"/>
      </object_component>
      <object_component id="oc-79">
         <name>.text:_setMux</name>
         <load_address>0x2200</load_address>
         <run_address>0x2200</run_address>
         <size>0xa0</size>
         <input_file_ref idref="fl-9"/>
      </object_component>
      <object_component id="oc-74">
         <name>.text:___TI_cpp_init</name>
         <load_address>0x22a0</load_address>
         <run_address>0x22a0</run_address>
         <size>0x80</size>
         <input_file_ref idref="fl-15"/>
      </object_component>
      <object_component id="oc-18">
         <name>.text:_c_int00</name>
         <load_address>0x2320</load_address>
         <run_address>0x2320</run_address>
         <size>0x80</size>
         <input_file_ref idref="fl-f"/>
      </object_component>
      <object_component id="oc-6c">
         <name>.text:__args_main</name>
         <load_address>0x23a0</load_address>
         <run_address>0x23a0</run_address>
         <size>0x40</size>
         <input_file_ref idref="fl-13"/>
      </object_component>
      <object_component id="oc-76">
         <name>.text:_abort</name>
         <load_address>0x23e0</load_address>
         <run_address>0x23e0</run_address>
         <size>0x20</size>
         <input_file_ref idref="fl-10"/>
      </object_component>
      <object_component id="oc-25">
         <name>.text</name>
         <load_address>0x2400</load_address>
         <run_address>0x2400</run_address>
         <size>0x20</size>
         <input_file_ref idref="fl-9"/>
      </object_component>
      <object_component id="oc-49">
         <name>.stack</name>
         <uninitialized>true</uninitialized>
         <run_address>0x2978</run_address>
         <size>0x8</size>
         <input_file_ref idref="fl-f"/>
      </object_component>
      <object_component id="oc-99">
         <name>.stack</name>
         <uninitialized>true</uninitialized>
         <run_address>0x2978</run_address>
         <size>0x0</size>
      </object_component>
      <object_component id="oc-33">
         <name>.const</name>
         <load_address>0x3054</load_address>
         <run_address>0x3054</run_address>
         <size>0x40</size>
         <input_file_ref idref="fl-b"/>
      </object_component>
      <object_component id="oc-2d">
         <name>.const</name>
         <load_address>0x3094</load_address>
         <run_address>0x3094</run_address>
         <size>0x20</size>
         <input_file_ref idref="fl-a"/>
      </object_component>
      <object_component id="oc-1b">
         <name>.const</name>
         <load_address>0x30b4</load_address>
         <run_address>0x30b4</run_address>
         <size>0x4</size>
         <input_file_ref idref="fl-2"/>
      </object_component>
      <object_component id="oc-1c">
         <name>.far</name>
         <uninitialized>true</uninitialized>
         <run_address>0x2420</run_address>
         <size>0x3c8</size>
         <input_file_ref idref="fl-2"/>
      </object_component>
      <object_component id="oc-27">
         <name>.far</name>
         <uninitialized>true</uninitialized>
         <run_address>0x27e8</run_address>
         <size>0xf4</size>
         <input_file_ref idref="fl-9"/>
      </object_component>
      <object_component id="oc-2c">
         <name>.far</name>
         <uninitialized>true</uninitialized>
         <run_address>0x2970</run_address>
         <size>0x2</size>
         <input_file_ref idref="fl-a"/>
      </object_component>
      <object_component id="oc-32">
         <name>.far</name>
         <uninitialized>true</uninitialized>
         <run_address>0x2968</run_address>
         <size>0x8</size>
         <input_file_ref idref="fl-b"/>
      </object_component>
      <object_component id="oc-39">
         <name>.far</name>
         <uninitialized>true</uninitialized>
         <run_address>0x2914</run_address>
         <size>0x28</size>
         <input_file_ref idref="fl-c"/>
      </object_component>
      <object_component id="oc-3f">
         <name>.far</name>
         <uninitialized>true</uninitialized>
         <run_address>0x293c</run_address>
         <size>0x20</size>
         <input_file_ref idref="fl-d"/>
      </object_component>
      <object_component id="oc-44">
         <name>.far</name>
         <uninitialized>true</uninitialized>
         <run_address>0x2972</run_address>
         <size>0x2</size>
         <input_file_ref idref="fl-e"/>
      </object_component>
      <object_component id="oc-4e">
         <name>.far</name>
         <uninitialized>true</uninitialized>
         <run_address>0x295c</run_address>
         <size>0xc</size>
         <input_file_ref idref="fl-10"/>
      </object_component>
      <object_component id="oc-67">
         <name>.far</name>
         <uninitialized>true</uninitialized>
         <run_address>0x28dc</run_address>
         <size>0x38</size>
         <input_file_ref idref="fl-18"/>
      </object_component>
      <object_component id="oc-26">
         <name>.cinit</name>
         <load_address>0x2d78</load_address>
         <run_address>0x2d78</run_address>
         <size>0x12c</size>
         <input_file_ref idref="fl-9"/>
      </object_component>
      <object_component id="oc-1a">
         <name>.cinit</name>
         <load_address>0x2ea8</load_address>
         <run_address>0x2ea8</run_address>
         <size>0xc4</size>
         <input_file_ref idref="fl-2"/>
      </object_component>
      <object_component id="oc-66">
         <name>.cinit</name>
         <load_address>0x2f70</load_address>
         <run_address>0x2f70</run_address>
         <size>0x54</size>
         <input_file_ref idref="fl-18"/>
      </object_component>
      <object_component id="oc-38">
         <name>.cinit</name>
         <load_address>0x2fc8</load_address>
         <run_address>0x2fc8</run_address>
         <size>0x30</size>
         <input_file_ref idref="fl-c"/>
      </object_component>
      <object_component id="oc-4d">
         <name>.cinit</name>
         <load_address>0x2ff8</load_address>
         <run_address>0x2ff8</run_address>
         <size>0x2c</size>
         <input_file_ref idref="fl-10"/>
      </object_component>
      <object_component id="oc-3e">
         <name>.cinit</name>
         <load_address>0x3028</load_address>
         <run_address>0x3028</run_address>
         <size>0x28</size>
         <input_file_ref idref="fl-d"/>
      </object_component>
      <object_component id="oc-19">
         <name>.debug_info</name>
         <load_address>0x0</load_address>
         <run_address>0x0</run_address>
         <size>0xd02</size>
         <input_file_ref idref="fl-2"/>
      </object_component>
      <object_component id="oc-22">
         <name>.debug_info</name>
         <load_address>0xd02</load_address>
         <run_address>0xd02</run_address>
         <size>0xb8</size>
         <input_file_ref idref="fl-3"/>
      </object_component>
      <object_component id="oc-29">
         <name>.debug_info</name>
         <load_address>0xdba</load_address>
         <run_address>0xdba</run_address>
         <size>0x9df</size>
         <input_file_ref idref="fl-9"/>
      </object_component>
      <object_component id="oc-2f">
         <name>.debug_info</name>
         <load_address>0x1799</load_address>
         <run_address>0x1799</run_address>
         <size>0x8a7</size>
         <input_file_ref idref="fl-a"/>
      </object_component>
      <object_component id="oc-35">
         <name>.debug_info</name>
         <load_address>0x2040</load_address>
         <run_address>0x2040</run_address>
         <size>0x89f</size>
         <input_file_ref idref="fl-b"/>
      </object_component>
      <object_component id="oc-3b">
         <name>.debug_info</name>
         <load_address>0x28df</load_address>
         <run_address>0x28df</run_address>
         <size>0x929</size>
         <input_file_ref idref="fl-c"/>
      </object_component>
      <object_component id="oc-41">
         <name>.debug_info</name>
         <load_address>0x3208</load_address>
         <run_address>0x3208</run_address>
         <size>0x5b3</size>
         <input_file_ref idref="fl-d"/>
      </object_component>
      <object_component id="oc-46">
         <name>.debug_info</name>
         <load_address>0x37bb</load_address>
         <run_address>0x37bb</run_address>
         <size>0x60b</size>
         <input_file_ref idref="fl-e"/>
      </object_component>
      <object_component id="oc-48">
         <name>.debug_info</name>
         <load_address>0x3dc6</load_address>
         <run_address>0x3dc6</run_address>
         <size>0x709</size>
         <input_file_ref idref="fl-f"/>
      </object_component>
      <object_component id="oc-4c">
         <name>.debug_info</name>
         <load_address>0x44cf</load_address>
         <run_address>0x44cf</run_address>
         <size>0x7f8</size>
         <input_file_ref idref="fl-10"/>
      </object_component>
      <object_component id="oc-51">
         <name>.debug_info</name>
         <load_address>0x4cc7</load_address>
         <run_address>0x4cc7</run_address>
         <size>0xd0</size>
         <input_file_ref idref="fl-11"/>
      </object_component>
      <object_component id="oc-54">
         <name>.debug_info</name>
         <load_address>0x4d97</load_address>
         <run_address>0x4d97</run_address>
         <size>0xd6</size>
         <input_file_ref idref="fl-12"/>
      </object_component>
      <object_component id="oc-57">
         <name>.debug_info</name>
         <load_address>0x4e6d</load_address>
         <run_address>0x4e6d</run_address>
         <size>0x6df</size>
         <input_file_ref idref="fl-13"/>
      </object_component>
      <object_component id="oc-5a">
         <name>.debug_info</name>
         <load_address>0x554c</load_address>
         <run_address>0x554c</run_address>
         <size>0x86a</size>
         <input_file_ref idref="fl-14"/>
      </object_component>
      <object_component id="oc-5d">
         <name>.debug_info</name>
         <load_address>0x5db6</load_address>
         <run_address>0x5db6</run_address>
         <size>0x6e2</size>
         <input_file_ref idref="fl-15"/>
      </object_component>
      <object_component id="oc-60">
         <name>.debug_info</name>
         <load_address>0x6498</load_address>
         <run_address>0x6498</run_address>
         <size>0x7d8</size>
         <input_file_ref idref="fl-16"/>
      </object_component>
      <object_component id="oc-63">
         <name>.debug_info</name>
         <load_address>0x6c70</load_address>
         <run_address>0x6c70</run_address>
         <size>0x786</size>
         <input_file_ref idref="fl-17"/>
      </object_component>
      <object_component id="oc-69">
         <name>.debug_info</name>
         <load_address>0x73f6</load_address>
         <run_address>0x73f6</run_address>
         <size>0xac3</size>
         <input_file_ref idref="fl-18"/>
      </object_component>
      <object_component id="oc-9a">
         <name>.debug_info</name>
         <load_address>0x7eb9</load_address>
         <run_address>0x7eb9</run_address>
         <size>0x6e</size>
      </object_component>
      <object_component id="oc-1e">
         <name>.debug_frame</name>
         <load_address>0x0</load_address>
         <run_address>0x0</run_address>
         <size>0x310</size>
         <input_file_ref idref="fl-2"/>
      </object_component>
      <object_component id="oc-1f">
         <name>.debug_line</name>
         <load_address>0x0</load_address>
         <run_address>0x0</run_address>
         <size>0x156</size>
         <input_file_ref idref="fl-2"/>
      </object_component>
      <object_component id="oc-23">
         <name>.debug_line</name>
         <load_address>0x156</load_address>
         <run_address>0x156</run_address>
         <size>0xb9</size>
         <input_file_ref idref="fl-3"/>
      </object_component>
      <object_component id="oc-2a">
         <name>.debug_line</name>
         <load_address>0x20f</load_address>
         <run_address>0x20f</run_address>
         <size>0xa0</size>
         <input_file_ref idref="fl-9"/>
      </object_component>
      <object_component id="oc-30">
         <name>.debug_line</name>
         <load_address>0x2af</load_address>
         <run_address>0x2af</run_address>
         <size>0xb2</size>
         <input_file_ref idref="fl-a"/>
      </object_component>
      <object_component id="oc-36">
         <name>.debug_line</name>
         <load_address>0x361</load_address>
         <run_address>0x361</run_address>
         <size>0x4f</size>
         <input_file_ref idref="fl-b"/>
      </object_component>
      <object_component id="oc-3c">
         <name>.debug_line</name>
         <load_address>0x3b0</load_address>
         <run_address>0x3b0</run_address>
         <size>0x7e</size>
         <input_file_ref idref="fl-c"/>
      </object_component>
      <object_component id="oc-42">
         <name>.debug_line</name>
         <load_address>0x42e</load_address>
         <run_address>0x42e</run_address>
         <size>0x52</size>
         <input_file_ref idref="fl-d"/>
      </object_component>
      <object_component id="oc-47">
         <name>.debug_line</name>
         <load_address>0x480</load_address>
         <run_address>0x480</run_address>
         <size>0x7b</size>
         <input_file_ref idref="fl-e"/>
      </object_component>
      <object_component id="oc-4a">
         <name>.debug_line</name>
         <load_address>0x4fb</load_address>
         <run_address>0x4fb</run_address>
         <size>0x3d</size>
         <input_file_ref idref="fl-f"/>
      </object_component>
      <object_component id="oc-4f">
         <name>.debug_line</name>
         <load_address>0x538</load_address>
         <run_address>0x538</run_address>
         <size>0x4f</size>
         <input_file_ref idref="fl-10"/>
      </object_component>
      <object_component id="oc-52">
         <name>.debug_line</name>
         <load_address>0x587</load_address>
         <run_address>0x587</run_address>
         <size>0x43</size>
         <input_file_ref idref="fl-11"/>
      </object_component>
      <object_component id="oc-55">
         <name>.debug_line</name>
         <load_address>0x5ca</load_address>
         <run_address>0x5ca</run_address>
         <size>0x48</size>
         <input_file_ref idref="fl-12"/>
      </object_component>
      <object_component id="oc-58">
         <name>.debug_line</name>
         <load_address>0x612</load_address>
         <run_address>0x612</run_address>
         <size>0x41</size>
         <input_file_ref idref="fl-13"/>
      </object_component>
      <object_component id="oc-5b">
         <name>.debug_line</name>
         <load_address>0x653</load_address>
         <run_address>0x653</run_address>
         <size>0x47</size>
         <input_file_ref idref="fl-14"/>
      </object_component>
      <object_component id="oc-5e">
         <name>.debug_line</name>
         <load_address>0x69a</load_address>
         <run_address>0x69a</run_address>
         <size>0x45</size>
         <input_file_ref idref="fl-15"/>
      </object_component>
      <object_component id="oc-61">
         <name>.debug_line</name>
         <load_address>0x6df</load_address>
         <run_address>0x6df</run_address>
         <size>0x44</size>
         <input_file_ref idref="fl-16"/>
      </object_component>
      <object_component id="oc-64">
         <name>.debug_line</name>
         <load_address>0x723</load_address>
         <run_address>0x723</run_address>
         <size>0x4e</size>
         <input_file_ref idref="fl-17"/>
      </object_component>
      <object_component id="oc-6a">
         <name>.debug_line</name>
         <load_address>0x771</load_address>
         <run_address>0x771</run_address>
         <size>0xbf</size>
         <input_file_ref idref="fl-18"/>
      </object_component>
      <object_component id="oc-20">
         <name>.debug_abbrev</name>
         <load_address>0x0</load_address>
         <run_address>0x0</run_address>
         <size>0x183</size>
         <input_file_ref idref="fl-2"/>
      </object_component>
      <object_component id="oc-24">
         <name>.debug_abbrev</name>
         <load_address>0x183</load_address>
         <run_address>0x183</run_address>
         <size>0x21</size>
         <input_file_ref idref="fl-3"/>
      </object_component>
      <object_component id="oc-28">
         <name>.debug_abbrev</name>
         <load_address>0x1a4</load_address>
         <run_address>0x1a4</run_address>
         <size>0x1b7</size>
         <input_file_ref idref="fl-9"/>
      </object_component>
      <object_component id="oc-2e">
         <name>.debug_abbrev</name>
         <load_address>0x35b</load_address>
         <run_address>0x35b</run_address>
         <size>0x196</size>
         <input_file_ref idref="fl-a"/>
      </object_component>
      <object_component id="oc-34">
         <name>.debug_abbrev</name>
         <load_address>0x4f1</load_address>
         <run_address>0x4f1</run_address>
         <size>0x126</size>
         <input_file_ref idref="fl-b"/>
      </object_component>
      <object_component id="oc-3a">
         <name>.debug_abbrev</name>
         <load_address>0x617</load_address>
         <run_address>0x617</run_address>
         <size>0x14e</size>
         <input_file_ref idref="fl-c"/>
      </object_component>
      <object_component id="oc-40">
         <name>.debug_abbrev</name>
         <load_address>0x765</load_address>
         <run_address>0x765</run_address>
         <size>0xf1</size>
         <input_file_ref idref="fl-d"/>
      </object_component>
      <object_component id="oc-45">
         <name>.debug_abbrev</name>
         <load_address>0x856</load_address>
         <run_address>0x856</run_address>
         <size>0xd8</size>
         <input_file_ref idref="fl-e"/>
      </object_component>
      <object_component id="oc-4b">
         <name>.debug_abbrev</name>
         <load_address>0x92e</load_address>
         <run_address>0x92e</run_address>
         <size>0xfe</size>
         <input_file_ref idref="fl-f"/>
      </object_component>
      <object_component id="oc-50">
         <name>.debug_abbrev</name>
         <load_address>0xa2c</load_address>
         <run_address>0xa2c</run_address>
         <size>0x119</size>
         <input_file_ref idref="fl-10"/>
      </object_component>
      <object_component id="oc-53">
         <name>.debug_abbrev</name>
         <load_address>0xb45</load_address>
         <run_address>0xb45</run_address>
         <size>0x3a</size>
         <input_file_ref idref="fl-11"/>
      </object_component>
      <object_component id="oc-56">
         <name>.debug_abbrev</name>
         <load_address>0xb7f</load_address>
         <run_address>0xb7f</run_address>
         <size>0x3a</size>
         <input_file_ref idref="fl-12"/>
      </object_component>
      <object_component id="oc-59">
         <name>.debug_abbrev</name>
         <load_address>0xbb9</load_address>
         <run_address>0xbb9</run_address>
         <size>0xe1</size>
         <input_file_ref idref="fl-13"/>
      </object_component>
      <object_component id="oc-5c">
         <name>.debug_abbrev</name>
         <load_address>0xc9a</load_address>
         <run_address>0xc9a</run_address>
         <size>0x13f</size>
         <input_file_ref idref="fl-14"/>
      </object_component>
      <object_component id="oc-5f">
         <name>.debug_abbrev</name>
         <load_address>0xdd9</load_address>
         <run_address>0xdd9</run_address>
         <size>0xdd</size>
         <input_file_ref idref="fl-15"/>
      </object_component>
      <object_component id="oc-62">
         <name>.debug_abbrev</name>
         <load_address>0xeb6</load_address>
         <run_address>0xeb6</run_address>
         <size>0x10c</size>
         <input_file_ref idref="fl-16"/>
      </object_component>
      <object_component id="oc-65">
         <name>.debug_abbrev</name>
         <load_address>0xfc2</load_address>
         <run_address>0xfc2</run_address>
         <size>0xd5</size>
         <input_file_ref idref="fl-17"/>
      </object_component>
      <object_component id="oc-68">
         <name>.debug_abbrev</name>
         <load_address>0x1097</load_address>
         <run_address>0x1097</run_address>
         <size>0x1a3</size>
         <input_file_ref idref="fl-18"/>
      </object_component>
      <object_component id="oc-9b">
         <name>.debug_abbrev</name>
         <load_address>0x123a</load_address>
         <run_address>0x123a</run_address>
         <size>0xd</size>
      </object_component>
   </object_component_list>
   <logical_group_list>
      <logical_group id="lg-2">
         <name>vectors</name>
         <load_address>0x0</load_address>
         <run_address>0x0</run_address>
         <size>0x200</size>
         <contents>
            <object_component_ref idref="oc-21"/>
         </contents>
      </logical_group>
      <logical_group id="lg-3">
         <name>.text</name>
         <load_address>0x200</load_address>
         <run_address>0x200</run_address>
         <size>0x2220</size>
         <contents>
            <object_component_ref idref="oc-1d"/>
            <object_component_ref idref="oc-2b"/>
            <object_component_ref idref="oc-31"/>
            <object_component_ref idref="oc-73"/>
            <object_component_ref idref="oc-75"/>
            <object_component_ref idref="oc-43"/>
            <object_component_ref idref="oc-78"/>
            <object_component_ref idref="oc-77"/>
            <object_component_ref idref="oc-37"/>
            <object_component_ref idref="oc-70"/>
            <object_component_ref idref="oc-71"/>
            <object_component_ref idref="oc-6b"/>
            <object_component_ref idref="oc-6e"/>
            <object_component_ref idref="oc-6f"/>
            <object_component_ref idref="oc-6d"/>
            <object_component_ref idref="oc-72"/>
            <object_component_ref idref="oc-3d"/>
            <object_component_ref idref="oc-79"/>
            <object_component_ref idref="oc-74"/>
            <object_component_ref idref="oc-18"/>
            <object_component_ref idref="oc-6c"/>
            <object_component_ref idref="oc-76"/>
            <object_component_ref idref="oc-25"/>
         </contents>
      </logical_group>
      <logical_group id="lg-4">
         <name>.stack</name>
         <run_address>0x2978</run_address>
         <size>0x400</size>
         <contents>
            <object_component_ref idref="oc-49"/>
            <object_component_ref idref="oc-99"/>
         </contents>
      </logical_group>
      <logical_group id="lg-5">
         <name>.bss</name>
         <run_address>0x200</run_address>
         <size>0x0</size>
         <contents>
         </contents>
      </logical_group>
      <logical_group id="lg-6">
         <name>.cio</name>
         <run_address>0x0</run_address>
         <size>0x0</size>
         <contents>
         </contents>
      </logical_group>
      <logical_group id="lg-7">
         <name>.const</name>
         <load_address>0x3054</load_address>
         <run_address>0x3054</run_address>
         <size>0x64</size>
         <contents>
            <object_component_ref idref="oc-33"/>
            <object_component_ref idref="oc-2d"/>
            <object_component_ref idref="oc-1b"/>
         </contents>
      </logical_group>
      <logical_group id="lg-8">
         <name>.data</name>
         <run_address>0x200</run_address>
         <size>0x0</size>
         <contents>
         </contents>
      </logical_group>
      <logical_group id="lg-9">
         <name>.switch</name>
         <run_address>0x0</run_address>
         <size>0x0</size>
         <contents>
         </contents>
      </logical_group>
      <logical_group id="lg-a">
         <name>.sysmem</name>
         <run_address>0x0</run_address>
         <size>0x0</size>
         <contents>
         </contents>
      </logical_group>
      <logical_group id="lg-b">
         <name>.far</name>
         <run_address>0x2420</run_address>
         <size>0x554</size>
         <contents>
            <object_component_ref idref="oc-1c"/>
            <object_component_ref idref="oc-27"/>
            <object_component_ref idref="oc-2c"/>
            <object_component_ref idref="oc-32"/>
            <object_component_ref idref="oc-39"/>
            <object_component_ref idref="oc-3f"/>
            <object_component_ref idref="oc-44"/>
            <object_component_ref idref="oc-4e"/>
            <object_component_ref idref="oc-67"/>
         </contents>
      </logical_group>
      <logical_group id="lg-c">
         <name>.args</name>
         <run_address>0x0</run_address>
         <size>0x0</size>
         <contents>
         </contents>
      </logical_group>
      <logical_group id="lg-d">
         <name>.ppinfo</name>
         <run_address>0x0</run_address>
         <size>0x0</size>
         <contents>
         </contents>
      </logical_group>
      <logical_group id="lg-e">
         <name>.ppdata</name>
         <run_address>0x0</run_address>
         <size>0x0</size>
         <contents>
         </contents>
      </logical_group>
      <logical_group id="lg-f">
         <name>.pinit</name>
         <run_address>0x0</run_address>
         <size>0x0</size>
         <contents>
         </contents>
      </logical_group>
      <logical_group id="lg-10">
         <name>.cinit</name>
         <load_address>0x2d78</load_address>
         <run_address>0x2d78</run_address>
         <size>0x2dc</size>
         <contents>
            <object_component_ref idref="oc-26"/>
            <object_component_ref idref="oc-1a"/>
            <object_component_ref idref="oc-66"/>
            <object_component_ref idref="oc-38"/>
            <object_component_ref idref="oc-4d"/>
            <object_component_ref idref="oc-3e"/>
         </contents>
      </logical_group>
      <logical_group id="lg-11">
         <name>.binit</name>
         <run_address>0x0</run_address>
         <size>0x0</size>
         <contents>
         </contents>
      </logical_group>
      <logical_group id="lg-12">
         <name>.init_array</name>
         <run_address>0x0</run_address>
         <size>0x0</size>
         <contents>
         </contents>
      </logical_group>
      <logical_group id="lg-13">
         <name>.neardata</name>
         <run_address>0x0</run_address>
         <size>0x0</size>
         <contents>
         </contents>
      </logical_group>
      <logical_group id="lg-14">
         <name>.fardata</name>
         <run_address>0x0</run_address>
         <size>0x0</size>
         <contents>
         </contents>
      </logical_group>
      <logical_group id="lg-15">
         <name>.rodata</name>
         <run_address>0x0</run_address>
         <size>0x0</size>
         <contents>
         </contents>
      </logical_group>
      <logical_group id="lg-16">
         <name>.c6xabi.exidx</name>
         <run_address>0x0</run_address>
         <size>0x0</size>
         <contents>
         </contents>
      </logical_group>
      <logical_group id="lg-17">
         <name>.c6xabi.extab</name>
         <run_address>0x0</run_address>
         <size>0x0</size>
         <contents>
         </contents>
      </logical_group>
      <logical_group id="lg-90">
         <name>.debug_info</name>
         <load_address>0x0</load_address>
         <run_address>0x0</run_address>
         <size>0x7f27</size>
         <contents>
            <object_component_ref idref="oc-19"/>
            <object_component_ref idref="oc-22"/>
            <object_component_ref idref="oc-29"/>
            <object_component_ref idref="oc-2f"/>
            <object_component_ref idref="oc-35"/>
            <object_component_ref idref="oc-3b"/>
            <object_component_ref idref="oc-41"/>
            <object_component_ref idref="oc-46"/>
            <object_component_ref idref="oc-48"/>
            <object_component_ref idref="oc-4c"/>
            <object_component_ref idref="oc-51"/>
            <object_component_ref idref="oc-54"/>
            <object_component_ref idref="oc-57"/>
            <object_component_ref idref="oc-5a"/>
            <object_component_ref idref="oc-5d"/>
            <object_component_ref idref="oc-60"/>
            <object_component_ref idref="oc-63"/>
            <object_component_ref idref="oc-69"/>
            <object_component_ref idref="oc-9a"/>
         </contents>
      </logical_group>
      <logical_group id="lg-92">
         <name>.debug_frame</name>
         <load_address>0x0</load_address>
         <run_address>0x0</run_address>
         <size>0x310</size>
         <contents>
            <object_component_ref idref="oc-1e"/>
         </contents>
      </logical_group>
      <logical_group id="lg-94">
         <name>.debug_line</name>
         <load_address>0x0</load_address>
         <run_address>0x0</run_address>
         <size>0x830</size>
         <contents>
            <object_component_ref idref="oc-1f"/>
            <object_component_ref idref="oc-23"/>
            <object_component_ref idref="oc-2a"/>
            <object_component_ref idref="oc-30"/>
            <object_component_ref idref="oc-36"/>
            <object_component_ref idref="oc-3c"/>
            <object_component_ref idref="oc-42"/>
            <object_component_ref idref="oc-47"/>
            <object_component_ref idref="oc-4a"/>
            <object_component_ref idref="oc-4f"/>
            <object_component_ref idref="oc-52"/>
            <object_component_ref idref="oc-55"/>
            <object_component_ref idref="oc-58"/>
            <object_component_ref idref="oc-5b"/>
            <object_component_ref idref="oc-5e"/>
            <object_component_ref idref="oc-61"/>
            <object_component_ref idref="oc-64"/>
            <object_component_ref idref="oc-6a"/>
         </contents>
      </logical_group>
      <logical_group id="lg-96">
         <name>.debug_abbrev</name>
         <load_address>0x0</load_address>
         <run_address>0x0</run_address>
         <size>0x1247</size>
         <contents>
            <object_component_ref idref="oc-20"/>
            <object_component_ref idref="oc-24"/>
            <object_component_ref idref="oc-28"/>
            <object_component_ref idref="oc-2e"/>
            <object_component_ref idref="oc-34"/>
            <object_component_ref idref="oc-3a"/>
            <object_component_ref idref="oc-40"/>
            <object_component_ref idref="oc-45"/>
            <object_component_ref idref="oc-4b"/>
            <object_component_ref idref="oc-50"/>
            <object_component_ref idref="oc-53"/>
            <object_component_ref idref="oc-56"/>
            <object_component_ref idref="oc-59"/>
            <object_component_ref idref="oc-5c"/>
            <object_component_ref idref="oc-5f"/>
            <object_component_ref idref="oc-62"/>
            <object_component_ref idref="oc-65"/>
            <object_component_ref idref="oc-68"/>
            <object_component_ref idref="oc-9b"/>
         </contents>
      </logical_group>
   </logical_group_list>
   <placement_map>
      <memory_area>
         <name>VECS</name>
         <page_id>0x0</page_id>
         <origin>0x0</origin>
         <length>0x200</length>
         <used_space>0x200</used_space>
         <unused_space>0x0</unused_space>
         <attributes>RWIX</attributes>
         <usage_details>
            <allocated_space>
               <start_address>0x0</start_address>
               <size>0x200</size>
               <logical_group_ref idref="lg-2"/>
            </allocated_space>
         </usage_details>
      </memory_area>
      <memory_area>
         <name>IRAM</name>
         <page_id>0x0</page_id>
         <origin>0x200</origin>
         <length>0x2fe00</length>
         <used_space>0x2eb4</used_space>
         <unused_space>0x2cf4c</unused_space>
         <attributes>RWIX</attributes>
         <usage_details>
            <allocated_space>
               <start_address>0x200</start_address>
               <size>0x0</size>
               <logical_group_ref idref="lg-8"/>
            </allocated_space>
            <allocated_space>
               <start_address>0x200</start_address>
               <size>0x0</size>
               <logical_group_ref idref="lg-5"/>
            </allocated_space>
            <allocated_space>
               <start_address>0x200</start_address>
               <size>0x2220</size>
               <logical_group_ref idref="lg-3"/>
            </allocated_space>
            <allocated_space>
               <start_address>0x2420</start_address>
               <size>0x554</size>
               <logical_group_ref idref="lg-b"/>
            </allocated_space>
            <available_space>
               <start_address>0x2974</start_address>
               <size>0x4</size>
            </available_space>
            <allocated_space>
               <start_address>0x2978</start_address>
               <size>0x400</size>
               <logical_group_ref idref="lg-4"/>
            </allocated_space>
            <allocated_space>
               <start_address>0x2d78</start_address>
               <size>0x2dc</size>
               <logical_group_ref idref="lg-10"/>
            </allocated_space>
            <allocated_space>
               <start_address>0x3054</start_address>
               <size>0x64</size>
               <logical_group_ref idref="lg-7"/>
            </allocated_space>
            <available_space>
               <start_address>0x30b8</start_address>
               <size>0x2cf48</size>
            </available_space>
         </usage_details>
      </memory_area>
      <memory_area>
         <name>L2RAM</name>
         <page_id>0x0</page_id>
         <origin>0x30000</origin>
         <length>0x10000</length>
         <used_space>0x0</used_space>
         <unused_space>0x10000</unused_space>
         <attributes>RWIX</attributes>
         <usage_details>
         </usage_details>
      </memory_area>
      <memory_area>
         <name>EMIFCE0</name>
         <page_id>0x0</page_id>
         <origin>0x80000000</origin>
         <length>0x10000000</length>
         <used_space>0x0</used_space>
         <unused_space>0x10000000</unused_space>
         <attributes>RWIX</attributes>
         <usage_details>
         </usage_details>
      </memory_area>
      <memory_area>
         <name>EMIFCE1</name>
         <page_id>0x0</page_id>
         <origin>0x90000000</origin>
         <length>0x10000000</length>
         <used_space>0x0</used_space>
         <unused_space>0x10000000</unused_space>
         <attributes>RWIX</attributes>
         <usage_details>
         </usage_details>
      </memory_area>
      <memory_area>
         <name>EMIFCE2</name>
         <page_id>0x0</page_id>
         <origin>0xa0000000</origin>
         <length>0x10000000</length>
         <used_space>0x0</used_space>
         <unused_space>0x10000000</unused_space>
         <attributes>RWIX</attributes>
         <usage_details>
         </usage_details>
      </memory_area>
      <memory_area>
         <name>EMIFCE3</name>
         <page_id>0x0</page_id>
         <origin>0xb0000000</origin>
         <length>0x10000000</length>
         <used_space>0x0</used_space>
         <unused_space>0x10000000</unused_space>
         <attributes>RWIX</attributes>
         <usage_details>
         </usage_details>
      </memory_area>
   </placement_map>
   <symbol_table>
      <symbol id="sm-0">
         <name>cinit</name>
         <value>0x2d78</value>
      </symbol>
      <symbol id="sm-1">
         <name>___cinit__</name>
         <value>0x2d78</value>
      </symbol>
      <symbol id="sm-2">
         <name>pinit</name>
         <value>0xffffffff</value>
      </symbol>
      <symbol id="sm-3">
         <name>___pinit__</name>
         <value>0xffffffff</value>
      </symbol>
      <symbol id="sm-4">
         <name>binit</name>
         <value>0xffffffff</value>
      </symbol>
      <symbol id="sm-5">
         <name>___binit__</name>
         <value>0xffffffff</value>
      </symbol>
      <symbol id="sm-6">
         <name>__STACK_SIZE</name>
         <value>0x400</value>
      </symbol>
      <symbol id="sm-7">
         <name>__STACK_END</name>
         <value>0x2d78</value>
      </symbol>
      <symbol id="sm-8">
         <name>___c_args__</name>
         <value>0xffffffff</value>
      </symbol>
      <symbol id="sm-9">
         <name>.text</name>
         <value>0x200</value>
      </symbol>
      <symbol id="sm-a">
         <name>___text__</name>
         <value>0x200</value>
      </symbol>
      <symbol id="sm-b">
         <name>etext</name>
         <value>0x2420</value>
      </symbol>
      <symbol id="sm-c">
         <name>___etext__</name>
         <value>0x2420</value>
      </symbol>
      <symbol id="sm-d">
         <name>.data</name>
         <value>0x200</value>
      </symbol>
      <symbol id="sm-e">
         <name>___data__</name>
         <value>0x200</value>
      </symbol>
      <symbol id="sm-f">
         <name>edata</name>
         <value>0x200</value>
      </symbol>
      <symbol id="sm-10">
         <name>___edata__</name>
         <value>0x200</value>
      </symbol>
      <symbol id="sm-11">
         <name>.bss</name>
         <value>0x200</value>
      </symbol>
      <symbol id="sm-12">
         <name>___bss__</name>
         <value>0x200</value>
      </symbol>
      <symbol id="sm-13">
         <name>end</name>
         <value>0x200</value>
      </symbol>
      <symbol id="sm-14">
         <name>___end__</name>
         <value>0x200</value>
      </symbol>
      <symbol id="sm-15">
         <name>___TI_pprof_out_hndl</name>
         <value>0xffffffff</value>
      </symbol>
      <symbol id="sm-16">
         <name>___TI_prof_data_start</name>
         <value>0xffffffff</value>
      </symbol>
      <symbol id="sm-17">
         <name>___TI_prof_data_size</name>
         <value>0xffffffff</value>
      </symbol>
      <symbol id="sm-18">
         <name>$bss</name>
         <value>0x200</value>
      </symbol>
      <symbol id="sm-75">
         <name>_serialPortRcvISR</name>
         <value>0x200</value>
         <object_component_ref idref="oc-1d"/>
      </symbol>
      <symbol id="sm-76">
         <name>_main</name>
         <value>0x1240</value>
         <object_component_ref idref="oc-75"/>
      </symbol>
      <symbol id="sm-77">
         <name>_filter</name>
         <value>0x24b8</value>
         <object_component_ref idref="oc-1c"/>
      </symbol>
      <symbol id="sm-78">
         <name>_config</name>
         <value>0x2490</value>
         <object_component_ref idref="oc-1c"/>
      </symbol>
      <symbol id="sm-79">
         <name>_error</name>
         <value>0x2650</value>
         <object_component_ref idref="oc-1c"/>
      </symbol>
      <symbol id="sm-7a">
         <name>_mu</name>
         <value>0x27e4</value>
         <object_component_ref idref="oc-1c"/>
      </symbol>
      <symbol id="sm-7b">
         <name>_hCodec</name>
         <value>0x248c</value>
         <object_component_ref idref="oc-1c"/>
      </symbol>
      <symbol id="sm-7c">
         <name>_BL</name>
         <value>0x30b4</value>
         <object_component_ref idref="oc-1b"/>
      </symbol>
      <symbol id="sm-7d">
         <name>_BA</name>
         <value>0x2654</value>
         <object_component_ref idref="oc-1c"/>
      </symbol>
      <symbol id="sm-7e">
         <name>_filterOut</name>
         <value>0x264c</value>
         <object_component_ref idref="oc-1c"/>
      </symbol>
      <symbol id="sm-7f">
         <name>_index</name>
         <value>0x2648</value>
         <object_component_ref idref="oc-1c"/>
      </symbol>
      <symbol id="sm-80">
         <name>_B</name>
         <value>0x2420</value>
         <object_component_ref idref="oc-1c"/>
      </symbol>
      <symbol id="sm-a9">
         <name>__IRQ_eventTable</name>
         <value>0x2810</value>
         <object_component_ref idref="oc-27"/>
      </symbol>
      <symbol id="sm-aa">
         <name>__IRQ_intTable</name>
         <value>0x2894</value>
         <object_component_ref idref="oc-27"/>
      </symbol>
      <symbol id="sm-ab">
         <name>_IRQ_map</name>
         <value>0x1620</value>
         <object_component_ref idref="oc-78"/>
      </symbol>
      <symbol id="sm-ac">
         <name>__IRQ_dispatchTable</name>
         <value>0x28d4</value>
         <object_component_ref idref="oc-27"/>
      </symbol>
      <symbol id="sm-ad">
         <name>__IRQ_hookFetchPacket</name>
         <value>0x2400</value>
         <object_component_ref idref="oc-25"/>
      </symbol>
      <symbol id="sm-bb">
         <name>_DSK6713_init</name>
         <value>0x8cc</value>
         <object_component_ref idref="oc-2b"/>
      </symbol>
      <symbol id="sm-bc">
         <name>_DSK6713_version</name>
         <value>0x2970</value>
         <object_component_ref idref="oc-2c"/>
      </symbol>
      <symbol id="sm-bd">
         <name>_DSK6713_rget</name>
         <value>0xbe8</value>
         <object_component_ref idref="oc-2b"/>
      </symbol>
      <symbol id="sm-be">
         <name>_DSK6713_wait</name>
         <value>0xc10</value>
         <object_component_ref idref="oc-2b"/>
      </symbol>
      <symbol id="sm-bf">
         <name>_DSK6713_rset</name>
         <value>0xbfc</value>
         <object_component_ref idref="oc-2b"/>
      </symbol>
      <symbol id="sm-c0">
         <name>_DSK6713_waitusec</name>
         <value>0xc68</value>
         <object_component_ref idref="oc-2b"/>
      </symbol>
      <symbol id="sm-c1">
         <name>_DSK6713_getVersion</name>
         <value>0xc94</value>
         <object_component_ref idref="oc-2b"/>
      </symbol>
      <symbol id="sm-cf">
         <name>_DSK6713_AIC23_codeccontrolhandle</name>
         <value>0x2968</value>
         <object_component_ref idref="oc-32"/>
      </symbol>
      <symbol id="sm-d0">
         <name>_DSK6713_AIC23_codecdatahandle</name>
         <value>0x296c</value>
         <object_component_ref idref="oc-32"/>
      </symbol>
      <symbol id="sm-d1">
         <name>_DSK6713_AIC23_openCodec</name>
         <value>0xd00</value>
         <object_component_ref idref="oc-31"/>
      </symbol>
      <symbol id="sm-df">
         <name>_DSK6713_AIC23_config</name>
         <value>0x1a40</value>
         <object_component_ref idref="oc-37"/>
      </symbol>
      <symbol id="sm-e0">
         <name>_DSK6713_AIC23_rget</name>
         <value>0x1a18</value>
         <object_component_ref idref="oc-37"/>
      </symbol>
      <symbol id="sm-e1">
         <name>_DSK6713_AIC23_rset</name>
         <value>0x1980</value>
         <object_component_ref idref="oc-37"/>
      </symbol>
      <symbol id="sm-ef">
         <name>_DSK6713_AIC23_setFreq</name>
         <value>0x2140</value>
         <object_component_ref idref="oc-3d"/>
      </symbol>
      <symbol id="sm-fb">
         <name>_DSK6713_LED_init</name>
         <value>0x1440</value>
         <object_component_ref idref="oc-43"/>
      </symbol>
      <symbol id="sm-fc">
         <name>_DSK6713_LED_on</name>
         <value>0x14f0</value>
         <object_component_ref idref="oc-43"/>
      </symbol>
      <symbol id="sm-fd">
         <name>_DSK6713_LED_toggle</name>
         <value>0x1560</value>
         <object_component_ref idref="oc-43"/>
      </symbol>
      <symbol id="sm-fe">
         <name>_DSK6713_LED_off</name>
         <value>0x1480</value>
         <object_component_ref idref="oc-43"/>
      </symbol>
      <symbol id="sm-10a">
         <name>_c_int00</name>
         <value>0x2320</value>
         <object_component_ref idref="oc-18"/>
      </symbol>
      <symbol id="sm-10b">
         <name>__stack</name>
         <value>0x2978</value>
         <object_component_ref idref="oc-49"/>
      </symbol>
      <symbol id="sm-11b">
         <name>C$$EXIT</name>
         <value>0x23e0</value>
         <object_component_ref idref="oc-76"/>
      </symbol>
      <symbol id="sm-11c">
         <name>_exit</name>
         <value>0x1fa0</value>
         <object_component_ref idref="oc-6d"/>
      </symbol>
      <symbol id="sm-11d">
         <name>___TI_enable_exit_profile_output</name>
         <value>0x2964</value>
         <object_component_ref idref="oc-4e"/>
      </symbol>
      <symbol id="sm-11e">
         <name>_abort</name>
         <value>0x23e0</value>
         <object_component_ref idref="oc-76"/>
      </symbol>
      <symbol id="sm-11f">
         <name>__cleanup_ptr</name>
         <value>0x295c</value>
         <object_component_ref idref="oc-4e"/>
      </symbol>
      <symbol id="sm-120">
         <name>__dtors_ptr</name>
         <value>0x2960</value>
         <object_component_ref idref="oc-4e"/>
      </symbol>
      <symbol id="sm-128">
         <name>__remi</name>
         <value>0x1dc0</value>
         <object_component_ref idref="oc-6e"/>
      </symbol>
      <symbol id="sm-129">
         <name>__c6xabi_remi</name>
         <value>0x1dc0</value>
         <object_component_ref idref="oc-6e"/>
      </symbol>
      <symbol id="sm-131">
         <name>__strasg</name>
         <value>0x1ec0</value>
         <object_component_ref idref="oc-6f"/>
      </symbol>
      <symbol id="sm-13b">
         <name>__args_main</name>
         <value>0x23a0</value>
         <object_component_ref idref="oc-6c"/>
      </symbol>
      <symbol id="sm-13c">
         <name>__TI_args_main</name>
         <value>0x1</value>
      </symbol>
      <symbol id="sm-146">
         <name>__auto_init</name>
         <value>0x1cc0</value>
         <object_component_ref idref="oc-6b"/>
      </symbol>
      <symbol id="sm-150">
         <name>___TI_cpp_init</name>
         <value>0x22a0</value>
         <object_component_ref idref="oc-74"/>
      </symbol>
      <symbol id="sm-15a">
         <name>_copy_in</name>
         <value>0x2080</value>
         <object_component_ref idref="oc-72"/>
      </symbol>
      <symbol id="sm-164">
         <name>_memcpy</name>
         <value>0x1000</value>
         <object_component_ref idref="oc-73"/>
      </symbol>
      <symbol id="sm-176">
         <name>_MCBSP_reset</name>
         <value>0x17e0</value>
         <object_component_ref idref="oc-77"/>
      </symbol>
      <symbol id="sm-177">
         <name>_MCBSP_open</name>
         <value>0x1ac0</value>
         <object_component_ref idref="oc-70"/>
      </symbol>
      <symbol id="sm-178">
         <name>__MCBSP_hDev0</name>
         <value>0x290c</value>
         <object_component_ref idref="oc-67"/>
      </symbol>
      <symbol id="sm-179">
         <name>__MCBSP_hDev1</name>
         <value>0x2910</value>
         <object_component_ref idref="oc-67"/>
      </symbol>
      <symbol id="sm-17a">
         <name>_MCBSP_start</name>
         <value>0x1bc0</value>
         <object_component_ref idref="oc-71"/>
      </symbol>
   </symbol_table>
</link_info>
