******************************************************************************
               TMS320C6x Linker PC v7.4.24                     
******************************************************************************
>> Linked Mon Dec 10 11:49:12 2018

OUTPUT FILE NAME:   <Lab6Part1.out>
ENTRY POINT SYMBOL: "_c_int00"  address: 00002260


MEMORY CONFIGURATION

         name            origin    length      used     unused   attr    fill
----------------------  --------  ---------  --------  --------  ----  --------
  VECS                  00000000   00000200  00000200  00000000  RWIX
  IRAM                  00000200   0002fe00  00002bac  0002d254  RWIX
  L2RAM                 00030000   00010000  00000000  00010000  RWIX
  EMIFCE0               80000000   10000000  00000000  10000000  RWIX
  EMIFCE1               90000000   10000000  00000000  10000000  RWIX
  EMIFCE2               a0000000   10000000  00000000  10000000  RWIX
  EMIFCE3               b0000000   10000000  00000000  10000000  RWIX


SECTION ALLOCATION MAP

 output                                  attributes/
section   page    origin      length       input sections
--------  ----  ----------  ----------   ----------------
.pinit     0    00000200    00000000     UNINITIALIZED

vectors    0    00000000    00000200     
                  00000000    00000200     vectors.obj (vectors)

.bss       0    00000200    00000000     UNINITIALIZED

.data      0    00000200    00000000     UNINITIALIZED

.text      0    00000200    00002160     
                  00000200    000005c0     main.obj (.text:retain)
                  000007c0    00000480     dsk6713bsl.lib : dsk6713.obj (.text)
                  00000c40    00000300                    : dsk6713_aic23_opencodec.obj (.text)
                  00000f40    00000240     rts6700.lib : memcpy62.obj (.text:_memcpy)
                  00001180    00000200     main.obj (.text)
                  00001380    000001e0     dsk6713bsl.lib : dsk6713_led.obj (.text)
                  00001560    000001c0     csl6713.lib : csl_irq.obj (.text:_IRQ_map)
                  00001720    000001a0                 : csl_mcbsp.obj (.text:_MCBSP_reset)
                  000018c0    00000140     dsk6713bsl.lib : dsk6713_aic23_registers.obj (.text)
                  00001a00    00000100     csl6713.lib : csl_mcbsp.obj (.text:_MCBSP_open)
                  00001b00    00000100                 : csl_mcbsp.obj (.text:_MCBSP_start)
                  00001c00    00000100     rts6700.lib : autoinit.obj (.text:__auto_init)
                  00001d00    00000100                 : remi.obj (.text:__remi)
                  00001e00    000000e0                 : strasg.obj (.text:__strasg)
                  00001ee0    000000e0                 : exit.obj (.text:_exit)
                  00001fc0    000000c0                 : cpy_tbl.obj (.text:_copy_in)
                  00002080    000000c0     dsk6713bsl.lib : dsk6713_aic23_setfreq.obj (.text)
                  00002140    000000a0     csl6713.lib : csl_irq.obj (.text:_setMux)
                  000021e0    00000080     rts6700.lib : cpp_init.obj (.text:___TI_cpp_init)
                  00002260    00000080                 : boot.obj (.text:_c_int00)
                  000022e0    00000040                 : args_main.obj (.text:__args_main)
                  00002320    00000020                 : exit.obj (.text:_abort)
                  00002340    00000020     csl6713.lib : csl_irq.obj (.text)

.stack     0    00002360    00000400     UNINITIALIZED
                  00002360    00000008     rts6700.lib : boot.obj (.stack)
                  00002368    000003f8     --HOLE--

.far       0    00002760    0000030c     UNINITIALIZED
                  00002760    00000180     main.obj (.far)
                  000028e0    000000f4     csl6713.lib : csl_irq.obj (.far)
                  000029d4    00000038                 : csl_mcbsp.obj (.far)
                  00002a0c    00000028     dsk6713bsl.lib : dsk6713_aic23_registers.obj (.far)
                  00002a34    00000020                    : dsk6713_aic23_setfreq.obj (.far)
                  00002a54    0000000c     rts6700.lib : exit.obj (.far)
                  00002a60    00000008     dsk6713bsl.lib : dsk6713_aic23_opencodec.obj (.far)
                  00002a68    00000002                    : dsk6713.obj (.far)
                  00002a6a    00000002                    : dsk6713_led.obj (.far)

.cinit     0    00002a70    000002dc     
                  00002a70    0000012c     csl6713.lib : csl_irq.obj (.cinit)
                  00002b9c    00000004     --HOLE-- [fill = 0]
                  00002ba0    000000c4     main.obj (.cinit)
                  00002c64    00000004     --HOLE-- [fill = 0]
                  00002c68    00000054     csl6713.lib : csl_mcbsp.obj (.cinit)
                  00002cbc    00000004     --HOLE-- [fill = 0]
                  00002cc0    00000030     dsk6713bsl.lib : dsk6713_aic23_registers.obj (.cinit)
                  00002cf0    0000002c     rts6700.lib : exit.obj (.cinit)
                  00002d1c    00000004     --HOLE-- [fill = 0]
                  00002d20    00000028     dsk6713bsl.lib : dsk6713_aic23_setfreq.obj (.cinit)
                  00002d48    00000004     --HOLE-- [fill = 0]

.const     0    00002d4c    00000064     
                  00002d4c    00000040     dsk6713bsl.lib : dsk6713_aic23_opencodec.obj (.const)
                  00002d8c    00000020                    : dsk6713.obj (.const)
                  00002dac    00000004     main.obj (.const)


GLOBAL SYMBOLS: SORTED ALPHABETICALLY BY Name 

address    name
--------   ----
00000200   $bss
00000200   .bss
00000200   .data
00000200   .text
00002320   C$$EXIT
00002760   _B
00002870   _BA
00002dac   _BL
00002a60   _DSK6713_AIC23_codeccontrolhandle
00002a64   _DSK6713_AIC23_codecdatahandle
00001980   _DSK6713_AIC23_config
00000c40   _DSK6713_AIC23_openCodec
00001958   _DSK6713_AIC23_rget
000018c0   _DSK6713_AIC23_rset
00002080   _DSK6713_AIC23_setFreq
00001380   _DSK6713_LED_init
000013c0   _DSK6713_LED_off
00001430   _DSK6713_LED_on
000014a0   _DSK6713_LED_toggle
00000bd4   _DSK6713_getVersion
0000080c   _DSK6713_init
00000b28   _DSK6713_rget
00000b3c   _DSK6713_rset
00002a68   _DSK6713_version
00000b50   _DSK6713_wait
00000ba8   _DSK6713_waitusec
00001560   _IRQ_map
00001a00   _MCBSP_open
00001720   _MCBSP_reset
00001b00   _MCBSP_start
000029cc   __IRQ_dispatchTable
00002908   __IRQ_eventTable
00002340   __IRQ_hookFetchPacket
0000298c   __IRQ_intTable
00002a04   __MCBSP_hDev0
00002a08   __MCBSP_hDev1
00002760   __STACK_END
00000400   __STACK_SIZE
00000001   __TI_args_main
000021e0   ___TI_cpp_init
00002a5c   ___TI_enable_exit_profile_output
ffffffff   ___TI_pprof_out_hndl
ffffffff   ___TI_prof_data_size
ffffffff   ___TI_prof_data_start
ffffffff   ___binit__
00000200   ___bss__
ffffffff   ___c_args__
00002a70   ___cinit__
00000200   ___data__
00000200   ___edata__
00000200   ___end__
00002360   ___etext__
ffffffff   ___pinit__
00000200   ___text__
000022e0   __args_main
00001c00   __auto_init
00001d00   __c6xabi_remi
00002a54   __cleanup_ptr
00002a58   __dtors_ptr
00001d00   __remi
00002360   __stack
00001e00   __strasg
00002320   _abort
00002260   _c_int00
000027d0   _config
00001fc0   _copy_in
0000286c   _error
00001ee0   _exit
000027f8   _filter
00002868   _filterOut
000027cc   _hCodec
00002864   _index
00001180   _main
00000f40   _memcpy
000028dc   _mu
00000200   _serialPortRcvISR
ffffffff   binit
00002a70   cinit
00000200   edata
00000200   end
00002360   etext
ffffffff   pinit


GLOBAL SYMBOLS: SORTED BY Symbol Address 

address    name
--------   ----
00000001   __TI_args_main
00000200   $bss
00000200   .bss
00000200   .data
00000200   .text
00000200   ___bss__
00000200   ___data__
00000200   ___edata__
00000200   ___end__
00000200   ___text__
00000200   _serialPortRcvISR
00000200   edata
00000200   end
00000400   __STACK_SIZE
0000080c   _DSK6713_init
00000b28   _DSK6713_rget
00000b3c   _DSK6713_rset
00000b50   _DSK6713_wait
00000ba8   _DSK6713_waitusec
00000bd4   _DSK6713_getVersion
00000c40   _DSK6713_AIC23_openCodec
00000f40   _memcpy
00001180   _main
00001380   _DSK6713_LED_init
000013c0   _DSK6713_LED_off
00001430   _DSK6713_LED_on
000014a0   _DSK6713_LED_toggle
00001560   _IRQ_map
00001720   _MCBSP_reset
000018c0   _DSK6713_AIC23_rset
00001958   _DSK6713_AIC23_rget
00001980   _DSK6713_AIC23_config
00001a00   _MCBSP_open
00001b00   _MCBSP_start
00001c00   __auto_init
00001d00   __c6xabi_remi
00001d00   __remi
00001e00   __strasg
00001ee0   _exit
00001fc0   _copy_in
00002080   _DSK6713_AIC23_setFreq
000021e0   ___TI_cpp_init
00002260   _c_int00
000022e0   __args_main
00002320   C$$EXIT
00002320   _abort
00002340   __IRQ_hookFetchPacket
00002360   ___etext__
00002360   __stack
00002360   etext
00002760   _B
00002760   __STACK_END
000027cc   _hCodec
000027d0   _config
000027f8   _filter
00002864   _index
00002868   _filterOut
0000286c   _error
00002870   _BA
000028dc   _mu
00002908   __IRQ_eventTable
0000298c   __IRQ_intTable
000029cc   __IRQ_dispatchTable
00002a04   __MCBSP_hDev0
00002a08   __MCBSP_hDev1
00002a54   __cleanup_ptr
00002a58   __dtors_ptr
00002a5c   ___TI_enable_exit_profile_output
00002a60   _DSK6713_AIC23_codeccontrolhandle
00002a64   _DSK6713_AIC23_codecdatahandle
00002a68   _DSK6713_version
00002a70   ___cinit__
00002a70   cinit
00002dac   _BL
ffffffff   ___TI_pprof_out_hndl
ffffffff   ___TI_prof_data_size
ffffffff   ___TI_prof_data_start
ffffffff   ___binit__
ffffffff   ___c_args__
ffffffff   ___pinit__
ffffffff   binit
ffffffff   pinit

[82 symbols]
