******************************************************************************
               TMS320C6x Linker PC v7.4.24                     
******************************************************************************
>> Linked Thu Nov 08 16:14:38 2018

OUTPUT FILE NAME:   <Lab2Part3.out>
ENTRY POINT SYMBOL: "_c_int00"  address: 000026a0


MEMORY CONFIGURATION

         name            origin    length      used     unused   attr    fill
----------------------  --------  ---------  --------  --------  ----  --------
  VECS                  00000000   00000200  00000200  00000000  RWIX
  IRAM                  00000200   0002fe00  0000310c  0002ccf4  RWIX
  L2RAM                 00030000   00010000  00000000  00010000  RWIX
  EMIFCE0               80000000   10000000  00000000  10000000  RWIX
  EMIFCE1               90000000   10000000  00000000  10000000  RWIX
  EMIFCE2               a0000000   10000000  00000000  10000000  RWIX
  EMIFCE3               b0000000   10000000  00000000  10000000  RWIX


SECTION ALLOCATION MAP

 output                                  attributes/
section   page    origin      length       input sections
--------  ----  ----------  ----------   ----------------
.pinit     0    00000200    00000000     UNINITIALIZED

vectors    0    00000000    00000200     
                  00000000    00000200     vectors.obj (vectors)

.bss       0    00000200    00000000     UNINITIALIZED

.data      0    00000200    00000000     UNINITIALIZED

.text      0    00000200    00002680     
                  00000200    000006c0     main.obj (.text)
                  000008c0    00000480     dsk6713bsl.lib : dsk6713.obj (.text)
                  00000d40    00000300     rts6700.lib : divf.obj (.text:__divf)
                  00001040    00000300     dsk6713bsl.lib : dsk6713_aic23_opencodec.obj (.text)
                  00001340    00000240     rts6700.lib : memcpy62.obj (.text:_memcpy)
                  00001580    00000240     main.obj (.text:retain)
                  000017c0    000001e0     dsk6713bsl.lib : dsk6713_led.obj (.text)
                  000019a0    000001c0     csl6713.lib : csl_irq.obj (.text:_IRQ_map)
                  00001b60    000001a0                 : csl_mcbsp.obj (.text:_MCBSP_reset)
                  00001d00    00000140     dsk6713bsl.lib : dsk6713_aic23_registers.obj (.text)
                  00001e40    00000100     csl6713.lib : csl_mcbsp.obj (.text:_MCBSP_open)
                  00001f40    00000100                 : csl_mcbsp.obj (.text:_MCBSP_start)
                  00002040    00000100     rts6700.lib : autoinit.obj (.text:__auto_init)
                  00002140    00000100                 : remi.obj (.text:__remi)
                  00002240    000000e0                 : strasg.obj (.text:__strasg)
                  00002320    000000e0                 : exit.obj (.text:_exit)
                  00002400    000000c0                 : cpy_tbl.obj (.text:_copy_in)
                  000024c0    000000c0     dsk6713bsl.lib : dsk6713_aic23_setfreq.obj (.text)
                  00002580    000000a0     csl6713.lib : csl_irq.obj (.text:_setMux)
                  00002620    00000080     rts6700.lib : cpp_init.obj (.text:___TI_cpp_init)
                  000026a0    00000080                 : boot.obj (.text:_c_int00)
                  00002720    00000040     csl6713.lib : csl_irq.obj (.text:_IRQ_enable)
                  00002760    00000040     rts6700.lib : args_main.obj (.text:__args_main)
                  000027a0    00000020     csl6713.lib : csl_irq.obj (.text:_IRQ_globalDisable)
                  000027c0    00000020                 : csl_irq.obj (.text:_IRQ_globalEnable)
                  000027e0    00000020                 : csl_irq.obj (.text:_IRQ_nmiEnable)
                  00002800    00000020                 : csl_mcbsp.obj (.text:_MCBSP_read)
                  00002820    00000020                 : csl_mcbsp.obj (.text:_MCBSP_write)
                  00002840    00000020     rts6700.lib : exit.obj (.text:_abort)
                  00002860    00000020     csl6713.lib : csl_irq.obj (.text)

.stack     0    00002880    00000400     UNINITIALIZED
                  00002880    00000008     rts6700.lib : boot.obj (.stack)
                  00002888    000003f8     --HOLE--

.far       0    00002c80    000002a0     UNINITIALIZED
                  00002c80    00000114     main.obj (.far)
                  00002d94    000000f4     csl6713.lib : csl_irq.obj (.far)
                  00002e88    00000038                 : csl_mcbsp.obj (.far)
                  00002ec0    00000028     dsk6713bsl.lib : dsk6713_aic23_registers.obj (.far)
                  00002ee8    00000020                    : dsk6713_aic23_setfreq.obj (.far)
                  00002f08    0000000c     rts6700.lib : exit.obj (.far)
                  00002f14    00000008     dsk6713bsl.lib : dsk6713_aic23_opencodec.obj (.far)
                  00002f1c    00000002                    : dsk6713.obj (.far)
                  00002f1e    00000002                    : dsk6713_led.obj (.far)

.cinit     0    00002f20    00000284     
                  00002f20    0000012c     csl6713.lib : csl_irq.obj (.cinit)
                  0000304c    00000004     --HOLE-- [fill = 0]
                  00003050    0000006c     main.obj (.cinit)
                  000030bc    00000004     --HOLE-- [fill = 0]
                  000030c0    00000054     csl6713.lib : csl_mcbsp.obj (.cinit)
                  00003114    00000004     --HOLE-- [fill = 0]
                  00003118    00000030     dsk6713bsl.lib : dsk6713_aic23_registers.obj (.cinit)
                  00003148    0000002c     rts6700.lib : exit.obj (.cinit)
                  00003174    00000004     --HOLE-- [fill = 0]
                  00003178    00000028     dsk6713bsl.lib : dsk6713_aic23_setfreq.obj (.cinit)
                  000031a0    00000004     --HOLE-- [fill = 0]

.const     0    000031a4    00000168     
                  000031a4    00000084     main.obj (.const:_DEN)
                  00003228    00000084     main.obj (.const:_NUM)
                  000032ac    00000040     dsk6713bsl.lib : dsk6713_aic23_opencodec.obj (.const)
                  000032ec    00000020                    : dsk6713.obj (.const)


GLOBAL SYMBOLS: SORTED ALPHABETICALLY BY Name 

address    name
--------   ----
00000200   $bss
00000200   .bss
00000200   .data
00000200   .text
00002840   C$$EXIT
000031a4   _DEN
00002f14   _DSK6713_AIC23_codeccontrolhandle
00002f18   _DSK6713_AIC23_codecdatahandle
00001dc0   _DSK6713_AIC23_config
00001040   _DSK6713_AIC23_openCodec
00001d98   _DSK6713_AIC23_rget
00001d00   _DSK6713_AIC23_rset
000024c0   _DSK6713_AIC23_setFreq
000017c0   _DSK6713_LED_init
00001800   _DSK6713_LED_off
00001870   _DSK6713_LED_on
000018e0   _DSK6713_LED_toggle
00000cd4   _DSK6713_getVersion
0000090c   _DSK6713_init
00000c28   _DSK6713_rget
00000c3c   _DSK6713_rset
00002f1c   _DSK6713_version
00000c50   _DSK6713_wait
00000ca8   _DSK6713_waitusec
00002720   _IRQ_enable
000027a0   _IRQ_globalDisable
000027c0   _IRQ_globalEnable
000019a0   _IRQ_map
000027e0   _IRQ_nmiEnable
00001e40   _MCBSP_open
00002800   _MCBSP_read
00001b60   _MCBSP_reset
00001f40   _MCBSP_start
00002820   _MCBSP_write
00003228   _NUM
00002e80   __IRQ_dispatchTable
00002dbc   __IRQ_eventTable
00002860   __IRQ_hookFetchPacket
00002e40   __IRQ_intTable
00002eb8   __MCBSP_hDev0
00002ebc   __MCBSP_hDev1
00002c80   __STACK_END
00000400   __STACK_SIZE
00000001   __TI_args_main
00002620   ___TI_cpp_init
00002f10   ___TI_enable_exit_profile_output
ffffffff   ___TI_pprof_out_hndl
ffffffff   ___TI_prof_data_size
ffffffff   ___TI_prof_data_start
ffffffff   ___binit__
00000200   ___bss__
ffffffff   ___c_args__
00002f20   ___cinit__
00000200   ___data__
00000200   ___edata__
00000200   ___end__
00002880   ___etext__
ffffffff   ___pinit__
00000200   ___text__
00002760   __args_main
00002040   __auto_init
00002140   __c6xabi_remi
00002f08   __cleanup_ptr
00000d40   __divf
00002f0c   __dtors_ptr
00002140   __remi
00002880   __stack
00002240   __strasg
00002840   _abort
00002d3c   _acoeffs
00002d00   _bcoeffs
000026a0   _c_int00
00002c84   _config
00002400   _copy_in
00002320   _exit
00000594   _filterGenerator
00002d90   _filterOut
00002ce8   _gain
00000200   _guillotine1
0000031c   _guillotine2
00002c80   _hCodec
00002d78   _index
00000408   _main
00001340   _memcpy
00001580   _serialPortRcvISR
00002d8c   _stageOut
00002cac   _tempOmega
ffffffff   binit
00002f20   cinit
00000200   edata
00000200   end
00002880   etext
ffffffff   pinit


GLOBAL SYMBOLS: SORTED BY Symbol Address 

address    name
--------   ----
00000001   __TI_args_main
00000200   $bss
00000200   .bss
00000200   .data
00000200   .text
00000200   ___bss__
00000200   ___data__
00000200   ___edata__
00000200   ___end__
00000200   ___text__
00000200   _guillotine1
00000200   edata
00000200   end
0000031c   _guillotine2
00000400   __STACK_SIZE
00000408   _main
00000594   _filterGenerator
0000090c   _DSK6713_init
00000c28   _DSK6713_rget
00000c3c   _DSK6713_rset
00000c50   _DSK6713_wait
00000ca8   _DSK6713_waitusec
00000cd4   _DSK6713_getVersion
00000d40   __divf
00001040   _DSK6713_AIC23_openCodec
00001340   _memcpy
00001580   _serialPortRcvISR
000017c0   _DSK6713_LED_init
00001800   _DSK6713_LED_off
00001870   _DSK6713_LED_on
000018e0   _DSK6713_LED_toggle
000019a0   _IRQ_map
00001b60   _MCBSP_reset
00001d00   _DSK6713_AIC23_rset
00001d98   _DSK6713_AIC23_rget
00001dc0   _DSK6713_AIC23_config
00001e40   _MCBSP_open
00001f40   _MCBSP_start
00002040   __auto_init
00002140   __c6xabi_remi
00002140   __remi
00002240   __strasg
00002320   _exit
00002400   _copy_in
000024c0   _DSK6713_AIC23_setFreq
00002620   ___TI_cpp_init
000026a0   _c_int00
00002720   _IRQ_enable
00002760   __args_main
000027a0   _IRQ_globalDisable
000027c0   _IRQ_globalEnable
000027e0   _IRQ_nmiEnable
00002800   _MCBSP_read
00002820   _MCBSP_write
00002840   C$$EXIT
00002840   _abort
00002860   __IRQ_hookFetchPacket
00002880   ___etext__
00002880   __stack
00002880   etext
00002c80   __STACK_END
00002c80   _hCodec
00002c84   _config
00002cac   _tempOmega
00002ce8   _gain
00002d00   _bcoeffs
00002d3c   _acoeffs
00002d78   _index
00002d8c   _stageOut
00002d90   _filterOut
00002dbc   __IRQ_eventTable
00002e40   __IRQ_intTable
00002e80   __IRQ_dispatchTable
00002eb8   __MCBSP_hDev0
00002ebc   __MCBSP_hDev1
00002f08   __cleanup_ptr
00002f0c   __dtors_ptr
00002f10   ___TI_enable_exit_profile_output
00002f14   _DSK6713_AIC23_codeccontrolhandle
00002f18   _DSK6713_AIC23_codecdatahandle
00002f1c   _DSK6713_version
00002f20   ___cinit__
00002f20   cinit
000031a4   _DEN
00003228   _NUM
ffffffff   ___TI_pprof_out_hndl
ffffffff   ___TI_prof_data_size
ffffffff   ___TI_prof_data_start
ffffffff   ___binit__
ffffffff   ___c_args__
ffffffff   ___pinit__
ffffffff   binit
ffffffff   pinit

[93 symbols]
