******************************************************************************
               TMS320C6x Linker PC v7.4.24                     
******************************************************************************
>> Linked Tue Dec 04 22:05:20 2018

OUTPUT FILE NAME:   <Lab5Part2.out>
ENTRY POINT SYMBOL: "_c_int00"  address: 0000aba0


MEMORY CONFIGURATION

         name            origin    length      used     unused   attr    fill
----------------------  --------  ---------  --------  --------  ----  --------
  VECS                  00000000   00000200  00000200  00000000  RWIX
  IRAM                  00000200   0002fe00  0000ca6c  00023394  RWIX
  L2RAM                 00030000   00010000  00000000  00010000  RWIX
  EMIFCE0               80000000   10000000  00000000  10000000  RWIX
  EMIFCE1               90000000   10000000  00000000  10000000  RWIX
  EMIFCE2               a0000000   10000000  00000000  10000000  RWIX
  EMIFCE3               b0000000   10000000  00000000  10000000  RWIX


SECTION ALLOCATION MAP

 output                                  attributes/
section   page    origin      length       input sections
--------  ----  ----------  ----------   ----------------
.pinit     0    00000200    00000000     UNINITIALIZED

vectors    0    00000000    00000200     
                  00000000    00000200     vectors.obj (vectors)

.bss       0    00000200    00000000     UNINITIALIZED

.data      0    00000200    00000000     UNINITIALIZED

.text      0    00000200    0000ad60     
                  00000200    00000920     main.obj (.text)
                  00000b20    00000720     rts6700.lib : divd.obj (.text:__divd)
                  00001240    000006c0                 : _printfi.obj (.text:__getarg_diouxp)
                  00001900    00000640                 : _printfi.obj (.text:__setfield)
                  00001f40    00000560                 : _printfi.obj (.text:__printfi)
                  000024a0    000004c0                 : fputs.obj (.text:_fputs)
                  00002960    00000480     dsk6713bsl.lib : dsk6713.obj (.text)
                  00002de0    00000420     rts6700.lib : _printfi.obj (.text:_fcvt)
                  00003200    00000400                 : _printfi.obj (.text:__pproc_fge)
                  00003600    00000400                 : _printfi.obj (.text:_ecvt)
                  00003a00    00000380                 : imath64.obj (.text:__divull)
                  00003d80    00000380                 : memory.obj (.text:_free)
                  00004100    00000360                 : _printfi.obj (.text:__pconv_e)
                  00004460    00000360                 : _printfi.obj (.text:__pproc_fwp)
                  000047c0    00000340                 : cos.obj (.text:_cos)
                  00004b00    00000300                 : _printfi.obj (.text:__pproc_diouxp)
                  00004e00    00000300     dsk6713bsl.lib : dsk6713_aic23_opencodec.obj (.text)
                  00005100    000002e0     rts6700.lib : sin.obj (.text:_sin)
                  000053e0    000002c0                 : _printfi.obj (.text:__pproc_str)
                  000056a0    000002c0                 : setvbuf.obj (.text:_setvbuf)
                  00005960    000002a0                 : _printfi.obj (.text:__pconv_g)
                  00005c00    000002a0                 : fputc.obj (.text:_fputc)
                  00005ea0    00000280     cfftr2_dit.obj (.text)
                  00006120    00000280     main.obj (.text:retain)
                  000063a0    00000260     rts6700.lib : imath40.obj (.text:__divul)
                  00006600    00000240                 : _printfi.obj (.text:__mcpy)
                  00006840    00000240                 : memory.obj (.text:_malloc)
                  00006a80    00000240                 : memcpy62.obj (.text:_memcpy)
                  00006cc0    00000220                 : trgdrv.obj (.text:_HOSTrename)
                  00006ee0    000001e0                 : lowlev.obj (.text:_getdevice)
                  000070c0    000001e0     dsk6713bsl.lib : dsk6713_led.obj (.text)
                  000072a0    000001c0     csl6713.lib : csl_irq.obj (.text:_IRQ_map)
                  00007460    000001c0     rts6700.lib : fseek.obj (.text:_fseek)
                  00007620    000001a0     csl6713.lib : csl_mcbsp.obj (.text:_MCBSP_reset)
                  000077c0    000001a0     rts6700.lib : _printfi.obj (.text:__ltostr)
                  00007960    000001a0                 : _printfi.obj (.text:__pproc_fflags)
                  00007b00    000001a0     bitrev.obj (.text)
                  00007ca0    00000160     rts6700.lib : trgdrv.obj (.text:_HOSTlseek)
                  00007e00    00000160                 : fclose.obj (.text:__closefile)
                  00007f60    00000160     digitrev_index.obj (.text)
                  000080c0    00000140     rts6700.lib : trgdrv.obj (.text:_HOSTread)
                  00008200    00000140                 : frcmpyd_div.obj (.text:__frcmpyd_div)
                  00008340    00000140                 : strasg.obj (.text:__strasgi)
                  00008480    00000140                 : atoi.obj (.text:_atoi)
                  000085c0    00000140                 : ltoa.obj (.text:_ltoa)
                  00008700    00000140     dsk6713bsl.lib : dsk6713_aic23_registers.obj (.text)
                  00008840    00000120     rts6700.lib : trgdrv.obj (.text:_HOSTopen)
                  00008960    00000120                 : trgdrv.obj (.text:_HOSTwrite)
                  00008a80    00000120                 : divi.obj (.text:__divi)
                  00008ba0    00000120                 : _io_perm.obj (.text:__wrt_ok)
                  00008cc0    00000120                 : lowlev.obj (.text:_close)
                  00008de0    00000120                 : memset.obj (.text:_memset)
                  00008f00    00000100                 : trgdrv.obj (.text:_HOSTclose)
                  00009000    00000100                 : trgdrv.obj (.text:_HOSTunlink)
                  00009100    00000100     csl6713.lib : csl_mcbsp.obj (.text:_MCBSP_open)
                  00009200    00000100                 : csl_mcbsp.obj (.text:_MCBSP_start)
                  00009300    00000100     rts6700.lib : autoinit.obj (.text:__auto_init)
                  00009400    00000100                 : _printfi.obj (.text:__div)
                  00009500    00000100                 : imath40.obj (.text:__divli)
                  00009600    00000100                 : _printfi.obj (.text:__pconv_f)
                  00009700    00000100                 : lowlev.obj (.text:_lseek)
                  00009800    00000100                 : printf.obj (.text:_printf)
                  00009900    00000100                 : lowlev.obj (.text:_write)
                  00009a00    000000e0                 : fopen.obj (.text:__cleanup)
                  00009ae0    000000e0                 : fflush.obj (.text:__doflush)
                  00009bc0    000000e0                 : _printfi.obj (.text:__ecpy)
                  00009ca0    000000e0                 : _printfi.obj (.text:__fcpy)
                  00009d80    000000e0                 : round.obj (.text:__nround)
                  00009e60    000000e0                 : strasg.obj (.text:__strasg)
                  00009f40    000000e0                 : exit.obj (.text:_exit)
                  0000a020    000000e0                 : memory.obj (.text:_minsert)
                  0000a100    000000e0                 : modf.obj (.text:_modf)
                  0000a1e0    000000e0                 : memory.obj (.text:_mremove)
                  0000a2c0    000000c0                 : divu.obj (.text:__divu)
                  0000a380    000000c0                 : cpy_tbl.obj (.text:_copy_in)
                  0000a440    000000c0                 : lowlev.obj (.text:_finddevice)
                  0000a500    000000c0     dsk6713bsl.lib : dsk6713_aic23_setfreq.obj (.text)
                  0000a5c0    000000a0     rts6700.lib : fixdli.obj (.text:__fixdli)
                  0000a660    000000a0                 : mpyll.obj (.text:__mpyll)
                  0000a700    000000a0                 : imath40.obj (.text:__remli)
                  0000a7a0    000000a0                 : trgmsg.obj (.text:_readmsg)
                  0000a840    000000a0     csl6713.lib : csl_irq.obj (.text:_setMux)
                  0000a8e0    000000a0     rts6700.lib : lowlev.obj (.text:_unlink)
                  0000a980    000000a0                 : trgmsg.obj (.text:_writemsg)
                  0000aa20    00000080                 : cpp_init.obj (.text:___TI_cpp_init)
                  0000aaa0    00000080                 : fltlid.obj (.text:__fltlid)
                  0000ab20    00000080                 : llshift.obj (.text:__llshl)
                  0000aba0    00000080                 : boot.obj (.text:_c_int00)
                  0000ac20    00000080                 : memccpy.obj (.text:_memccpy)
                  0000aca0    00000060                 : isinf.obj (.text:___isinf)
                  0000ad00    00000060                 : llshift.obj (.text:__llshru)
                  0000ad60    00000060                 : imath64.obj (.text:__subcull)
                  0000adc0    00000040                 : _printfi.obj (.text:___isnan)
                  0000ae00    00000040                 : args_main.obj (.text:__args_main)
                  0000ae40    00000040                 : trunc.obj (.text:__trunc)
                  0000ae80    00000020                 : negll.obj (.text:__negll)
                  0000aea0    00000020                 : _lock.obj (.text:__nop)
                  0000aec0    00000020                 : printf.obj (.text:__outc)
                  0000aee0    00000020                 : printf.obj (.text:__outs)
                  0000af00    00000020                 : exit.obj (.text:_abort)
                  0000af20    00000020                 : remove.obj (.text:_remove)
                  0000af40    00000020     csl6713.lib : csl_irq.obj (.text)

.far       0    0000af60    00000dc4     UNINITIALIZED
                  0000af60    0000075c     main.obj (.far)
                  0000b6bc    00000324     rts6700.lib : defs.obj (.far)
                  0000b9e0    0000011c                 : lowlev.obj (.far)
                  0000bafc    000000f4     csl6713.lib : csl_irq.obj (.far)
                  0000bbf0    00000040     rts6700.lib : cos.obj (.far)
                  0000bc30    00000040                 : sin.obj (.far)
                  0000bc70    00000038     csl6713.lib : csl_mcbsp.obj (.far)
                  0000bca8    00000028     dsk6713bsl.lib : dsk6713_aic23_registers.obj (.far)
                  0000bcd0    00000020                    : dsk6713_aic23_setfreq.obj (.far)
                  0000bcf0    0000000c     rts6700.lib : exit.obj (.far)
                  0000bcfc    00000008     dsk6713bsl.lib : dsk6713_aic23_opencodec.obj (.far)
                  0000bd04    00000008     rts6700.lib : _lock.obj (.far)
                  0000bd0c    00000008                 : memory.obj (.far)
                  0000bd14    00000008                 : trgdrv.obj (.far)
                  0000bd1c    00000004                 : fopen.obj (.far)
                  0000bd20    00000002     dsk6713bsl.lib : dsk6713.obj (.far)
                  0000bd22    00000002                    : dsk6713_led.obj (.far)

.cinit     0    0000bd28    00000454     
                  0000bd28    0000012c     csl6713.lib : csl_irq.obj (.cinit)
                  0000be54    00000004     --HOLE-- [fill = 0]
                  0000be58    0000008c     main.obj (.cinit)
                  0000bee4    00000004     --HOLE-- [fill = 0]
                  0000bee8    0000005c     rts6700.lib : defs.obj (.cinit)
                  0000bf44    00000004     --HOLE-- [fill = 0]
                  0000bf48    0000005c                 : lowlev.obj (.cinit)
                  0000bfa4    00000004     --HOLE-- [fill = 0]
                  0000bfa8    00000054     csl6713.lib : csl_mcbsp.obj (.cinit)
                  0000bffc    00000004     --HOLE-- [fill = 0]
                  0000c000    00000048     rts6700.lib : cos.obj (.cinit)
                  0000c048    00000048                 : sin.obj (.cinit)
                  0000c090    00000030     dsk6713bsl.lib : dsk6713_aic23_registers.obj (.cinit)
                  0000c0c0    0000002c     rts6700.lib : exit.obj (.cinit)
                  0000c0ec    00000004     --HOLE-- [fill = 0]
                  0000c0f0    0000002c                 : memory.obj (.cinit)
                  0000c11c    00000004     --HOLE-- [fill = 0]
                  0000c120    00000028     dsk6713bsl.lib : dsk6713_aic23_setfreq.obj (.cinit)
                  0000c148    0000001c     rts6700.lib : _lock.obj (.cinit)
                  0000c164    00000004     --HOLE-- [fill = 0]
                  0000c168    0000000c                 : fopen.obj (.cinit)
                  0000c174    00000004     --HOLE-- [fill = 0]
                  0000c178    00000004     (.pad.cinit) [fill = 0]

.stack     0    0000c180    00000400     UNINITIALIZED
                  0000c180    00000008     rts6700.lib : boot.obj (.stack)
                  0000c188    000003f8     --HOLE--

.sysmem    0    0000c580    00000400     UNINITIALIZED
                  0000c580    00000008     rts6700.lib : memory.obj (.sysmem)
                  0000c588    000003f8     --HOLE--

.const     0    0000c980    000001d4     
                  0000c980    00000101     rts6700.lib : ctype.obj (.const:.string:__ctypes_)
                  0000ca81    00000002                 : fputs.obj (.const:.string)
                  0000ca83    00000001     --HOLE-- [fill = 0]
                  0000ca84    00000040     dsk6713bsl.lib : dsk6713_aic23_opencodec.obj (.const)
                  0000cac4    0000002c     main.obj (.const:_B)
                  0000caf0    00000023     rts6700.lib : _printfi.obj (.const:.string)
                  0000cb13    00000001     --HOLE-- [fill = 0]
                  0000cb14    00000020     dsk6713bsl.lib : dsk6713.obj (.const)
                  0000cb34    0000001c     main.obj (.const:.string)
                  0000cb50    00000004     main.obj (.const)

.cio       0    0000cb54    00000120     UNINITIALIZED
                  0000cb54    00000120     rts6700.lib : trgmsg.obj (.cio)


GLOBAL SYMBOLS: SORTED ALPHABETICALLY BY Name 

address    name
--------   ----
00000200   $bss
00000200   .bss
00000200   .data
00000200   .text
0000af00   C$$EXIT
0000a9f8   C$$IO$$
0000cac4   _B
0000cb50   _BL
0000b120   _DELTA
0000bcfc   _DSK6713_AIC23_codeccontrolhandle
0000bd00   _DSK6713_AIC23_codecdatahandle
000087c0   _DSK6713_AIC23_config
00004e00   _DSK6713_AIC23_openCodec
00008798   _DSK6713_AIC23_rget
00008700   _DSK6713_AIC23_rset
0000a500   _DSK6713_AIC23_setFreq
000070c0   _DSK6713_LED_init
00007100   _DSK6713_LED_off
00007170   _DSK6713_LED_on
000071e0   _DSK6713_LED_toggle
00002d74   _DSK6713_getVersion
000029ac   _DSK6713_init
00002cc8   _DSK6713_rget
00002cdc   _DSK6713_rset
0000bd20   _DSK6713_version
00002cf0   _DSK6713_wait
00002d48   _DSK6713_waitusec
00008f00   _HOSTclose
00007ca0   _HOSTlseek
00008840   _HOSTopen
000080c0   _HOSTread
00006cc0   _HOSTrename
00009000   _HOSTunlink
00008960   _HOSTwrite
000072a0   _IRQ_map
00009100   _MCBSP_open
00007620   _MCBSP_reset
00009200   _MCBSP_start
0000cb54   __CIOBUF_
0000bbe8   __IRQ_dispatchTable
0000bb24   __IRQ_eventTable
0000af40   __IRQ_hookFetchPacket
0000bba8   __IRQ_intTable
0000bca0   __MCBSP_hDev0
0000bca4   __MCBSP_hDev1
0000c580   __STACK_END
00000400   __STACK_SIZE
00000400   __SYSMEM_SIZE
00000001   __TI_args_main
0000aa20   ___TI_cpp_init
0000bcf8   ___TI_enable_exit_profile_output
ffffffff   ___TI_pprof_out_hndl
ffffffff   ___TI_prof_data_size
ffffffff   ___TI_prof_data_start
ffffffff   ___binit__
00000200   ___bss__
ffffffff   ___c_args__
0000bd28   ___cinit__
00000200   ___data__
00000200   ___edata__
00000200   ___end__
0000af60   ___etext__
0000aca0   ___isinf
ffffffff   ___pinit__
00000200   ___text__
0000ae00   __args_main
00009300   __auto_init
00008a80   __c6xabi_divi
0000a2c0   __c6xabi_divu
00008340   __c6xabi_strasgi
00009a00   __cleanup
0000bcf0   __cleanup_ptr
00007e00   __closefile
0000c980   __ctypes_
00000b20   __divd
00008a80   __divi
00009500   __divli
0000a2c0   __divu
000063a0   __divul
00003a00   __divull
00009ae0   __doflush
0000bcf4   __dtors_ptr
0000a5c0   __fixdli
0000aaa0   __fltlid
00008200   __frcmpyd_div
0000b9dc   __ft_end
0000b6bc   __ftable
0000ab20   __llshl
0000ad00   __llshru
0000bd04   __lock
0000a660   __mpyll
0000ae80   __negll
0000aea0   __nop
00009d80   __nround
00001f40   __printfi
0000a700   __remli
0000c180   __stack
00009e60   __strasg
00008340   __strasgi
0000ad60   __subcull
0000c580   __sys_memory
0000b89c   __tmpnams
0000ae40   __trunc
0000bd08   __unlock
00008ba0   __wrt_ok
0000af00   _abort
0000b4bc   _app
00008480   _atoi
00007b00   _bitrev
0000aba0   _c_int00
00005ea0   _cfftr2_dit
00008cc0   _close
0000af64   _config
0000a380   _copy_in
000047c0   _cos
00007f60   _digitrev_index
00009f40   _exit
00005c00   _fputc
000024a0   _fputs
00003d80   _free
00007460   _fseek
0000af8c   _globalIndex
0000b020   _h
0000af60   _hCodec
0000b204   _i
0000b184   _iapp
0000b144   _ih
0000b1c4   _iprod
0000b124   _iw
00009700   _lseek
000085c0   _ltoa
00000270   _main
00006840   _malloc
0000ac20   _memccpy
00006a80   _memcpy
00008de0   _memset
0000a100   _modf
0000b208   _n
0000af91   _pingActive
0000b20c   _pingIn
0000b36c   _pingInZ
0000b40c   _pingOut
0000b2bc   _pongIn
0000b3bc   _pongInZ
0000b464   _pongOut
00009800   _printf
0000b5bc   _prodRes
00005c00   _putc
0000a7a0   _readmsg
0000af20   _remove
00006120   _serialPortRcvISR
000056a0   _setvbuf
00005100   _sin
0000af90   _switchBuffer
0000a8e0   _unlink
0000af98   _w
00009900   _write
0000a980   _writemsg
0000af92   _xxx
0000b018   _yyy
ffffffff   binit
0000bd28   cinit
00000200   edata
00000200   end
0000af60   etext
ffffffff   pinit


GLOBAL SYMBOLS: SORTED BY Symbol Address 

address    name
--------   ----
00000001   __TI_args_main
00000200   $bss
00000200   .bss
00000200   .data
00000200   .text
00000200   ___bss__
00000200   ___data__
00000200   ___edata__
00000200   ___end__
00000200   ___text__
00000200   edata
00000200   end
00000270   _main
00000400   __STACK_SIZE
00000400   __SYSMEM_SIZE
00000b20   __divd
00001f40   __printfi
000024a0   _fputs
000029ac   _DSK6713_init
00002cc8   _DSK6713_rget
00002cdc   _DSK6713_rset
00002cf0   _DSK6713_wait
00002d48   _DSK6713_waitusec
00002d74   _DSK6713_getVersion
00003a00   __divull
00003d80   _free
000047c0   _cos
00004e00   _DSK6713_AIC23_openCodec
00005100   _sin
000056a0   _setvbuf
00005c00   _fputc
00005c00   _putc
00005ea0   _cfftr2_dit
00006120   _serialPortRcvISR
000063a0   __divul
00006840   _malloc
00006a80   _memcpy
00006cc0   _HOSTrename
000070c0   _DSK6713_LED_init
00007100   _DSK6713_LED_off
00007170   _DSK6713_LED_on
000071e0   _DSK6713_LED_toggle
000072a0   _IRQ_map
00007460   _fseek
00007620   _MCBSP_reset
00007b00   _bitrev
00007ca0   _HOSTlseek
00007e00   __closefile
00007f60   _digitrev_index
000080c0   _HOSTread
00008200   __frcmpyd_div
00008340   __c6xabi_strasgi
00008340   __strasgi
00008480   _atoi
000085c0   _ltoa
00008700   _DSK6713_AIC23_rset
00008798   _DSK6713_AIC23_rget
000087c0   _DSK6713_AIC23_config
00008840   _HOSTopen
00008960   _HOSTwrite
00008a80   __c6xabi_divi
00008a80   __divi
00008ba0   __wrt_ok
00008cc0   _close
00008de0   _memset
00008f00   _HOSTclose
00009000   _HOSTunlink
00009100   _MCBSP_open
00009200   _MCBSP_start
00009300   __auto_init
00009500   __divli
00009700   _lseek
00009800   _printf
00009900   _write
00009a00   __cleanup
00009ae0   __doflush
00009d80   __nround
00009e60   __strasg
00009f40   _exit
0000a100   _modf
0000a2c0   __c6xabi_divu
0000a2c0   __divu
0000a380   _copy_in
0000a500   _DSK6713_AIC23_setFreq
0000a5c0   __fixdli
0000a660   __mpyll
0000a700   __remli
0000a7a0   _readmsg
0000a8e0   _unlink
0000a980   _writemsg
0000a9f8   C$$IO$$
0000aa20   ___TI_cpp_init
0000aaa0   __fltlid
0000ab20   __llshl
0000aba0   _c_int00
0000ac20   _memccpy
0000aca0   ___isinf
0000ad00   __llshru
0000ad60   __subcull
0000ae00   __args_main
0000ae40   __trunc
0000ae80   __negll
0000aea0   __nop
0000af00   C$$EXIT
0000af00   _abort
0000af20   _remove
0000af40   __IRQ_hookFetchPacket
0000af60   ___etext__
0000af60   _hCodec
0000af60   etext
0000af64   _config
0000af8c   _globalIndex
0000af90   _switchBuffer
0000af91   _pingActive
0000af92   _xxx
0000af98   _w
0000b018   _yyy
0000b020   _h
0000b120   _DELTA
0000b124   _iw
0000b144   _ih
0000b184   _iapp
0000b1c4   _iprod
0000b204   _i
0000b208   _n
0000b20c   _pingIn
0000b2bc   _pongIn
0000b36c   _pingInZ
0000b3bc   _pongInZ
0000b40c   _pingOut
0000b464   _pongOut
0000b4bc   _app
0000b5bc   _prodRes
0000b6bc   __ftable
0000b89c   __tmpnams
0000b9dc   __ft_end
0000bb24   __IRQ_eventTable
0000bba8   __IRQ_intTable
0000bbe8   __IRQ_dispatchTable
0000bca0   __MCBSP_hDev0
0000bca4   __MCBSP_hDev1
0000bcf0   __cleanup_ptr
0000bcf4   __dtors_ptr
0000bcf8   ___TI_enable_exit_profile_output
0000bcfc   _DSK6713_AIC23_codeccontrolhandle
0000bd00   _DSK6713_AIC23_codecdatahandle
0000bd04   __lock
0000bd08   __unlock
0000bd20   _DSK6713_version
0000bd28   ___cinit__
0000bd28   cinit
0000c180   __stack
0000c580   __STACK_END
0000c580   __sys_memory
0000c980   __ctypes_
0000cac4   _B
0000cb50   _BL
0000cb54   __CIOBUF_
ffffffff   ___TI_pprof_out_hndl
ffffffff   ___TI_prof_data_size
ffffffff   ___TI_prof_data_start
ffffffff   ___binit__
ffffffff   ___c_args__
ffffffff   ___pinit__
ffffffff   binit
ffffffff   pinit

[166 symbols]
