******************************************************************************
               TMS320C6x Linker PC v7.4.24                     
******************************************************************************
>> Linked Thu Dec 06 15:40:39 2018

OUTPUT FILE NAME:   <Lab5Part2.out>
ENTRY POINT SYMBOL: "_c_int00"  address: 0000b140


MEMORY CONFIGURATION

         name            origin    length      used     unused   attr    fill
----------------------  --------  ---------  --------  --------  ----  --------
  VECS                  00000000   00000200  00000200  00000000  RWIX
  IRAM                  00000200   0002fe00  0000eae4  0002131c  RWIX
  L2RAM                 00030000   00010000  00000000  00010000  RWIX
  EMIFCE0               80000000   10000000  00000000  10000000  RWIX
  EMIFCE1               90000000   10000000  00000000  10000000  RWIX
  EMIFCE2               a0000000   10000000  00000000  10000000  RWIX
  EMIFCE3               b0000000   10000000  00000000  10000000  RWIX


SECTION ALLOCATION MAP

 output                                  attributes/
section   page    origin      length       input sections
--------  ----  ----------  ----------   ----------------
.pinit     0    00000200    00000000     UNINITIALIZED

vectors    0    00000000    00000200     
                  00000000    00000200     vectors.obj (vectors)

.bss       0    00000200    00000000     UNINITIALIZED

.data      0    00000200    00000000     UNINITIALIZED

.text      0    00000200    0000b300     
                  00000200    00000ea0     main.obj (.text)
                  000010a0    00000720     rts6700.lib : divd.obj (.text:__divd)
                  000017c0    000006c0                 : _printfi.obj (.text:__getarg_diouxp)
                  00001e80    00000640                 : _printfi.obj (.text:__setfield)
                  000024c0    00000560                 : _printfi.obj (.text:__printfi)
                  00002a20    000004c0                 : fputs.obj (.text:_fputs)
                  00002ee0    00000480     dsk6713bsl.lib : dsk6713.obj (.text)
                  00003360    00000420     rts6700.lib : _printfi.obj (.text:_fcvt)
                  00003780    00000400                 : _printfi.obj (.text:__pproc_fge)
                  00003b80    00000400                 : _printfi.obj (.text:_ecvt)
                  00003f80    00000380                 : imath64.obj (.text:__divull)
                  00004300    00000380                 : memory.obj (.text:_free)
                  00004680    00000360                 : _printfi.obj (.text:__pconv_e)
                  000049e0    00000360                 : _printfi.obj (.text:__pproc_fwp)
                  00004d40    00000340                 : cos.obj (.text:_cos)
                  00005080    00000300                 : _printfi.obj (.text:__pproc_diouxp)
                  00005380    00000300     dsk6713bsl.lib : dsk6713_aic23_opencodec.obj (.text)
                  00005680    000002e0     rts6700.lib : sin.obj (.text:_sin)
                  00005960    000002c0                 : _printfi.obj (.text:__pproc_str)
                  00005c20    000002c0                 : setvbuf.obj (.text:_setvbuf)
                  00005ee0    000002a0                 : _printfi.obj (.text:__pconv_g)
                  00006180    000002a0                 : fputc.obj (.text:_fputc)
                  00006420    000002a0     main.obj (.text:retain)
                  000066c0    00000280     cfftr2_dit.obj (.text)
                  00006940    00000260     rts6700.lib : imath40.obj (.text:__divul)
                  00006ba0    00000240                 : _printfi.obj (.text:__mcpy)
                  00006de0    00000240                 : memory.obj (.text:_malloc)
                  00007020    00000240                 : memcpy62.obj (.text:_memcpy)
                  00007260    00000220                 : trgdrv.obj (.text:_HOSTrename)
                  00007480    000001e0                 : lowlev.obj (.text:_getdevice)
                  00007660    000001e0     dsk6713bsl.lib : dsk6713_led.obj (.text)
                  00007840    000001c0     csl6713.lib : csl_irq.obj (.text:_IRQ_map)
                  00007a00    000001c0     rts6700.lib : fseek.obj (.text:_fseek)
                  00007bc0    000001a0     csl6713.lib : csl_mcbsp.obj (.text:_MCBSP_reset)
                  00007d60    000001a0     rts6700.lib : _printfi.obj (.text:__ltostr)
                  00007f00    000001a0                 : _printfi.obj (.text:__pproc_fflags)
                  000080a0    000001a0     bitrev.obj (.text)
                  00008240    00000160     rts6700.lib : trgdrv.obj (.text:_HOSTlseek)
                  000083a0    00000160                 : fclose.obj (.text:__closefile)
                  00008500    00000160     digitrev_index.obj (.text)
                  00008660    00000140     rts6700.lib : trgdrv.obj (.text:_HOSTread)
                  000087a0    00000140                 : frcmpyd_div.obj (.text:__frcmpyd_div)
                  000088e0    00000140                 : strasg.obj (.text:__strasgi)
                  00008a20    00000140                 : atoi.obj (.text:_atoi)
                  00008b60    00000140                 : ltoa.obj (.text:_ltoa)
                  00008ca0    00000140     dsk6713bsl.lib : dsk6713_aic23_registers.obj (.text)
                  00008de0    00000120     rts6700.lib : trgdrv.obj (.text:_HOSTopen)
                  00008f00    00000120                 : trgdrv.obj (.text:_HOSTwrite)
                  00009020    00000120                 : divi.obj (.text:__divi)
                  00009140    00000120                 : _io_perm.obj (.text:__wrt_ok)
                  00009260    00000120                 : lowlev.obj (.text:_close)
                  00009380    00000120                 : memset.obj (.text:_memset)
                  000094a0    00000100                 : trgdrv.obj (.text:_HOSTclose)
                  000095a0    00000100                 : trgdrv.obj (.text:_HOSTunlink)
                  000096a0    00000100     csl6713.lib : csl_mcbsp.obj (.text:_MCBSP_open)
                  000097a0    00000100                 : csl_mcbsp.obj (.text:_MCBSP_start)
                  000098a0    00000100     rts6700.lib : autoinit.obj (.text:__auto_init)
                  000099a0    00000100                 : _printfi.obj (.text:__div)
                  00009aa0    00000100                 : imath40.obj (.text:__divli)
                  00009ba0    00000100                 : _printfi.obj (.text:__pconv_f)
                  00009ca0    00000100                 : lowlev.obj (.text:_lseek)
                  00009da0    00000100                 : printf.obj (.text:_printf)
                  00009ea0    00000100                 : lowlev.obj (.text:_write)
                  00009fa0    000000e0                 : fopen.obj (.text:__cleanup)
                  0000a080    000000e0                 : fflush.obj (.text:__doflush)
                  0000a160    000000e0                 : _printfi.obj (.text:__ecpy)
                  0000a240    000000e0                 : _printfi.obj (.text:__fcpy)
                  0000a320    000000e0                 : round.obj (.text:__nround)
                  0000a400    000000e0                 : strasg.obj (.text:__strasg)
                  0000a4e0    000000e0                 : exit.obj (.text:_exit)
                  0000a5c0    000000e0                 : memory.obj (.text:_minsert)
                  0000a6a0    000000e0                 : modf.obj (.text:_modf)
                  0000a780    000000e0                 : memory.obj (.text:_mremove)
                  0000a860    000000c0                 : divu.obj (.text:__divu)
                  0000a920    000000c0                 : cpy_tbl.obj (.text:_copy_in)
                  0000a9e0    000000c0                 : lowlev.obj (.text:_finddevice)
                  0000aaa0    000000c0     dsk6713bsl.lib : dsk6713_aic23_setfreq.obj (.text)
                  0000ab60    000000a0     rts6700.lib : fixdli.obj (.text:__fixdli)
                  0000ac00    000000a0                 : mpyll.obj (.text:__mpyll)
                  0000aca0    000000a0                 : imath40.obj (.text:__remli)
                  0000ad40    000000a0                 : trgmsg.obj (.text:_readmsg)
                  0000ade0    000000a0     csl6713.lib : csl_irq.obj (.text:_setMux)
                  0000ae80    000000a0     rts6700.lib : lowlev.obj (.text:_unlink)
                  0000af20    000000a0                 : trgmsg.obj (.text:_writemsg)
                  0000afc0    00000080                 : cpp_init.obj (.text:___TI_cpp_init)
                  0000b040    00000080                 : fltlid.obj (.text:__fltlid)
                  0000b0c0    00000080                 : llshift.obj (.text:__llshl)
                  0000b140    00000080                 : boot.obj (.text:_c_int00)
                  0000b1c0    00000080                 : memccpy.obj (.text:_memccpy)
                  0000b240    00000060                 : isinf.obj (.text:___isinf)
                  0000b2a0    00000060                 : llshift.obj (.text:__llshru)
                  0000b300    00000060                 : imath64.obj (.text:__subcull)
                  0000b360    00000040                 : _printfi.obj (.text:___isnan)
                  0000b3a0    00000040                 : args_main.obj (.text:__args_main)
                  0000b3e0    00000040                 : trunc.obj (.text:__trunc)
                  0000b420    00000020                 : negll.obj (.text:__negll)
                  0000b440    00000020                 : _lock.obj (.text:__nop)
                  0000b460    00000020                 : printf.obj (.text:__outc)
                  0000b480    00000020                 : printf.obj (.text:__outs)
                  0000b4a0    00000020                 : exit.obj (.text:_abort)
                  0000b4c0    00000020                 : remove.obj (.text:_remove)
                  0000b4e0    00000020     csl6713.lib : csl_irq.obj (.text)

.far       0    0000b500    00002820     UNINITIALIZED
                  0000b500    000021b8     main.obj (.far)
                  0000d6b8    00000324     rts6700.lib : defs.obj (.far)
                  0000d9dc    0000011c                 : lowlev.obj (.far)
                  0000daf8    000000f4     csl6713.lib : csl_irq.obj (.far)
                  0000dbec    00000004     rts6700.lib : fopen.obj (.far)
                  0000dbf0    00000040                 : cos.obj (.far)
                  0000dc30    00000040                 : sin.obj (.far)
                  0000dc70    00000038     csl6713.lib : csl_mcbsp.obj (.far)
                  0000dca8    00000028     dsk6713bsl.lib : dsk6713_aic23_registers.obj (.far)
                  0000dcd0    00000020                    : dsk6713_aic23_setfreq.obj (.far)
                  0000dcf0    0000000c     rts6700.lib : exit.obj (.far)
                  0000dcfc    00000008     dsk6713bsl.lib : dsk6713_aic23_opencodec.obj (.far)
                  0000dd04    00000008     rts6700.lib : _lock.obj (.far)
                  0000dd0c    00000008                 : memory.obj (.far)
                  0000dd14    00000008                 : trgdrv.obj (.far)
                  0000dd1c    00000002     dsk6713bsl.lib : dsk6713.obj (.far)
                  0000dd1e    00000002                    : dsk6713_led.obj (.far)

.cinit     0    0000dd20    00000434     
                  0000dd20    0000012c     csl6713.lib : csl_irq.obj (.cinit)
                  0000de4c    00000004     --HOLE-- [fill = 0]
                  0000de50    0000006c     main.obj (.cinit)
                  0000debc    00000004     --HOLE-- [fill = 0]
                  0000dec0    0000005c     rts6700.lib : defs.obj (.cinit)
                  0000df1c    00000004     --HOLE-- [fill = 0]
                  0000df20    0000005c                 : lowlev.obj (.cinit)
                  0000df7c    00000004     --HOLE-- [fill = 0]
                  0000df80    00000054     csl6713.lib : csl_mcbsp.obj (.cinit)
                  0000dfd4    00000004     --HOLE-- [fill = 0]
                  0000dfd8    00000048     rts6700.lib : cos.obj (.cinit)
                  0000e020    00000048                 : sin.obj (.cinit)
                  0000e068    00000030     dsk6713bsl.lib : dsk6713_aic23_registers.obj (.cinit)
                  0000e098    0000002c     rts6700.lib : exit.obj (.cinit)
                  0000e0c4    00000004     --HOLE-- [fill = 0]
                  0000e0c8    0000002c                 : memory.obj (.cinit)
                  0000e0f4    00000004     --HOLE-- [fill = 0]
                  0000e0f8    00000028     dsk6713bsl.lib : dsk6713_aic23_setfreq.obj (.cinit)
                  0000e120    0000001c     rts6700.lib : _lock.obj (.cinit)
                  0000e13c    00000004     --HOLE-- [fill = 0]
                  0000e140    0000000c                 : fopen.obj (.cinit)
                  0000e14c    00000004     --HOLE-- [fill = 0]
                  0000e150    00000004     (.pad.cinit) [fill = 0]

.stack     0    0000e158    00000400     UNINITIALIZED
                  0000e158    00000008     rts6700.lib : boot.obj (.stack)
                  0000e160    000003f8     --HOLE--

.sysmem    0    0000e558    00000400     UNINITIALIZED
                  0000e558    00000008     rts6700.lib : memory.obj (.sysmem)
                  0000e560    000003f8     --HOLE--

.const     0    0000e958    00000270     
                  0000e958    00000101     rts6700.lib : ctype.obj (.const:.string:__ctypes_)
                  0000ea59    00000002                 : fputs.obj (.const:.string)
                  0000ea5b    00000001     --HOLE-- [fill = 0]
                  0000ea5c    000000c8     main.obj (.const:_B)
                  0000eb24    00000040     dsk6713bsl.lib : dsk6713_aic23_opencodec.obj (.const)
                  0000eb64    00000023     rts6700.lib : _printfi.obj (.const:.string)
                  0000eb87    00000001     --HOLE-- [fill = 0]
                  0000eb88    00000020     dsk6713bsl.lib : dsk6713.obj (.const)
                  0000eba8    0000001c     main.obj (.const:.string)
                  0000ebc4    00000004     main.obj (.const)

.cio       0    0000ebc8    00000120     UNINITIALIZED
                  0000ebc8    00000120     rts6700.lib : trgmsg.obj (.cio)


GLOBAL SYMBOLS: SORTED ALPHABETICALLY BY Name 

address    name
--------   ----
00000200   $bss
00000200   .bss
00000200   .data
00000200   .text
0000b4a0   C$$EXIT
0000af98   C$$IO$$
0000ea5c   _B
0000ebc4   _BL
0000bd38   _DELTA
0000dcfc   _DSK6713_AIC23_codeccontrolhandle
0000dd00   _DSK6713_AIC23_codecdatahandle
00008d60   _DSK6713_AIC23_config
00005380   _DSK6713_AIC23_openCodec
00008d38   _DSK6713_AIC23_rget
00008ca0   _DSK6713_AIC23_rset
0000aaa0   _DSK6713_AIC23_setFreq
00007660   _DSK6713_LED_init
000076a0   _DSK6713_LED_off
00007710   _DSK6713_LED_on
00007780   _DSK6713_LED_toggle
000032f4   _DSK6713_getVersion
00002f2c   _DSK6713_init
00003248   _DSK6713_rget
0000325c   _DSK6713_rset
0000dd1c   _DSK6713_version
00003270   _DSK6713_wait
000032c8   _DSK6713_waitusec
000094a0   _HOSTclose
00008240   _HOSTlseek
00008de0   _HOSTopen
00008660   _HOSTread
00007260   _HOSTrename
000095a0   _HOSTunlink
00008f00   _HOSTwrite
00007840   _IRQ_map
000096a0   _MCBSP_open
00007bc0   _MCBSP_reset
000097a0   _MCBSP_start
0000ebc8   __CIOBUF_
0000dbe4   __IRQ_dispatchTable
0000db20   __IRQ_eventTable
0000b4e0   __IRQ_hookFetchPacket
0000dba4   __IRQ_intTable
0000dca0   __MCBSP_hDev0
0000dca4   __MCBSP_hDev1
0000e558   __STACK_END
00000400   __STACK_SIZE
00000400   __SYSMEM_SIZE
00000001   __TI_args_main
0000afc0   ___TI_cpp_init
0000dcf8   ___TI_enable_exit_profile_output
ffffffff   ___TI_pprof_out_hndl
ffffffff   ___TI_prof_data_size
ffffffff   ___TI_prof_data_start
ffffffff   ___binit__
00000200   ___bss__
ffffffff   ___c_args__
0000dd20   ___cinit__
00000200   ___data__
00000200   ___edata__
00000200   ___end__
0000b500   ___etext__
0000b240   ___isinf
ffffffff   ___pinit__
00000200   ___text__
0000b3a0   __args_main
000098a0   __auto_init
00009020   __c6xabi_divi
0000a860   __c6xabi_divu
000088e0   __c6xabi_strasgi
00009fa0   __cleanup
0000dcf0   __cleanup_ptr
000083a0   __closefile
0000e958   __ctypes_
000010a0   __divd
00009020   __divi
00009aa0   __divli
0000a860   __divu
00006940   __divul
00003f80   __divull
0000a080   __doflush
0000dcf4   __dtors_ptr
0000ab60   __fixdli
0000b040   __fltlid
000087a0   __frcmpyd_div
0000d9d8   __ft_end
0000d6b8   __ftable
0000b0c0   __llshl
0000b2a0   __llshru
0000dd04   __lock
0000ac00   __mpyll
0000b420   __negll
0000b440   __nop
0000a320   __nround
000024c0   __printfi
0000aca0   __remli
0000e158   __stack
0000a400   __strasg
000088e0   __strasgi
0000b300   __subcull
0000e558   __sys_memory
0000d898   __tmpnams
0000b3e0   __trunc
0000dd08   __unlock
00009140   __wrt_ok
0000b4a0   _abort
0000ceb8   _app
00008a20   _atoi
000080a0   _bitrev
0000b140   _c_int00
000066c0   _cfftr2_dit
00009260   _close
0000b504   _config
0000a920   _copy_in
00004d40   _cos
00008500   _digitrev_index
0000a4e0   _exit
00006180   _fputc
00002a20   _fputs
00004300   _free
00007a00   _fseek
0000b52c   _globalIndex
0000b938   _h
0000b500   _hCodec
0000c1bc   _i
0000bebc   _iapp
0000bdbc   _ih
0000bfbc   _iprod
0000bd3c   _iw
0000c0bc   _ix
00009ca0   _lseek
00008b60   _ltoa
000002bc   _main
00006de0   _malloc
0000b1c0   _memccpy
00007020   _memcpy
00009380   _memset
0000a6a0   _modf
0000c1c0   _n
0000b534   _pingActive
0000c1c8   _pingIn
0000c6b8   _pingInZ
0000c9c8   _pingOut
0000c440   _pongIn
0000c840   _pongInZ
0000cc40   _pongOut
00009da0   _printf
0000d2b8   _prodRes
00006180   _putc
0000ad40   _readmsg
0000b4c0   _remove
00006420   _serialPortRcvISR
00005c20   _setvbuf
00005680   _sin
0000b530   _switchBuffer
0000ae80   _unlink
0000b538   _w
0000b738   _w_conj
00009ea0   _write
0000af20   _writemsg
ffffffff   binit
0000dd20   cinit
00000200   edata
00000200   end
0000b500   etext
ffffffff   pinit


GLOBAL SYMBOLS: SORTED BY Symbol Address 

address    name
--------   ----
00000001   __TI_args_main
00000200   $bss
00000200   .bss
00000200   .data
00000200   .text
00000200   ___bss__
00000200   ___data__
00000200   ___edata__
00000200   ___end__
00000200   ___text__
00000200   edata
00000200   end
000002bc   _main
00000400   __STACK_SIZE
00000400   __SYSMEM_SIZE
000010a0   __divd
000024c0   __printfi
00002a20   _fputs
00002f2c   _DSK6713_init
00003248   _DSK6713_rget
0000325c   _DSK6713_rset
00003270   _DSK6713_wait
000032c8   _DSK6713_waitusec
000032f4   _DSK6713_getVersion
00003f80   __divull
00004300   _free
00004d40   _cos
00005380   _DSK6713_AIC23_openCodec
00005680   _sin
00005c20   _setvbuf
00006180   _fputc
00006180   _putc
00006420   _serialPortRcvISR
000066c0   _cfftr2_dit
00006940   __divul
00006de0   _malloc
00007020   _memcpy
00007260   _HOSTrename
00007660   _DSK6713_LED_init
000076a0   _DSK6713_LED_off
00007710   _DSK6713_LED_on
00007780   _DSK6713_LED_toggle
00007840   _IRQ_map
00007a00   _fseek
00007bc0   _MCBSP_reset
000080a0   _bitrev
00008240   _HOSTlseek
000083a0   __closefile
00008500   _digitrev_index
00008660   _HOSTread
000087a0   __frcmpyd_div
000088e0   __c6xabi_strasgi
000088e0   __strasgi
00008a20   _atoi
00008b60   _ltoa
00008ca0   _DSK6713_AIC23_rset
00008d38   _DSK6713_AIC23_rget
00008d60   _DSK6713_AIC23_config
00008de0   _HOSTopen
00008f00   _HOSTwrite
00009020   __c6xabi_divi
00009020   __divi
00009140   __wrt_ok
00009260   _close
00009380   _memset
000094a0   _HOSTclose
000095a0   _HOSTunlink
000096a0   _MCBSP_open
000097a0   _MCBSP_start
000098a0   __auto_init
00009aa0   __divli
00009ca0   _lseek
00009da0   _printf
00009ea0   _write
00009fa0   __cleanup
0000a080   __doflush
0000a320   __nround
0000a400   __strasg
0000a4e0   _exit
0000a6a0   _modf
0000a860   __c6xabi_divu
0000a860   __divu
0000a920   _copy_in
0000aaa0   _DSK6713_AIC23_setFreq
0000ab60   __fixdli
0000ac00   __mpyll
0000aca0   __remli
0000ad40   _readmsg
0000ae80   _unlink
0000af20   _writemsg
0000af98   C$$IO$$
0000afc0   ___TI_cpp_init
0000b040   __fltlid
0000b0c0   __llshl
0000b140   _c_int00
0000b1c0   _memccpy
0000b240   ___isinf
0000b2a0   __llshru
0000b300   __subcull
0000b3a0   __args_main
0000b3e0   __trunc
0000b420   __negll
0000b440   __nop
0000b4a0   C$$EXIT
0000b4a0   _abort
0000b4c0   _remove
0000b4e0   __IRQ_hookFetchPacket
0000b500   ___etext__
0000b500   _hCodec
0000b500   etext
0000b504   _config
0000b52c   _globalIndex
0000b530   _switchBuffer
0000b534   _pingActive
0000b538   _w
0000b738   _w_conj
0000b938   _h
0000bd38   _DELTA
0000bd3c   _iw
0000bdbc   _ih
0000bebc   _iapp
0000bfbc   _iprod
0000c0bc   _ix
0000c1bc   _i
0000c1c0   _n
0000c1c8   _pingIn
0000c440   _pongIn
0000c6b8   _pingInZ
0000c840   _pongInZ
0000c9c8   _pingOut
0000cc40   _pongOut
0000ceb8   _app
0000d2b8   _prodRes
0000d6b8   __ftable
0000d898   __tmpnams
0000d9d8   __ft_end
0000db20   __IRQ_eventTable
0000dba4   __IRQ_intTable
0000dbe4   __IRQ_dispatchTable
0000dca0   __MCBSP_hDev0
0000dca4   __MCBSP_hDev1
0000dcf0   __cleanup_ptr
0000dcf4   __dtors_ptr
0000dcf8   ___TI_enable_exit_profile_output
0000dcfc   _DSK6713_AIC23_codeccontrolhandle
0000dd00   _DSK6713_AIC23_codecdatahandle
0000dd04   __lock
0000dd08   __unlock
0000dd1c   _DSK6713_version
0000dd20   ___cinit__
0000dd20   cinit
0000e158   __stack
0000e558   __STACK_END
0000e558   __sys_memory
0000e958   __ctypes_
0000ea5c   _B
0000ebc4   _BL
0000ebc8   __CIOBUF_
ffffffff   ___TI_pprof_out_hndl
ffffffff   ___TI_prof_data_size
ffffffff   ___TI_prof_data_start
ffffffff   ___binit__
ffffffff   ___c_args__
ffffffff   ___pinit__
ffffffff   binit
ffffffff   pinit

[166 symbols]
