******************************************************************************
               TMS320C6x Linker PC v7.4.24                     
******************************************************************************
>> Linked Mon Dec 03 00:12:26 2018

OUTPUT FILE NAME:   <Lab5Part1.out>
ENTRY POINT SYMBOL: "_c_int00"  address: 0000dd80


MEMORY CONFIGURATION

         name            origin    length      used     unused   attr    fill
----------------------  --------  ---------  --------  --------  ----  --------
  VECS                  00000000   00000200  00000200  00000000  RWIX
  IRAM                  00000200   0002fe00  0000e2d0  00021b30  RWIX
  L2RAM                 00030000   00010000  00000000  00010000  RWIX
  EMIFCE0               80000000   10000000  00000000  10000000  RWIX
  EMIFCE1               90000000   10000000  00000000  10000000  RWIX
  EMIFCE2               a0000000   10000000  00000000  10000000  RWIX
  EMIFCE3               b0000000   10000000  00000000  10000000  RWIX


SECTION ALLOCATION MAP

 output                                  attributes/
section   page    origin      length       input sections
--------  ----  ----------  ----------   ----------------
.pinit     0    00000200    00000000     UNINITIALIZED

vectors    0    00000000    00000200     
                  00000000    00000200     vectors.obj (vectors)

.bss       0    00000200    00000000     UNINITIALIZED

.data      0    00000200    00000000     UNINITIALIZED

.far       0    00000200    00005f84     UNINITIALIZED
                  00000200    00005df8     main.obj (.far)
                  00005ff8    000000f4     csl6713.lib : csl_irq.obj (.far)
                  000060ec    00000038                 : csl_mcbsp.obj (.far)
                  00006124    00000028     dsk6713bsl.lib : dsk6713_aic23_registers.obj (.far)
                  0000614c    00000020                    : dsk6713_aic23_setfreq.obj (.far)
                  0000616c    0000000c     rts6700.lib : exit.obj (.far)
                  00006178    00000008     dsk6713bsl.lib : dsk6713_aic23_opencodec.obj (.far)
                  00006180    00000002                    : dsk6713.obj (.far)
                  00006182    00000002                    : dsk6713_led.obj (.far)

.const     0    00006184    00005e28     
                  00006184    00005dc4     main.obj (.const:_B)
                  0000bf48    00000040     dsk6713bsl.lib : dsk6713_aic23_opencodec.obj (.const)
                  0000bf88    00000020                    : dsk6713.obj (.const)
                  0000bfa8    00000004     main.obj (.const)

.text      0    0000bfc0    00001ec0     
                  0000bfc0    00000480     dsk6713bsl.lib : dsk6713.obj (.text)
                  0000c440    000003c0     main.obj (.text:retain)
                  0000c800    00000300     dsk6713bsl.lib : dsk6713_aic23_opencodec.obj (.text)
                  0000cb00    00000240     rts6700.lib : memcpy62.obj (.text:_memcpy)
                  0000cd40    000001e0     dsk6713bsl.lib : dsk6713_led.obj (.text)
                  0000cf20    000001c0     csl6713.lib : csl_irq.obj (.text:_IRQ_map)
                  0000d0e0    000001a0                 : csl_mcbsp.obj (.text:_MCBSP_reset)
                  0000d280    00000160     main.obj (.text)
                  0000d3e0    00000140     dsk6713bsl.lib : dsk6713_aic23_registers.obj (.text)
                  0000d520    00000100     csl6713.lib : csl_mcbsp.obj (.text:_MCBSP_open)
                  0000d620    00000100                 : csl_mcbsp.obj (.text:_MCBSP_start)
                  0000d720    00000100     rts6700.lib : autoinit.obj (.text:__auto_init)
                  0000d820    00000100                 : remi.obj (.text:__remi)
                  0000d920    000000e0                 : strasg.obj (.text:__strasg)
                  0000da00    000000e0                 : exit.obj (.text:_exit)
                  0000dae0    000000c0                 : cpy_tbl.obj (.text:_copy_in)
                  0000dba0    000000c0     dsk6713bsl.lib : dsk6713_aic23_setfreq.obj (.text)
                  0000dc60    000000a0     csl6713.lib : csl_irq.obj (.text:_setMux)
                  0000dd00    00000080     rts6700.lib : cpp_init.obj (.text:___TI_cpp_init)
                  0000dd80    00000080                 : boot.obj (.text:_c_int00)
                  0000de00    00000040                 : args_main.obj (.text:__args_main)
                  0000de40    00000020                 : exit.obj (.text:_abort)
                  0000de60    00000020     csl6713.lib : csl_irq.obj (.text)

.stack     0    0000de80    00000400     UNINITIALIZED
                  0000de80    00000008     rts6700.lib : boot.obj (.stack)
                  0000de88    000003f8     --HOLE--

.cinit     0    0000e280    00000264     
                  0000e280    0000012c     csl6713.lib : csl_irq.obj (.cinit)
                  0000e3ac    00000004     --HOLE-- [fill = 0]
                  0000e3b0    00000054                 : csl_mcbsp.obj (.cinit)
                  0000e404    00000004     --HOLE-- [fill = 0]
                  0000e408    0000004c     main.obj (.cinit)
                  0000e454    00000004     --HOLE-- [fill = 0]
                  0000e458    00000030     dsk6713bsl.lib : dsk6713_aic23_registers.obj (.cinit)
                  0000e488    0000002c     rts6700.lib : exit.obj (.cinit)
                  0000e4b4    00000004     --HOLE-- [fill = 0]
                  0000e4b8    00000028     dsk6713bsl.lib : dsk6713_aic23_setfreq.obj (.cinit)
                  0000e4e0    00000004     --HOLE-- [fill = 0]


GLOBAL SYMBOLS: SORTED ALPHABETICALLY BY Name 

address    name
--------   ----
00000200   $bss
00000200   .bss
00000200   .data
0000bfc0   .text
0000de40   C$$EXIT
00006184   _B
0000bfa8   _BL
00006178   _DSK6713_AIC23_codeccontrolhandle
0000617c   _DSK6713_AIC23_codecdatahandle
0000d4a0   _DSK6713_AIC23_config
0000c800   _DSK6713_AIC23_openCodec
0000d478   _DSK6713_AIC23_rget
0000d3e0   _DSK6713_AIC23_rset
0000dba0   _DSK6713_AIC23_setFreq
0000cd40   _DSK6713_LED_init
0000cd80   _DSK6713_LED_off
0000cdf0   _DSK6713_LED_on
0000ce60   _DSK6713_LED_toggle
0000c3d4   _DSK6713_getVersion
0000c00c   _DSK6713_init
0000c328   _DSK6713_rget
0000c33c   _DSK6713_rset
00006180   _DSK6713_version
0000c350   _DSK6713_wait
0000c3a8   _DSK6713_waitusec
0000cf20   _IRQ_map
0000d520   _MCBSP_open
0000d0e0   _MCBSP_reset
0000d620   _MCBSP_start
000060e4   __IRQ_dispatchTable
00006020   __IRQ_eventTable
0000de60   __IRQ_hookFetchPacket
000060a4   __IRQ_intTable
0000611c   __MCBSP_hDev0
00006120   __MCBSP_hDev1
0000e280   __STACK_END
00000400   __STACK_SIZE
00000001   __TI_args_main
0000dd00   ___TI_cpp_init
00006174   ___TI_enable_exit_profile_output
ffffffff   ___TI_pprof_out_hndl
ffffffff   ___TI_prof_data_size
ffffffff   ___TI_prof_data_start
ffffffff   ___binit__
00000200   ___bss__
ffffffff   ___c_args__
0000e280   ___cinit__
00000200   ___data__
00000200   ___edata__
00000200   ___end__
0000de80   ___etext__
ffffffff   ___pinit__
0000bfc0   ___text__
0000de00   __args_main
0000d720   __auto_init
0000d820   __c6xabi_remi
0000616c   __cleanup_ptr
00006170   __dtors_ptr
0000d820   __remi
0000de80   __stack
0000d920   __strasg
0000de40   _abort
0000dd80   _c_int00
00000204   _config
0000dae0   _copy_in
0000da00   _exit
0000022c   _filter
00005ff4   _filterOut
00000200   _hCodec
00005ff0   _index
0000d280   _main
0000cb00   _memcpy
0000c440   _serialPortRcvISR
ffffffff   binit
0000e280   cinit
00000200   edata
00000200   end
0000de80   etext
ffffffff   pinit


GLOBAL SYMBOLS: SORTED BY Symbol Address 

address    name
--------   ----
00000001   __TI_args_main
00000200   $bss
00000200   .bss
00000200   .data
00000200   ___bss__
00000200   ___data__
00000200   ___edata__
00000200   ___end__
00000200   _hCodec
00000200   edata
00000200   end
00000204   _config
0000022c   _filter
00000400   __STACK_SIZE
00005ff0   _index
00005ff4   _filterOut
00006020   __IRQ_eventTable
000060a4   __IRQ_intTable
000060e4   __IRQ_dispatchTable
0000611c   __MCBSP_hDev0
00006120   __MCBSP_hDev1
0000616c   __cleanup_ptr
00006170   __dtors_ptr
00006174   ___TI_enable_exit_profile_output
00006178   _DSK6713_AIC23_codeccontrolhandle
0000617c   _DSK6713_AIC23_codecdatahandle
00006180   _DSK6713_version
00006184   _B
0000bfa8   _BL
0000bfc0   .text
0000bfc0   ___text__
0000c00c   _DSK6713_init
0000c328   _DSK6713_rget
0000c33c   _DSK6713_rset
0000c350   _DSK6713_wait
0000c3a8   _DSK6713_waitusec
0000c3d4   _DSK6713_getVersion
0000c440   _serialPortRcvISR
0000c800   _DSK6713_AIC23_openCodec
0000cb00   _memcpy
0000cd40   _DSK6713_LED_init
0000cd80   _DSK6713_LED_off
0000cdf0   _DSK6713_LED_on
0000ce60   _DSK6713_LED_toggle
0000cf20   _IRQ_map
0000d0e0   _MCBSP_reset
0000d280   _main
0000d3e0   _DSK6713_AIC23_rset
0000d478   _DSK6713_AIC23_rget
0000d4a0   _DSK6713_AIC23_config
0000d520   _MCBSP_open
0000d620   _MCBSP_start
0000d720   __auto_init
0000d820   __c6xabi_remi
0000d820   __remi
0000d920   __strasg
0000da00   _exit
0000dae0   _copy_in
0000dba0   _DSK6713_AIC23_setFreq
0000dd00   ___TI_cpp_init
0000dd80   _c_int00
0000de00   __args_main
0000de40   C$$EXIT
0000de40   _abort
0000de60   __IRQ_hookFetchPacket
0000de80   ___etext__
0000de80   __stack
0000de80   etext
0000e280   __STACK_END
0000e280   ___cinit__
0000e280   cinit
ffffffff   ___TI_pprof_out_hndl
ffffffff   ___TI_prof_data_size
ffffffff   ___TI_prof_data_start
ffffffff   ___binit__
ffffffff   ___c_args__
ffffffff   ___pinit__
ffffffff   binit
ffffffff   pinit

[79 symbols]
