******************************************************************************
               TMS320C6x Linker PC v7.4.24                     
******************************************************************************
>> Linked Tue Dec 04 12:46:49 2018

OUTPUT FILE NAME:   <Lab5Part2.out>
ENTRY POINT SYMBOL: "_c_int00"  address: 0000a9c0


MEMORY CONFIGURATION

         name            origin    length      used     unused   attr    fill
----------------------  --------  ---------  --------  --------  ----  --------
  VECS                  00000000   00000200  00000200  00000000  RWIX
  IRAM                  00000200   0002fe00  0000c84c  000235b4  RWIX
  L2RAM                 00030000   00010000  00000000  00010000  RWIX
  EMIFCE0               80000000   10000000  00000000  10000000  RWIX
  EMIFCE1               90000000   10000000  00000000  10000000  RWIX
  EMIFCE2               a0000000   10000000  00000000  10000000  RWIX
  EMIFCE3               b0000000   10000000  00000000  10000000  RWIX


SECTION ALLOCATION MAP

 output                                  attributes/
section   page    origin      length       input sections
--------  ----  ----------  ----------   ----------------
.pinit     0    00000200    00000000     UNINITIALIZED

vectors    0    00000000    00000200     
                  00000000    00000200     vectors.obj (vectors)

.bss       0    00000200    00000000     UNINITIALIZED

.data      0    00000200    00000000     UNINITIALIZED

.text      0    00000200    0000ab80     
                  00000200    00000760     main.obj (.text)
                  00000960    00000720     rts6700.lib : divd.obj (.text:__divd)
                  00001080    000006c0                 : _printfi.obj (.text:__getarg_diouxp)
                  00001740    00000640                 : _printfi.obj (.text:__setfield)
                  00001d80    00000560                 : _printfi.obj (.text:__printfi)
                  000022e0    000004c0                 : fputs.obj (.text:_fputs)
                  000027a0    00000480     dsk6713bsl.lib : dsk6713.obj (.text)
                  00002c20    00000420     rts6700.lib : _printfi.obj (.text:_fcvt)
                  00003040    00000400                 : _printfi.obj (.text:__pproc_fge)
                  00003440    00000400                 : _printfi.obj (.text:_ecvt)
                  00003840    00000380                 : imath64.obj (.text:__divull)
                  00003bc0    00000380                 : memory.obj (.text:_free)
                  00003f40    00000360                 : _printfi.obj (.text:__pconv_e)
                  000042a0    00000360                 : _printfi.obj (.text:__pproc_fwp)
                  00004600    00000340                 : cos.obj (.text:_cos)
                  00004940    00000300                 : _printfi.obj (.text:__pproc_diouxp)
                  00004c40    00000300     dsk6713bsl.lib : dsk6713_aic23_opencodec.obj (.text)
                  00004f40    000002e0     rts6700.lib : sin.obj (.text:_sin)
                  00005220    000002c0                 : _printfi.obj (.text:__pproc_str)
                  000054e0    000002c0                 : setvbuf.obj (.text:_setvbuf)
                  000057a0    000002a0                 : _printfi.obj (.text:__pconv_g)
                  00005a40    000002a0                 : fputc.obj (.text:_fputc)
                  00005ce0    00000280     cfftr2_dit.obj (.text)
                  00005f60    00000260     rts6700.lib : imath40.obj (.text:__divul)
                  000061c0    00000260     main.obj (.text:retain)
                  00006420    00000240     rts6700.lib : _printfi.obj (.text:__mcpy)
                  00006660    00000240                 : memory.obj (.text:_malloc)
                  000068a0    00000240                 : memcpy62.obj (.text:_memcpy)
                  00006ae0    00000220                 : trgdrv.obj (.text:_HOSTrename)
                  00006d00    000001e0                 : lowlev.obj (.text:_getdevice)
                  00006ee0    000001e0     dsk6713bsl.lib : dsk6713_led.obj (.text)
                  000070c0    000001c0     csl6713.lib : csl_irq.obj (.text:_IRQ_map)
                  00007280    000001c0     rts6700.lib : fseek.obj (.text:_fseek)
                  00007440    000001a0     csl6713.lib : csl_mcbsp.obj (.text:_MCBSP_reset)
                  000075e0    000001a0     rts6700.lib : _printfi.obj (.text:__ltostr)
                  00007780    000001a0                 : _printfi.obj (.text:__pproc_fflags)
                  00007920    000001a0     bitrev.obj (.text)
                  00007ac0    00000160     rts6700.lib : trgdrv.obj (.text:_HOSTlseek)
                  00007c20    00000160                 : fclose.obj (.text:__closefile)
                  00007d80    00000160     digitrev_index.obj (.text)
                  00007ee0    00000140     rts6700.lib : trgdrv.obj (.text:_HOSTread)
                  00008020    00000140                 : frcmpyd_div.obj (.text:__frcmpyd_div)
                  00008160    00000140                 : strasg.obj (.text:__strasgi)
                  000082a0    00000140                 : atoi.obj (.text:_atoi)
                  000083e0    00000140                 : ltoa.obj (.text:_ltoa)
                  00008520    00000140     dsk6713bsl.lib : dsk6713_aic23_registers.obj (.text)
                  00008660    00000120     rts6700.lib : trgdrv.obj (.text:_HOSTopen)
                  00008780    00000120                 : trgdrv.obj (.text:_HOSTwrite)
                  000088a0    00000120                 : divi.obj (.text:__divi)
                  000089c0    00000120                 : _io_perm.obj (.text:__wrt_ok)
                  00008ae0    00000120                 : lowlev.obj (.text:_close)
                  00008c00    00000120                 : memset.obj (.text:_memset)
                  00008d20    00000100                 : trgdrv.obj (.text:_HOSTclose)
                  00008e20    00000100                 : trgdrv.obj (.text:_HOSTunlink)
                  00008f20    00000100     csl6713.lib : csl_mcbsp.obj (.text:_MCBSP_open)
                  00009020    00000100                 : csl_mcbsp.obj (.text:_MCBSP_start)
                  00009120    00000100     rts6700.lib : autoinit.obj (.text:__auto_init)
                  00009220    00000100                 : _printfi.obj (.text:__div)
                  00009320    00000100                 : imath40.obj (.text:__divli)
                  00009420    00000100                 : _printfi.obj (.text:__pconv_f)
                  00009520    00000100                 : lowlev.obj (.text:_lseek)
                  00009620    00000100                 : printf.obj (.text:_printf)
                  00009720    00000100                 : lowlev.obj (.text:_write)
                  00009820    000000e0                 : fopen.obj (.text:__cleanup)
                  00009900    000000e0                 : fflush.obj (.text:__doflush)
                  000099e0    000000e0                 : _printfi.obj (.text:__ecpy)
                  00009ac0    000000e0                 : _printfi.obj (.text:__fcpy)
                  00009ba0    000000e0                 : round.obj (.text:__nround)
                  00009c80    000000e0                 : strasg.obj (.text:__strasg)
                  00009d60    000000e0                 : exit.obj (.text:_exit)
                  00009e40    000000e0                 : memory.obj (.text:_minsert)
                  00009f20    000000e0                 : modf.obj (.text:_modf)
                  0000a000    000000e0                 : memory.obj (.text:_mremove)
                  0000a0e0    000000c0                 : divu.obj (.text:__divu)
                  0000a1a0    000000c0                 : cpy_tbl.obj (.text:_copy_in)
                  0000a260    000000c0                 : lowlev.obj (.text:_finddevice)
                  0000a320    000000c0     dsk6713bsl.lib : dsk6713_aic23_setfreq.obj (.text)
                  0000a3e0    000000a0     rts6700.lib : fixdli.obj (.text:__fixdli)
                  0000a480    000000a0                 : mpyll.obj (.text:__mpyll)
                  0000a520    000000a0                 : imath40.obj (.text:__remli)
                  0000a5c0    000000a0                 : trgmsg.obj (.text:_readmsg)
                  0000a660    000000a0     csl6713.lib : csl_irq.obj (.text:_setMux)
                  0000a700    000000a0     rts6700.lib : lowlev.obj (.text:_unlink)
                  0000a7a0    000000a0                 : trgmsg.obj (.text:_writemsg)
                  0000a840    00000080                 : cpp_init.obj (.text:___TI_cpp_init)
                  0000a8c0    00000080                 : fltlid.obj (.text:__fltlid)
                  0000a940    00000080                 : llshift.obj (.text:__llshl)
                  0000a9c0    00000080                 : boot.obj (.text:_c_int00)
                  0000aa40    00000080                 : memccpy.obj (.text:_memccpy)
                  0000aac0    00000060                 : isinf.obj (.text:___isinf)
                  0000ab20    00000060                 : llshift.obj (.text:__llshru)
                  0000ab80    00000060                 : imath64.obj (.text:__subcull)
                  0000abe0    00000040                 : _printfi.obj (.text:___isnan)
                  0000ac20    00000040                 : args_main.obj (.text:__args_main)
                  0000ac60    00000040                 : trunc.obj (.text:__trunc)
                  0000aca0    00000020                 : negll.obj (.text:__negll)
                  0000acc0    00000020                 : _lock.obj (.text:__nop)
                  0000ace0    00000020                 : printf.obj (.text:__outc)
                  0000ad00    00000020                 : printf.obj (.text:__outs)
                  0000ad20    00000020                 : exit.obj (.text:_abort)
                  0000ad40    00000020                 : remove.obj (.text:_remove)
                  0000ad60    00000020     csl6713.lib : csl_irq.obj (.text)

.far       0    0000ad80    00000d84     UNINITIALIZED
                  0000ad80    0000071c     main.obj (.far)
                  0000b49c    00000324     rts6700.lib : defs.obj (.far)
                  0000b7c0    0000011c                 : lowlev.obj (.far)
                  0000b8dc    000000f4     csl6713.lib : csl_irq.obj (.far)
                  0000b9d0    00000040     rts6700.lib : cos.obj (.far)
                  0000ba10    00000040                 : sin.obj (.far)
                  0000ba50    00000038     csl6713.lib : csl_mcbsp.obj (.far)
                  0000ba88    00000028     dsk6713bsl.lib : dsk6713_aic23_registers.obj (.far)
                  0000bab0    00000020                    : dsk6713_aic23_setfreq.obj (.far)
                  0000bad0    0000000c     rts6700.lib : exit.obj (.far)
                  0000badc    00000008     dsk6713bsl.lib : dsk6713_aic23_opencodec.obj (.far)
                  0000bae4    00000008     rts6700.lib : _lock.obj (.far)
                  0000baec    00000008                 : memory.obj (.far)
                  0000baf4    00000008                 : trgdrv.obj (.far)
                  0000bafc    00000004                 : fopen.obj (.far)
                  0000bb00    00000002     dsk6713bsl.lib : dsk6713.obj (.far)
                  0000bb02    00000002                    : dsk6713_led.obj (.far)

.cinit     0    0000bb08    00000454     
                  0000bb08    0000012c     csl6713.lib : csl_irq.obj (.cinit)
                  0000bc34    00000004     --HOLE-- [fill = 0]
                  0000bc38    0000008c     main.obj (.cinit)
                  0000bcc4    00000004     --HOLE-- [fill = 0]
                  0000bcc8    0000005c     rts6700.lib : defs.obj (.cinit)
                  0000bd24    00000004     --HOLE-- [fill = 0]
                  0000bd28    0000005c                 : lowlev.obj (.cinit)
                  0000bd84    00000004     --HOLE-- [fill = 0]
                  0000bd88    00000054     csl6713.lib : csl_mcbsp.obj (.cinit)
                  0000bddc    00000004     --HOLE-- [fill = 0]
                  0000bde0    00000048     rts6700.lib : cos.obj (.cinit)
                  0000be28    00000048                 : sin.obj (.cinit)
                  0000be70    00000030     dsk6713bsl.lib : dsk6713_aic23_registers.obj (.cinit)
                  0000bea0    0000002c     rts6700.lib : exit.obj (.cinit)
                  0000becc    00000004     --HOLE-- [fill = 0]
                  0000bed0    0000002c                 : memory.obj (.cinit)
                  0000befc    00000004     --HOLE-- [fill = 0]
                  0000bf00    00000028     dsk6713bsl.lib : dsk6713_aic23_setfreq.obj (.cinit)
                  0000bf28    0000001c     rts6700.lib : _lock.obj (.cinit)
                  0000bf44    00000004     --HOLE-- [fill = 0]
                  0000bf48    0000000c                 : fopen.obj (.cinit)
                  0000bf54    00000004     --HOLE-- [fill = 0]
                  0000bf58    00000004     (.pad.cinit) [fill = 0]

.stack     0    0000bf60    00000400     UNINITIALIZED
                  0000bf60    00000008     rts6700.lib : boot.obj (.stack)
                  0000bf68    000003f8     --HOLE--

.sysmem    0    0000c360    00000400     UNINITIALIZED
                  0000c360    00000008     rts6700.lib : memory.obj (.sysmem)
                  0000c368    000003f8     --HOLE--

.const     0    0000c760    000001d4     
                  0000c760    00000101     rts6700.lib : ctype.obj (.const:.string:__ctypes_)
                  0000c861    00000002                 : fputs.obj (.const:.string)
                  0000c863    00000001     --HOLE-- [fill = 0]
                  0000c864    00000040     dsk6713bsl.lib : dsk6713_aic23_opencodec.obj (.const)
                  0000c8a4    0000002c     main.obj (.const:_B)
                  0000c8d0    00000023     rts6700.lib : _printfi.obj (.const:.string)
                  0000c8f3    00000001     --HOLE-- [fill = 0]
                  0000c8f4    00000020     dsk6713bsl.lib : dsk6713.obj (.const)
                  0000c914    0000001c     main.obj (.const:.string)
                  0000c930    00000004     main.obj (.const)

.cio       0    0000c934    00000120     UNINITIALIZED
                  0000c934    00000120     rts6700.lib : trgmsg.obj (.cio)


GLOBAL SYMBOLS: SORTED ALPHABETICALLY BY Name 

address    name
--------   ----
00000200   $bss
00000200   .bss
00000200   .data
00000200   .text
0000ad20   C$$EXIT
0000a818   C$$IO$$
0000c8a4   _B
0000c930   _BL
0000af40   _DELTA
0000badc   _DSK6713_AIC23_codeccontrolhandle
0000bae0   _DSK6713_AIC23_codecdatahandle
000085e0   _DSK6713_AIC23_config
00004c40   _DSK6713_AIC23_openCodec
000085b8   _DSK6713_AIC23_rget
00008520   _DSK6713_AIC23_rset
0000a320   _DSK6713_AIC23_setFreq
00006ee0   _DSK6713_LED_init
00006f20   _DSK6713_LED_off
00006f90   _DSK6713_LED_on
00007000   _DSK6713_LED_toggle
00002bb4   _DSK6713_getVersion
000027ec   _DSK6713_init
00002b08   _DSK6713_rget
00002b1c   _DSK6713_rset
0000bb00   _DSK6713_version
00002b30   _DSK6713_wait
00002b88   _DSK6713_waitusec
00008d20   _HOSTclose
00007ac0   _HOSTlseek
00008660   _HOSTopen
00007ee0   _HOSTread
00006ae0   _HOSTrename
00008e20   _HOSTunlink
00008780   _HOSTwrite
000070c0   _IRQ_map
00008f20   _MCBSP_open
00007440   _MCBSP_reset
00009020   _MCBSP_start
0000c934   __CIOBUF_
0000b9c8   __IRQ_dispatchTable
0000b904   __IRQ_eventTable
0000ad60   __IRQ_hookFetchPacket
0000b988   __IRQ_intTable
0000ba80   __MCBSP_hDev0
0000ba84   __MCBSP_hDev1
0000c360   __STACK_END
00000400   __STACK_SIZE
00000400   __SYSMEM_SIZE
00000001   __TI_args_main
0000a840   ___TI_cpp_init
0000bad8   ___TI_enable_exit_profile_output
ffffffff   ___TI_pprof_out_hndl
ffffffff   ___TI_prof_data_size
ffffffff   ___TI_prof_data_start
ffffffff   ___binit__
00000200   ___bss__
ffffffff   ___c_args__
0000bb08   ___cinit__
00000200   ___data__
00000200   ___edata__
00000200   ___end__
0000ad80   ___etext__
0000aac0   ___isinf
ffffffff   ___pinit__
00000200   ___text__
0000ac20   __args_main
00009120   __auto_init
000088a0   __c6xabi_divi
0000a0e0   __c6xabi_divu
00008160   __c6xabi_strasgi
00009820   __cleanup
0000bad0   __cleanup_ptr
00007c20   __closefile
0000c760   __ctypes_
00000960   __divd
000088a0   __divi
00009320   __divli
0000a0e0   __divu
00005f60   __divul
00003840   __divull
00009900   __doflush
0000bad4   __dtors_ptr
0000a3e0   __fixdli
0000a8c0   __fltlid
00008020   __frcmpyd_div
0000b7bc   __ft_end
0000b49c   __ftable
0000a940   __llshl
0000ab20   __llshru
0000bae4   __lock
0000a480   __mpyll
0000aca0   __negll
0000acc0   __nop
00009ba0   __nround
00001d80   __printfi
0000a520   __remli
0000bf60   __stack
00009c80   __strasg
00008160   __strasgi
0000ab80   __subcull
0000c360   __sys_memory
0000b67c   __tmpnams
0000ac60   __trunc
0000bae8   __unlock
000089c0   __wrt_ok
0000ad20   _abort
0000b29c   _app
000082a0   _atoi
00007920   _bitrev
0000a9c0   _c_int00
00005ce0   _cfftr2_dit
00008ae0   _close
0000ad84   _config
0000a1a0   _copy_in
00004600   _cos
00007d80   _digitrev_index
00009d60   _exit
00005a40   _fputc
000022e0   _fputs
00003bc0   _free
00007280   _fseek
0000adac   _globalIndex
0000ae40   _h
0000ad80   _hCodec
0000afe4   _i
0000afa4   _iapp
0000af64   _ih
0000af44   _iw
00009520   _lseek
000083e0   _ltoa
00000270   _main
00006660   _malloc
0000aa40   _memccpy
000068a0   _memcpy
00008c00   _memset
00009f20   _modf
0000afe8   _n
0000adb1   _pingActive
0000afec   _pingIn
0000b14c   _pingInZ
0000b1ec   _pingOut
0000b09c   _pongIn
0000b19c   _pongInZ
0000b244   _pongOut
00009620   _printf
0000b39c   _prodRes
00005a40   _putc
0000a5c0   _readmsg
0000ad40   _remove
000061c0   _serialPortRcvISR
000054e0   _setvbuf
00004f40   _sin
0000adb0   _switchBuffer
0000a700   _unlink
0000adb8   _w
00009720   _write
0000a7a0   _writemsg
0000adb2   _xxx
0000ae38   _yyy
ffffffff   binit
0000bb08   cinit
00000200   edata
00000200   end
0000ad80   etext
ffffffff   pinit


GLOBAL SYMBOLS: SORTED BY Symbol Address 

address    name
--------   ----
00000001   __TI_args_main
00000200   $bss
00000200   .bss
00000200   .data
00000200   .text
00000200   ___bss__
00000200   ___data__
00000200   ___edata__
00000200   ___end__
00000200   ___text__
00000200   edata
00000200   end
00000270   _main
00000400   __STACK_SIZE
00000400   __SYSMEM_SIZE
00000960   __divd
00001d80   __printfi
000022e0   _fputs
000027ec   _DSK6713_init
00002b08   _DSK6713_rget
00002b1c   _DSK6713_rset
00002b30   _DSK6713_wait
00002b88   _DSK6713_waitusec
00002bb4   _DSK6713_getVersion
00003840   __divull
00003bc0   _free
00004600   _cos
00004c40   _DSK6713_AIC23_openCodec
00004f40   _sin
000054e0   _setvbuf
00005a40   _fputc
00005a40   _putc
00005ce0   _cfftr2_dit
00005f60   __divul
000061c0   _serialPortRcvISR
00006660   _malloc
000068a0   _memcpy
00006ae0   _HOSTrename
00006ee0   _DSK6713_LED_init
00006f20   _DSK6713_LED_off
00006f90   _DSK6713_LED_on
00007000   _DSK6713_LED_toggle
000070c0   _IRQ_map
00007280   _fseek
00007440   _MCBSP_reset
00007920   _bitrev
00007ac0   _HOSTlseek
00007c20   __closefile
00007d80   _digitrev_index
00007ee0   _HOSTread
00008020   __frcmpyd_div
00008160   __c6xabi_strasgi
00008160   __strasgi
000082a0   _atoi
000083e0   _ltoa
00008520   _DSK6713_AIC23_rset
000085b8   _DSK6713_AIC23_rget
000085e0   _DSK6713_AIC23_config
00008660   _HOSTopen
00008780   _HOSTwrite
000088a0   __c6xabi_divi
000088a0   __divi
000089c0   __wrt_ok
00008ae0   _close
00008c00   _memset
00008d20   _HOSTclose
00008e20   _HOSTunlink
00008f20   _MCBSP_open
00009020   _MCBSP_start
00009120   __auto_init
00009320   __divli
00009520   _lseek
00009620   _printf
00009720   _write
00009820   __cleanup
00009900   __doflush
00009ba0   __nround
00009c80   __strasg
00009d60   _exit
00009f20   _modf
0000a0e0   __c6xabi_divu
0000a0e0   __divu
0000a1a0   _copy_in
0000a320   _DSK6713_AIC23_setFreq
0000a3e0   __fixdli
0000a480   __mpyll
0000a520   __remli
0000a5c0   _readmsg
0000a700   _unlink
0000a7a0   _writemsg
0000a818   C$$IO$$
0000a840   ___TI_cpp_init
0000a8c0   __fltlid
0000a940   __llshl
0000a9c0   _c_int00
0000aa40   _memccpy
0000aac0   ___isinf
0000ab20   __llshru
0000ab80   __subcull
0000ac20   __args_main
0000ac60   __trunc
0000aca0   __negll
0000acc0   __nop
0000ad20   C$$EXIT
0000ad20   _abort
0000ad40   _remove
0000ad60   __IRQ_hookFetchPacket
0000ad80   ___etext__
0000ad80   _hCodec
0000ad80   etext
0000ad84   _config
0000adac   _globalIndex
0000adb0   _switchBuffer
0000adb1   _pingActive
0000adb2   _xxx
0000adb8   _w
0000ae38   _yyy
0000ae40   _h
0000af40   _DELTA
0000af44   _iw
0000af64   _ih
0000afa4   _iapp
0000afe4   _i
0000afe8   _n
0000afec   _pingIn
0000b09c   _pongIn
0000b14c   _pingInZ
0000b19c   _pongInZ
0000b1ec   _pingOut
0000b244   _pongOut
0000b29c   _app
0000b39c   _prodRes
0000b49c   __ftable
0000b67c   __tmpnams
0000b7bc   __ft_end
0000b904   __IRQ_eventTable
0000b988   __IRQ_intTable
0000b9c8   __IRQ_dispatchTable
0000ba80   __MCBSP_hDev0
0000ba84   __MCBSP_hDev1
0000bad0   __cleanup_ptr
0000bad4   __dtors_ptr
0000bad8   ___TI_enable_exit_profile_output
0000badc   _DSK6713_AIC23_codeccontrolhandle
0000bae0   _DSK6713_AIC23_codecdatahandle
0000bae4   __lock
0000bae8   __unlock
0000bb00   _DSK6713_version
0000bb08   ___cinit__
0000bb08   cinit
0000bf60   __stack
0000c360   __STACK_END
0000c360   __sys_memory
0000c760   __ctypes_
0000c8a4   _B
0000c930   _BL
0000c934   __CIOBUF_
ffffffff   ___TI_pprof_out_hndl
ffffffff   ___TI_prof_data_size
ffffffff   ___TI_prof_data_start
ffffffff   ___binit__
ffffffff   ___c_args__
ffffffff   ___pinit__
ffffffff   binit
ffffffff   pinit

[165 symbols]
