<?xml version="1.0"?>
<link_info>
   <banner>TMS320C6x Linker PC v7.4.24</banner>
   <copyright>Copyright (c) 1996-2017 Texas Instruments Incorporated</copyright>
   <link_time>0x5c074070</link_time>
   <output_file>Lab5Part2.out</output_file>
   <entry_point>
      <name>_c_int00</name>
      <address>0xaba0</address>
   </entry_point>
   <input_file_list>
      <input_file id="fl-2">
         <path>.\</path>
         <kind>object</kind>
         <file>bitrev.obj</file>
         <name>bitrev.obj</name>
      </input_file>
      <input_file id="fl-3">
         <path>.\</path>
         <kind>object</kind>
         <file>cfftr2_dit.obj</file>
         <name>cfftr2_dit.obj</name>
      </input_file>
      <input_file id="fl-4">
         <path>.\</path>
         <kind>object</kind>
         <file>digitrev_index.obj</file>
         <name>digitrev_index.obj</name>
      </input_file>
      <input_file id="fl-5">
         <path>.\</path>
         <kind>object</kind>
         <file>main.obj</file>
         <name>main.obj</name>
      </input_file>
      <input_file id="fl-6">
         <path>.\</path>
         <kind>object</kind>
         <file>vectors.obj</file>
         <name>vectors.obj</name>
      </input_file>
      <input_file id="fl-c">
         <path>R:\ECE4703_B18\C6xCSL\lib_3x\</path>
         <kind>archive</kind>
         <file>csl6713.lib</file>
         <name>csl_irq.obj</name>
      </input_file>
      <input_file id="fl-d">
         <path>R:\ECE4703_B18\DSK6713\c6000\dsk6713\lib\</path>
         <kind>archive</kind>
         <file>dsk6713bsl.lib</file>
         <name>dsk6713.obj</name>
      </input_file>
      <input_file id="fl-e">
         <path>R:\ECE4703_B18\DSK6713\c6000\dsk6713\lib\</path>
         <kind>archive</kind>
         <file>dsk6713bsl.lib</file>
         <name>dsk6713_aic23_opencodec.obj</name>
      </input_file>
      <input_file id="fl-f">
         <path>R:\ECE4703_B18\DSK6713\c6000\dsk6713\lib\</path>
         <kind>archive</kind>
         <file>dsk6713bsl.lib</file>
         <name>dsk6713_aic23_registers.obj</name>
      </input_file>
      <input_file id="fl-10">
         <path>R:\ECE4703_B18\DSK6713\c6000\dsk6713\lib\</path>
         <kind>archive</kind>
         <file>dsk6713bsl.lib</file>
         <name>dsk6713_aic23_setfreq.obj</name>
      </input_file>
      <input_file id="fl-11">
         <path>R:\ECE4703_B18\DSK6713\c6000\dsk6713\lib\</path>
         <kind>archive</kind>
         <file>dsk6713bsl.lib</file>
         <name>dsk6713_led.obj</name>
      </input_file>
      <input_file id="fl-12">
         <path>C:\Users\gentov\Downloads\</path>
         <kind>archive</kind>
         <file>rts6700.lib</file>
         <name>boot.obj</name>
      </input_file>
      <input_file id="fl-13">
         <path>C:\Users\gentov\Downloads\</path>
         <kind>archive</kind>
         <file>rts6700.lib</file>
         <name>cos.obj</name>
      </input_file>
      <input_file id="fl-14">
         <path>C:\Users\gentov\Downloads\</path>
         <kind>archive</kind>
         <file>rts6700.lib</file>
         <name>divi.obj</name>
      </input_file>
      <input_file id="fl-15">
         <path>C:\Users\gentov\Downloads\</path>
         <kind>archive</kind>
         <file>rts6700.lib</file>
         <name>exit.obj</name>
      </input_file>
      <input_file id="fl-16">
         <path>C:\Users\gentov\Downloads\</path>
         <kind>archive</kind>
         <file>rts6700.lib</file>
         <name>memcpy62.obj</name>
      </input_file>
      <input_file id="fl-17">
         <path>C:\Users\gentov\Downloads\</path>
         <kind>archive</kind>
         <file>rts6700.lib</file>
         <name>memory.obj</name>
      </input_file>
      <input_file id="fl-18">
         <path>C:\Users\gentov\Downloads\</path>
         <kind>archive</kind>
         <file>rts6700.lib</file>
         <name>modf.obj</name>
      </input_file>
      <input_file id="fl-19">
         <path>C:\Users\gentov\Downloads\</path>
         <kind>archive</kind>
         <file>rts6700.lib</file>
         <name>printf.obj</name>
      </input_file>
      <input_file id="fl-1a">
         <path>C:\Users\gentov\Downloads\</path>
         <kind>archive</kind>
         <file>rts6700.lib</file>
         <name>round.obj</name>
      </input_file>
      <input_file id="fl-1b">
         <path>C:\Users\gentov\Downloads\</path>
         <kind>archive</kind>
         <file>rts6700.lib</file>
         <name>sin.obj</name>
      </input_file>
      <input_file id="fl-1c">
         <path>C:\Users\gentov\Downloads\</path>
         <kind>archive</kind>
         <file>rts6700.lib</file>
         <name>strasg.obj</name>
      </input_file>
      <input_file id="fl-1d">
         <path>C:\Users\gentov\Downloads\</path>
         <kind>archive</kind>
         <file>rts6700.lib</file>
         <name>trunc.obj</name>
      </input_file>
      <input_file id="fl-1e">
         <path>C:\Users\gentov\Downloads\</path>
         <kind>archive</kind>
         <file>rts6700.lib</file>
         <name>_lock.obj</name>
      </input_file>
      <input_file id="fl-1f">
         <path>C:\Users\gentov\Downloads\</path>
         <kind>archive</kind>
         <file>rts6700.lib</file>
         <name>_printfi.obj</name>
      </input_file>
      <input_file id="fl-20">
         <path>C:\Users\gentov\Downloads\</path>
         <kind>archive</kind>
         <file>rts6700.lib</file>
         <name>args_main.obj</name>
      </input_file>
      <input_file id="fl-21">
         <path>C:\Users\gentov\Downloads\</path>
         <kind>archive</kind>
         <file>rts6700.lib</file>
         <name>atoi.obj</name>
      </input_file>
      <input_file id="fl-22">
         <path>C:\Users\gentov\Downloads\</path>
         <kind>archive</kind>
         <file>rts6700.lib</file>
         <name>autoinit.obj</name>
      </input_file>
      <input_file id="fl-23">
         <path>C:\Users\gentov\Downloads\</path>
         <kind>archive</kind>
         <file>rts6700.lib</file>
         <name>cpp_init.obj</name>
      </input_file>
      <input_file id="fl-24">
         <path>C:\Users\gentov\Downloads\</path>
         <kind>archive</kind>
         <file>rts6700.lib</file>
         <name>cpy_tbl.obj</name>
      </input_file>
      <input_file id="fl-25">
         <path>C:\Users\gentov\Downloads\</path>
         <kind>archive</kind>
         <file>rts6700.lib</file>
         <name>ctype.obj</name>
      </input_file>
      <input_file id="fl-26">
         <path>C:\Users\gentov\Downloads\</path>
         <kind>archive</kind>
         <file>rts6700.lib</file>
         <name>defs.obj</name>
      </input_file>
      <input_file id="fl-27">
         <path>C:\Users\gentov\Downloads\</path>
         <kind>archive</kind>
         <file>rts6700.lib</file>
         <name>divd.obj</name>
      </input_file>
      <input_file id="fl-28">
         <path>C:\Users\gentov\Downloads\</path>
         <kind>archive</kind>
         <file>rts6700.lib</file>
         <name>divu.obj</name>
      </input_file>
      <input_file id="fl-29">
         <path>C:\Users\gentov\Downloads\</path>
         <kind>archive</kind>
         <file>rts6700.lib</file>
         <name>fixdli.obj</name>
      </input_file>
      <input_file id="fl-2a">
         <path>C:\Users\gentov\Downloads\</path>
         <kind>archive</kind>
         <file>rts6700.lib</file>
         <name>fltlid.obj</name>
      </input_file>
      <input_file id="fl-2b">
         <path>C:\Users\gentov\Downloads\</path>
         <kind>archive</kind>
         <file>rts6700.lib</file>
         <name>fputc.obj</name>
      </input_file>
      <input_file id="fl-2c">
         <path>C:\Users\gentov\Downloads\</path>
         <kind>archive</kind>
         <file>rts6700.lib</file>
         <name>fputs.obj</name>
      </input_file>
      <input_file id="fl-2d">
         <path>C:\Users\gentov\Downloads\</path>
         <kind>archive</kind>
         <file>rts6700.lib</file>
         <name>frcmpyd_div.obj</name>
      </input_file>
      <input_file id="fl-2e">
         <path>C:\Users\gentov\Downloads\</path>
         <kind>archive</kind>
         <file>rts6700.lib</file>
         <name>imath40.obj</name>
      </input_file>
      <input_file id="fl-2f">
         <path>C:\Users\gentov\Downloads\</path>
         <kind>archive</kind>
         <file>rts6700.lib</file>
         <name>imath64.obj</name>
      </input_file>
      <input_file id="fl-30">
         <path>C:\Users\gentov\Downloads\</path>
         <kind>archive</kind>
         <file>rts6700.lib</file>
         <name>isinf.obj</name>
      </input_file>
      <input_file id="fl-31">
         <path>C:\Users\gentov\Downloads\</path>
         <kind>archive</kind>
         <file>rts6700.lib</file>
         <name>llshift.obj</name>
      </input_file>
      <input_file id="fl-32">
         <path>C:\Users\gentov\Downloads\</path>
         <kind>archive</kind>
         <file>rts6700.lib</file>
         <name>lowlev.obj</name>
      </input_file>
      <input_file id="fl-33">
         <path>C:\Users\gentov\Downloads\</path>
         <kind>archive</kind>
         <file>rts6700.lib</file>
         <name>ltoa.obj</name>
      </input_file>
      <input_file id="fl-34">
         <path>C:\Users\gentov\Downloads\</path>
         <kind>archive</kind>
         <file>rts6700.lib</file>
         <name>memccpy.obj</name>
      </input_file>
      <input_file id="fl-35">
         <path>C:\Users\gentov\Downloads\</path>
         <kind>archive</kind>
         <file>rts6700.lib</file>
         <name>memset.obj</name>
      </input_file>
      <input_file id="fl-36">
         <path>C:\Users\gentov\Downloads\</path>
         <kind>archive</kind>
         <file>rts6700.lib</file>
         <name>mpyll.obj</name>
      </input_file>
      <input_file id="fl-37">
         <path>C:\Users\gentov\Downloads\</path>
         <kind>archive</kind>
         <file>rts6700.lib</file>
         <name>negll.obj</name>
      </input_file>
      <input_file id="fl-38">
         <path>C:\Users\gentov\Downloads\</path>
         <kind>archive</kind>
         <file>rts6700.lib</file>
         <name>trgdrv.obj</name>
      </input_file>
      <input_file id="fl-39">
         <path>C:\Users\gentov\Downloads\</path>
         <kind>archive</kind>
         <file>rts6700.lib</file>
         <name>trgmsg.obj</name>
      </input_file>
      <input_file id="fl-3a">
         <path>C:\Users\gentov\Downloads\</path>
         <kind>archive</kind>
         <file>rts6700.lib</file>
         <name>_io_perm.obj</name>
      </input_file>
      <input_file id="fl-3b">
         <path>C:\Users\gentov\Downloads\</path>
         <kind>archive</kind>
         <file>rts6700.lib</file>
         <name>abs.obj</name>
      </input_file>
      <input_file id="fl-3c">
         <path>C:\Users\gentov\Downloads\</path>
         <kind>archive</kind>
         <file>rts6700.lib</file>
         <name>fflush.obj</name>
      </input_file>
      <input_file id="fl-3d">
         <path>C:\Users\gentov\Downloads\</path>
         <kind>archive</kind>
         <file>rts6700.lib</file>
         <name>fseek.obj</name>
      </input_file>
      <input_file id="fl-3e">
         <path>C:\Users\gentov\Downloads\</path>
         <kind>archive</kind>
         <file>rts6700.lib</file>
         <name>setvbuf.obj</name>
      </input_file>
      <input_file id="fl-3f">
         <path>C:\Users\gentov\Downloads\</path>
         <kind>archive</kind>
         <file>rts6700.lib</file>
         <name>fopen.obj</name>
      </input_file>
      <input_file id="fl-40">
         <path>C:\Users\gentov\Downloads\</path>
         <kind>archive</kind>
         <file>rts6700.lib</file>
         <name>fclose.obj</name>
      </input_file>
      <input_file id="fl-41">
         <path>C:\Users\gentov\Downloads\</path>
         <kind>archive</kind>
         <file>rts6700.lib</file>
         <name>remove.obj</name>
      </input_file>
      <input_file id="fl-42">
         <path>R:\ECE4703_B18\C6xCSL\lib_3x\</path>
         <kind>archive</kind>
         <file>csl6713.lib</file>
         <name>csl_mcbsp.obj</name>
      </input_file>
   </input_file_list>
   <object_component_list>
      <object_component id="oc-2c">
         <name>vectors</name>
         <load_address>0x0</load_address>
         <run_address>0x0</run_address>
         <size>0x200</size>
         <input_file_ref idref="fl-6"/>
      </object_component>
      <object_component id="oc-10e">
         <name>.text</name>
         <load_address>0x200</load_address>
         <run_address>0x200</run_address>
         <size>0x920</size>
         <input_file_ref idref="fl-5"/>
      </object_component>
      <object_component id="oc-145">
         <name>.text:__divd</name>
         <load_address>0xb20</load_address>
         <run_address>0xb20</run_address>
         <size>0x720</size>
         <input_file_ref idref="fl-27"/>
      </object_component>
      <object_component id="oc-13a">
         <name>.text:__getarg_diouxp</name>
         <load_address>0x1240</load_address>
         <run_address>0x1240</run_address>
         <size>0x6c0</size>
         <input_file_ref idref="fl-1f"/>
      </object_component>
      <object_component id="oc-128">
         <name>.text:__setfield</name>
         <load_address>0x1900</load_address>
         <run_address>0x1900</run_address>
         <size>0x640</size>
         <input_file_ref idref="fl-1f"/>
      </object_component>
      <object_component id="oc-123">
         <name>.text:__printfi</name>
         <load_address>0x1f40</load_address>
         <run_address>0x1f40</run_address>
         <size>0x560</size>
         <input_file_ref idref="fl-1f"/>
      </object_component>
      <object_component id="oc-124">
         <name>.text:_fputs</name>
         <load_address>0x24a0</load_address>
         <run_address>0x24a0</run_address>
         <size>0x4c0</size>
         <input_file_ref idref="fl-2c"/>
      </object_component>
      <object_component id="oc-36">
         <name>.text</name>
         <load_address>0x2960</load_address>
         <run_address>0x2960</run_address>
         <size>0x480</size>
         <input_file_ref idref="fl-d"/>
      </object_component>
      <object_component id="oc-143">
         <name>.text:_fcvt</name>
         <load_address>0x2de0</load_address>
         <run_address>0x2de0</run_address>
         <size>0x420</size>
         <input_file_ref idref="fl-1f"/>
      </object_component>
      <object_component id="oc-12f">
         <name>.text:__pproc_fge</name>
         <load_address>0x3200</load_address>
         <run_address>0x3200</run_address>
         <size>0x400</size>
         <input_file_ref idref="fl-1f"/>
      </object_component>
      <object_component id="oc-140">
         <name>.text:_ecvt</name>
         <load_address>0x3600</load_address>
         <run_address>0x3600</run_address>
         <size>0x400</size>
         <input_file_ref idref="fl-1f"/>
      </object_component>
      <object_component id="oc-150">
         <name>.text:__divull</name>
         <load_address>0x3a00</load_address>
         <run_address>0x3a00</run_address>
         <size>0x380</size>
         <input_file_ref idref="fl-2f"/>
      </object_component>
      <object_component id="oc-13e">
         <name>.text:_free</name>
         <load_address>0x3d80</load_address>
         <run_address>0x3d80</run_address>
         <size>0x380</size>
         <input_file_ref idref="fl-17"/>
      </object_component>
      <object_component id="oc-139">
         <name>.text:__pconv_e</name>
         <load_address>0x4100</load_address>
         <run_address>0x4100</run_address>
         <size>0x360</size>
         <input_file_ref idref="fl-1f"/>
      </object_component>
      <object_component id="oc-127">
         <name>.text:__pproc_fwp</name>
         <load_address>0x4460</load_address>
         <run_address>0x4460</run_address>
         <size>0x360</size>
         <input_file_ref idref="fl-1f"/>
      </object_component>
      <object_component id="oc-114">
         <name>.text:_cos</name>
         <load_address>0x47c0</load_address>
         <run_address>0x47c0</run_address>
         <size>0x340</size>
         <input_file_ref idref="fl-13"/>
      </object_component>
      <object_component id="oc-130">
         <name>.text:__pproc_diouxp</name>
         <load_address>0x4b00</load_address>
         <run_address>0x4b00</run_address>
         <size>0x300</size>
         <input_file_ref idref="fl-1f"/>
      </object_component>
      <object_component id="oc-3c">
         <name>.text</name>
         <load_address>0x4e00</load_address>
         <run_address>0x4e00</run_address>
         <size>0x300</size>
         <input_file_ref idref="fl-e"/>
      </object_component>
      <object_component id="oc-115">
         <name>.text:_sin</name>
         <load_address>0x5100</load_address>
         <run_address>0x5100</run_address>
         <size>0x2e0</size>
         <input_file_ref idref="fl-1b"/>
      </object_component>
      <object_component id="oc-129">
         <name>.text:__pproc_str</name>
         <load_address>0x53e0</load_address>
         <run_address>0x53e0</run_address>
         <size>0x2c0</size>
         <input_file_ref idref="fl-1f"/>
      </object_component>
      <object_component id="oc-133">
         <name>.text:_setvbuf</name>
         <load_address>0x56a0</load_address>
         <run_address>0x56a0</run_address>
         <size>0x2c0</size>
         <input_file_ref idref="fl-3e"/>
      </object_component>
      <object_component id="oc-137">
         <name>.text:__pconv_g</name>
         <load_address>0x5960</load_address>
         <run_address>0x5960</run_address>
         <size>0x2a0</size>
         <input_file_ref idref="fl-1f"/>
      </object_component>
      <object_component id="oc-125">
         <name>.text:_fputc</name>
         <load_address>0x5c00</load_address>
         <run_address>0x5c00</run_address>
         <size>0x2a0</size>
         <input_file_ref idref="fl-2b"/>
      </object_component>
      <object_component id="oc-1c">
         <name>.text</name>
         <load_address>0x5ea0</load_address>
         <run_address>0x5ea0</run_address>
         <size>0x280</size>
         <input_file_ref idref="fl-3"/>
      </object_component>
      <object_component id="oc-27">
         <name>.text:retain</name>
         <load_address>0x6120</load_address>
         <run_address>0x6120</run_address>
         <size>0x280</size>
         <input_file_ref idref="fl-5"/>
      </object_component>
      <object_component id="oc-14f">
         <name>.text:__divul</name>
         <load_address>0x63a0</load_address>
         <run_address>0x63a0</run_address>
         <size>0x260</size>
         <input_file_ref idref="fl-2e"/>
      </object_component>
      <object_component id="oc-142">
         <name>.text:__mcpy</name>
         <load_address>0x6600</load_address>
         <run_address>0x6600</run_address>
         <size>0x240</size>
         <input_file_ref idref="fl-1f"/>
      </object_component>
      <object_component id="oc-118">
         <name>.text:_malloc</name>
         <load_address>0x6840</load_address>
         <run_address>0x6840</run_address>
         <size>0x240</size>
         <input_file_ref idref="fl-17"/>
      </object_component>
      <object_component id="oc-10c">
         <name>.text:_memcpy</name>
         <load_address>0x6a80</load_address>
         <run_address>0x6a80</run_address>
         <size>0x240</size>
         <input_file_ref idref="fl-16"/>
      </object_component>
      <object_component id="oc-10a">
         <name>.text:_HOSTrename</name>
         <load_address>0x6cc0</load_address>
         <run_address>0x6cc0</run_address>
         <size>0x220</size>
         <input_file_ref idref="fl-38"/>
      </object_component>
      <object_component id="oc-158">
         <name>.text:_getdevice</name>
         <load_address>0x6ee0</load_address>
         <run_address>0x6ee0</run_address>
         <size>0x1e0</size>
         <input_file_ref idref="fl-32"/>
      </object_component>
      <object_component id="oc-4e">
         <name>.text</name>
         <load_address>0x70c0</load_address>
         <run_address>0x70c0</run_address>
         <size>0x1e0</size>
         <input_file_ref idref="fl-11"/>
      </object_component>
      <object_component id="oc-113">
         <name>.text:_IRQ_map</name>
         <load_address>0x72a0</load_address>
         <run_address>0x72a0</run_address>
         <size>0x1c0</size>
         <input_file_ref idref="fl-c"/>
      </object_component>
      <object_component id="oc-132">
         <name>.text:_fseek</name>
         <load_address>0x7460</load_address>
         <run_address>0x7460</run_address>
         <size>0x1c0</size>
         <input_file_ref idref="fl-3d"/>
      </object_component>
      <object_component id="oc-110">
         <name>.text:_MCBSP_reset</name>
         <load_address>0x7620</load_address>
         <run_address>0x7620</run_address>
         <size>0x1a0</size>
         <input_file_ref idref="fl-42"/>
      </object_component>
      <object_component id="oc-13c">
         <name>.text:__ltostr</name>
         <load_address>0x77c0</load_address>
         <run_address>0x77c0</run_address>
         <size>0x1a0</size>
         <input_file_ref idref="fl-1f"/>
      </object_component>
      <object_component id="oc-126">
         <name>.text:__pproc_fflags</name>
         <load_address>0x7960</load_address>
         <run_address>0x7960</run_address>
         <size>0x1a0</size>
         <input_file_ref idref="fl-1f"/>
      </object_component>
      <object_component id="oc-19">
         <name>.text</name>
         <load_address>0x7b00</load_address>
         <run_address>0x7b00</run_address>
         <size>0x1a0</size>
         <input_file_ref idref="fl-2"/>
      </object_component>
      <object_component id="oc-108">
         <name>.text:_HOSTlseek</name>
         <load_address>0x7ca0</load_address>
         <run_address>0x7ca0</run_address>
         <size>0x160</size>
         <input_file_ref idref="fl-38"/>
      </object_component>
      <object_component id="oc-148">
         <name>.text:__closefile</name>
         <load_address>0x7e00</load_address>
         <run_address>0x7e00</run_address>
         <size>0x160</size>
         <input_file_ref idref="fl-40"/>
      </object_component>
      <object_component id="oc-117">
         <name>.text</name>
         <load_address>0x7f60</load_address>
         <run_address>0x7f60</run_address>
         <size>0x160</size>
         <input_file_ref idref="fl-4"/>
      </object_component>
      <object_component id="oc-106">
         <name>.text:_HOSTread</name>
         <load_address>0x80c0</load_address>
         <run_address>0x80c0</run_address>
         <size>0x140</size>
         <input_file_ref idref="fl-38"/>
      </object_component>
      <object_component id="oc-14d">
         <name>.text:__frcmpyd_div</name>
         <load_address>0x8200</load_address>
         <run_address>0x8200</run_address>
         <size>0x140</size>
         <input_file_ref idref="fl-2d"/>
      </object_component>
      <object_component id="oc-ff">
         <name>.text:__strasgi</name>
         <load_address>0x8340</load_address>
         <run_address>0x8340</run_address>
         <size>0x140</size>
         <input_file_ref idref="fl-1c"/>
      </object_component>
      <object_component id="oc-12e">
         <name>.text:_atoi</name>
         <load_address>0x8480</load_address>
         <run_address>0x8480</run_address>
         <size>0x140</size>
         <input_file_ref idref="fl-21"/>
      </object_component>
      <object_component id="oc-14a">
         <name>.text:_ltoa</name>
         <load_address>0x85c0</load_address>
         <run_address>0x85c0</run_address>
         <size>0x140</size>
         <input_file_ref idref="fl-33"/>
      </object_component>
      <object_component id="oc-42">
         <name>.text</name>
         <load_address>0x8700</load_address>
         <run_address>0x8700</run_address>
         <size>0x140</size>
         <input_file_ref idref="fl-f"/>
      </object_component>
      <object_component id="oc-104">
         <name>.text:_HOSTopen</name>
         <load_address>0x8840</load_address>
         <run_address>0x8840</run_address>
         <size>0x120</size>
         <input_file_ref idref="fl-38"/>
      </object_component>
      <object_component id="oc-107">
         <name>.text:_HOSTwrite</name>
         <load_address>0x8960</load_address>
         <run_address>0x8960</run_address>
         <size>0x120</size>
         <input_file_ref idref="fl-38"/>
      </object_component>
      <object_component id="oc-11e">
         <name>.text:__divi</name>
         <load_address>0x8a80</load_address>
         <run_address>0x8a80</run_address>
         <size>0x120</size>
         <input_file_ref idref="fl-14"/>
      </object_component>
      <object_component id="oc-12a">
         <name>.text:__wrt_ok</name>
         <load_address>0x8ba0</load_address>
         <run_address>0x8ba0</run_address>
         <size>0x120</size>
         <input_file_ref idref="fl-3a"/>
      </object_component>
      <object_component id="oc-151">
         <name>.text:_close</name>
         <load_address>0x8cc0</load_address>
         <run_address>0x8cc0</run_address>
         <size>0x120</size>
         <input_file_ref idref="fl-32"/>
      </object_component>
      <object_component id="oc-12d">
         <name>.text:_memset</name>
         <load_address>0x8de0</load_address>
         <run_address>0x8de0</run_address>
         <size>0x120</size>
         <input_file_ref idref="fl-35"/>
      </object_component>
      <object_component id="oc-105">
         <name>.text:_HOSTclose</name>
         <load_address>0x8f00</load_address>
         <run_address>0x8f00</run_address>
         <size>0x100</size>
         <input_file_ref idref="fl-38"/>
      </object_component>
      <object_component id="oc-109">
         <name>.text:_HOSTunlink</name>
         <load_address>0x9000</load_address>
         <run_address>0x9000</run_address>
         <size>0x100</size>
         <input_file_ref idref="fl-38"/>
      </object_component>
      <object_component id="oc-101">
         <name>.text:_MCBSP_open</name>
         <load_address>0x9100</load_address>
         <run_address>0x9100</run_address>
         <size>0x100</size>
         <input_file_ref idref="fl-42"/>
      </object_component>
      <object_component id="oc-102">
         <name>.text:_MCBSP_start</name>
         <load_address>0x9200</load_address>
         <run_address>0x9200</run_address>
         <size>0x100</size>
         <input_file_ref idref="fl-42"/>
      </object_component>
      <object_component id="oc-fc">
         <name>.text:__auto_init</name>
         <load_address>0x9300</load_address>
         <run_address>0x9300</run_address>
         <size>0x100</size>
         <input_file_ref idref="fl-22"/>
      </object_component>
      <object_component id="oc-146">
         <name>.text:__div</name>
         <load_address>0x9400</load_address>
         <run_address>0x9400</run_address>
         <size>0x100</size>
         <input_file_ref idref="fl-1f"/>
      </object_component>
      <object_component id="oc-154">
         <name>.text:__divli</name>
         <load_address>0x9500</load_address>
         <run_address>0x9500</run_address>
         <size>0x100</size>
         <input_file_ref idref="fl-2e"/>
      </object_component>
      <object_component id="oc-138">
         <name>.text:__pconv_f</name>
         <load_address>0x9600</load_address>
         <run_address>0x9600</run_address>
         <size>0x100</size>
         <input_file_ref idref="fl-1f"/>
      </object_component>
      <object_component id="oc-13d">
         <name>.text:_lseek</name>
         <load_address>0x9700</load_address>
         <run_address>0x9700</run_address>
         <size>0x100</size>
         <input_file_ref idref="fl-32"/>
      </object_component>
      <object_component id="oc-119">
         <name>.text:_printf</name>
         <load_address>0x9800</load_address>
         <run_address>0x9800</run_address>
         <size>0x100</size>
         <input_file_ref idref="fl-19"/>
      </object_component>
      <object_component id="oc-12c">
         <name>.text:_write</name>
         <load_address>0x9900</load_address>
         <run_address>0x9900</run_address>
         <size>0x100</size>
         <input_file_ref idref="fl-32"/>
      </object_component>
      <object_component id="oc-13f">
         <name>.text:__cleanup</name>
         <load_address>0x9a00</load_address>
         <run_address>0x9a00</run_address>
         <size>0xe0</size>
         <input_file_ref idref="fl-3f"/>
      </object_component>
      <object_component id="oc-12b">
         <name>.text:__doflush</name>
         <load_address>0x9ae0</load_address>
         <run_address>0x9ae0</run_address>
         <size>0xe0</size>
         <input_file_ref idref="fl-3c"/>
      </object_component>
      <object_component id="oc-141">
         <name>.text:__ecpy</name>
         <load_address>0x9bc0</load_address>
         <run_address>0x9bc0</run_address>
         <size>0xe0</size>
         <input_file_ref idref="fl-1f"/>
      </object_component>
      <object_component id="oc-144">
         <name>.text:__fcpy</name>
         <load_address>0x9ca0</load_address>
         <run_address>0x9ca0</run_address>
         <size>0xe0</size>
         <input_file_ref idref="fl-1f"/>
      </object_component>
      <object_component id="oc-11c">
         <name>.text:__nround</name>
         <load_address>0x9d80</load_address>
         <run_address>0x9d80</run_address>
         <size>0xe0</size>
         <input_file_ref idref="fl-1a"/>
      </object_component>
      <object_component id="oc-100">
         <name>.text:__strasg</name>
         <load_address>0x9e60</load_address>
         <run_address>0x9e60</run_address>
         <size>0xe0</size>
         <input_file_ref idref="fl-1c"/>
      </object_component>
      <object_component id="oc-fe">
         <name>.text:_exit</name>
         <load_address>0x9f40</load_address>
         <run_address>0x9f40</run_address>
         <size>0xe0</size>
         <input_file_ref idref="fl-15"/>
      </object_component>
      <object_component id="oc-120">
         <name>.text:_minsert</name>
         <load_address>0xa020</load_address>
         <run_address>0xa020</run_address>
         <size>0xe0</size>
         <input_file_ref idref="fl-17"/>
      </object_component>
      <object_component id="oc-11d">
         <name>.text:_modf</name>
         <load_address>0xa100</load_address>
         <run_address>0xa100</run_address>
         <size>0xe0</size>
         <input_file_ref idref="fl-18"/>
      </object_component>
      <object_component id="oc-11f">
         <name>.text:_mremove</name>
         <load_address>0xa1e0</load_address>
         <run_address>0xa1e0</run_address>
         <size>0xe0</size>
         <input_file_ref idref="fl-17"/>
      </object_component>
      <object_component id="oc-14e">
         <name>.text:__divu</name>
         <load_address>0xa2c0</load_address>
         <run_address>0xa2c0</run_address>
         <size>0xc0</size>
         <input_file_ref idref="fl-28"/>
      </object_component>
      <object_component id="oc-10b">
         <name>.text:_copy_in</name>
         <load_address>0xa380</load_address>
         <run_address>0xa380</run_address>
         <size>0xc0</size>
         <input_file_ref idref="fl-24"/>
      </object_component>
      <object_component id="oc-159">
         <name>.text:_finddevice</name>
         <load_address>0xa440</load_address>
         <run_address>0xa440</run_address>
         <size>0xc0</size>
         <input_file_ref idref="fl-32"/>
      </object_component>
      <object_component id="oc-48">
         <name>.text</name>
         <load_address>0xa500</load_address>
         <run_address>0xa500</run_address>
         <size>0xc0</size>
         <input_file_ref idref="fl-10"/>
      </object_component>
      <object_component id="oc-149">
         <name>.text:__fixdli</name>
         <load_address>0xa5c0</load_address>
         <run_address>0xa5c0</run_address>
         <size>0xa0</size>
         <input_file_ref idref="fl-29"/>
      </object_component>
      <object_component id="oc-147">
         <name>.text:__mpyll</name>
         <load_address>0xa660</load_address>
         <run_address>0xa660</run_address>
         <size>0xa0</size>
         <input_file_ref idref="fl-36"/>
      </object_component>
      <object_component id="oc-153">
         <name>.text:__remli</name>
         <load_address>0xa700</load_address>
         <run_address>0xa700</run_address>
         <size>0xa0</size>
         <input_file_ref idref="fl-2e"/>
      </object_component>
      <object_component id="oc-112">
         <name>.text:_readmsg</name>
         <load_address>0xa7a0</load_address>
         <run_address>0xa7a0</run_address>
         <size>0xa0</size>
         <input_file_ref idref="fl-39"/>
      </object_component>
      <object_component id="oc-11a">
         <name>.text:_setMux</name>
         <load_address>0xa840</load_address>
         <run_address>0xa840</run_address>
         <size>0xa0</size>
         <input_file_ref idref="fl-c"/>
      </object_component>
      <object_component id="oc-157">
         <name>.text:_unlink</name>
         <load_address>0xa8e0</load_address>
         <run_address>0xa8e0</run_address>
         <size>0xa0</size>
         <input_file_ref idref="fl-32"/>
      </object_component>
      <object_component id="oc-111">
         <name>.text:_writemsg</name>
         <load_address>0xa980</load_address>
         <run_address>0xa980</run_address>
         <size>0xa0</size>
         <input_file_ref idref="fl-39"/>
      </object_component>
      <object_component id="oc-10d">
         <name>.text:___TI_cpp_init</name>
         <load_address>0xaa20</load_address>
         <run_address>0xaa20</run_address>
         <size>0x80</size>
         <input_file_ref idref="fl-23"/>
      </object_component>
      <object_component id="oc-14b">
         <name>.text:__fltlid</name>
         <load_address>0xaaa0</load_address>
         <run_address>0xaaa0</run_address>
         <size>0x80</size>
         <input_file_ref idref="fl-2a"/>
      </object_component>
      <object_component id="oc-155">
         <name>.text:__llshl</name>
         <load_address>0xab20</load_address>
         <run_address>0xab20</run_address>
         <size>0x80</size>
         <input_file_ref idref="fl-31"/>
      </object_component>
      <object_component id="oc-18">
         <name>.text:_c_int00</name>
         <load_address>0xaba0</load_address>
         <run_address>0xaba0</run_address>
         <size>0x80</size>
         <input_file_ref idref="fl-12"/>
      </object_component>
      <object_component id="oc-131">
         <name>.text:_memccpy</name>
         <load_address>0xac20</load_address>
         <run_address>0xac20</run_address>
         <size>0x80</size>
         <input_file_ref idref="fl-34"/>
      </object_component>
      <object_component id="oc-136">
         <name>.text:___isinf</name>
         <load_address>0xaca0</load_address>
         <run_address>0xaca0</run_address>
         <size>0x60</size>
         <input_file_ref idref="fl-30"/>
      </object_component>
      <object_component id="oc-14c">
         <name>.text:__llshru</name>
         <load_address>0xad00</load_address>
         <run_address>0xad00</run_address>
         <size>0x60</size>
         <input_file_ref idref="fl-31"/>
      </object_component>
      <object_component id="oc-156">
         <name>.text:__subcull</name>
         <load_address>0xad60</load_address>
         <run_address>0xad60</run_address>
         <size>0x60</size>
         <input_file_ref idref="fl-2f"/>
      </object_component>
      <object_component id="oc-135">
         <name>.text:___isnan</name>
         <load_address>0xadc0</load_address>
         <run_address>0xadc0</run_address>
         <size>0x40</size>
         <input_file_ref idref="fl-1f"/>
      </object_component>
      <object_component id="oc-fd">
         <name>.text:__args_main</name>
         <load_address>0xae00</load_address>
         <run_address>0xae00</run_address>
         <size>0x40</size>
         <input_file_ref idref="fl-20"/>
      </object_component>
      <object_component id="oc-11b">
         <name>.text:__trunc</name>
         <load_address>0xae40</load_address>
         <run_address>0xae40</run_address>
         <size>0x40</size>
         <input_file_ref idref="fl-1d"/>
      </object_component>
      <object_component id="oc-13b">
         <name>.text:__negll</name>
         <load_address>0xae80</load_address>
         <run_address>0xae80</run_address>
         <size>0x20</size>
         <input_file_ref idref="fl-37"/>
      </object_component>
      <object_component id="oc-103">
         <name>.text:__nop</name>
         <load_address>0xaea0</load_address>
         <run_address>0xaea0</run_address>
         <size>0x20</size>
         <input_file_ref idref="fl-1e"/>
      </object_component>
      <object_component id="oc-122">
         <name>.text:__outc</name>
         <load_address>0xaec0</load_address>
         <run_address>0xaec0</run_address>
         <size>0x20</size>
         <input_file_ref idref="fl-19"/>
      </object_component>
      <object_component id="oc-121">
         <name>.text:__outs</name>
         <load_address>0xaee0</load_address>
         <run_address>0xaee0</run_address>
         <size>0x20</size>
         <input_file_ref idref="fl-19"/>
      </object_component>
      <object_component id="oc-10f">
         <name>.text:_abort</name>
         <load_address>0xaf00</load_address>
         <run_address>0xaf00</run_address>
         <size>0x20</size>
         <input_file_ref idref="fl-15"/>
      </object_component>
      <object_component id="oc-152">
         <name>.text:_remove</name>
         <load_address>0xaf20</load_address>
         <run_address>0xaf20</run_address>
         <size>0x20</size>
         <input_file_ref idref="fl-41"/>
      </object_component>
      <object_component id="oc-30">
         <name>.text</name>
         <load_address>0xaf40</load_address>
         <run_address>0xaf40</run_address>
         <size>0x20</size>
         <input_file_ref idref="fl-c"/>
      </object_component>
      <object_component id="oc-54">
         <name>.stack</name>
         <uninitialized>true</uninitialized>
         <run_address>0xc180</run_address>
         <size>0x8</size>
         <input_file_ref idref="fl-12"/>
      </object_component>
      <object_component id="oc-179">
         <name>.stack</name>
         <uninitialized>true</uninitialized>
         <run_address>0xc180</run_address>
         <size>0x0</size>
      </object_component>
      <object_component id="oc-da">
         <name>.cio</name>
         <uninitialized>true</uninitialized>
         <run_address>0xcb54</run_address>
         <size>0x120</size>
         <input_file_ref idref="fl-39"/>
      </object_component>
      <object_component id="oc-134">
         <name>.const:.string:__ctypes_</name>
         <load_address>0xc980</load_address>
         <run_address>0xc980</run_address>
         <size>0x101</size>
         <input_file_ref idref="fl-25"/>
      </object_component>
      <object_component id="oc-af">
         <name>.const:.string</name>
         <load_address>0xca81</load_address>
         <run_address>0xca81</run_address>
         <size>0x2</size>
         <input_file_ref idref="fl-2c"/>
      </object_component>
      <object_component id="oc-3e">
         <name>.const</name>
         <load_address>0xca84</load_address>
         <run_address>0xca84</run_address>
         <size>0x40</size>
         <input_file_ref idref="fl-e"/>
      </object_component>
      <object_component id="oc-116">
         <name>.const:_B</name>
         <load_address>0xcac4</load_address>
         <run_address>0xcac4</run_address>
         <size>0x2c</size>
         <input_file_ref idref="fl-5"/>
      </object_component>
      <object_component id="oc-87">
         <name>.const:.string</name>
         <load_address>0xcaf0</load_address>
         <run_address>0xcaf0</run_address>
         <size>0x23</size>
         <input_file_ref idref="fl-1f"/>
      </object_component>
      <object_component id="oc-38">
         <name>.const</name>
         <load_address>0xcb14</load_address>
         <run_address>0xcb14</run_address>
         <size>0x20</size>
         <input_file_ref idref="fl-d"/>
      </object_component>
      <object_component id="oc-28">
         <name>.const:.string</name>
         <load_address>0xcb34</load_address>
         <run_address>0xcb34</run_address>
         <size>0x1c</size>
         <input_file_ref idref="fl-5"/>
      </object_component>
      <object_component id="oc-25">
         <name>.const</name>
         <load_address>0xcb50</load_address>
         <run_address>0xcb50</run_address>
         <size>0x4</size>
         <input_file_ref idref="fl-5"/>
      </object_component>
      <object_component id="oc-6a">
         <name>.sysmem</name>
         <uninitialized>true</uninitialized>
         <run_address>0xc580</run_address>
         <size>0x8</size>
         <input_file_ref idref="fl-17"/>
      </object_component>
      <object_component id="oc-17a">
         <name>.sysmem</name>
         <uninitialized>true</uninitialized>
         <run_address>0xc580</run_address>
         <size>0x0</size>
      </object_component>
      <object_component id="oc-26">
         <name>.far</name>
         <uninitialized>true</uninitialized>
         <run_address>0xaf60</run_address>
         <size>0x75c</size>
         <input_file_ref idref="fl-5"/>
      </object_component>
      <object_component id="oc-32">
         <name>.far</name>
         <uninitialized>true</uninitialized>
         <run_address>0xbafc</run_address>
         <size>0xf4</size>
         <input_file_ref idref="fl-c"/>
      </object_component>
      <object_component id="oc-37">
         <name>.far</name>
         <uninitialized>true</uninitialized>
         <run_address>0xbd20</run_address>
         <size>0x2</size>
         <input_file_ref idref="fl-d"/>
      </object_component>
      <object_component id="oc-3d">
         <name>.far</name>
         <uninitialized>true</uninitialized>
         <run_address>0xbcfc</run_address>
         <size>0x8</size>
         <input_file_ref idref="fl-e"/>
      </object_component>
      <object_component id="oc-44">
         <name>.far</name>
         <uninitialized>true</uninitialized>
         <run_address>0xbca8</run_address>
         <size>0x28</size>
         <input_file_ref idref="fl-f"/>
      </object_component>
      <object_component id="oc-4a">
         <name>.far</name>
         <uninitialized>true</uninitialized>
         <run_address>0xbcd0</run_address>
         <size>0x20</size>
         <input_file_ref idref="fl-10"/>
      </object_component>
      <object_component id="oc-4f">
         <name>.far</name>
         <uninitialized>true</uninitialized>
         <run_address>0xbd22</run_address>
         <size>0x2</size>
         <input_file_ref idref="fl-11"/>
      </object_component>
      <object_component id="oc-59">
         <name>.far</name>
         <uninitialized>true</uninitialized>
         <run_address>0xbbf0</run_address>
         <size>0x40</size>
         <input_file_ref idref="fl-13"/>
      </object_component>
      <object_component id="oc-61">
         <name>.far</name>
         <uninitialized>true</uninitialized>
         <run_address>0xbcf0</run_address>
         <size>0xc</size>
         <input_file_ref idref="fl-15"/>
      </object_component>
      <object_component id="oc-69">
         <name>.far</name>
         <uninitialized>true</uninitialized>
         <run_address>0xbd0c</run_address>
         <size>0x8</size>
         <input_file_ref idref="fl-17"/>
      </object_component>
      <object_component id="oc-78">
         <name>.far</name>
         <uninitialized>true</uninitialized>
         <run_address>0xbc30</run_address>
         <size>0x40</size>
         <input_file_ref idref="fl-1b"/>
      </object_component>
      <object_component id="oc-83">
         <name>.far</name>
         <uninitialized>true</uninitialized>
         <run_address>0xbd04</run_address>
         <size>0x8</size>
         <input_file_ref idref="fl-1e"/>
      </object_component>
      <object_component id="oc-9d">
         <name>.far</name>
         <uninitialized>true</uninitialized>
         <run_address>0xb6bc</run_address>
         <size>0x324</size>
         <input_file_ref idref="fl-26"/>
      </object_component>
      <object_component id="oc-c3">
         <name>.far</name>
         <uninitialized>true</uninitialized>
         <run_address>0xb9e0</run_address>
         <size>0x11c</size>
         <input_file_ref idref="fl-32"/>
      </object_component>
      <object_component id="oc-d6">
         <name>.far</name>
         <uninitialized>true</uninitialized>
         <run_address>0xbd14</run_address>
         <size>0x8</size>
         <input_file_ref idref="fl-38"/>
      </object_component>
      <object_component id="oc-ee">
         <name>.far</name>
         <uninitialized>true</uninitialized>
         <run_address>0xbd1c</run_address>
         <size>0x4</size>
         <input_file_ref idref="fl-3f"/>
      </object_component>
      <object_component id="oc-f8">
         <name>.far</name>
         <uninitialized>true</uninitialized>
         <run_address>0xbc70</run_address>
         <size>0x38</size>
         <input_file_ref idref="fl-42"/>
      </object_component>
      <object_component id="oc-31">
         <name>.cinit</name>
         <load_address>0xbd28</load_address>
         <run_address>0xbd28</run_address>
         <size>0x12c</size>
         <input_file_ref idref="fl-c"/>
      </object_component>
      <object_component id="oc-24">
         <name>.cinit</name>
         <load_address>0xbe58</load_address>
         <run_address>0xbe58</run_address>
         <size>0x8c</size>
         <input_file_ref idref="fl-5"/>
      </object_component>
      <object_component id="oc-9c">
         <name>.cinit</name>
         <load_address>0xbee8</load_address>
         <run_address>0xbee8</run_address>
         <size>0x5c</size>
         <input_file_ref idref="fl-26"/>
      </object_component>
      <object_component id="oc-c2">
         <name>.cinit</name>
         <load_address>0xbf48</load_address>
         <run_address>0xbf48</run_address>
         <size>0x5c</size>
         <input_file_ref idref="fl-32"/>
      </object_component>
      <object_component id="oc-f7">
         <name>.cinit</name>
         <load_address>0xbfa8</load_address>
         <run_address>0xbfa8</run_address>
         <size>0x54</size>
         <input_file_ref idref="fl-42"/>
      </object_component>
      <object_component id="oc-58">
         <name>.cinit</name>
         <load_address>0xc000</load_address>
         <run_address>0xc000</run_address>
         <size>0x48</size>
         <input_file_ref idref="fl-13"/>
      </object_component>
      <object_component id="oc-77">
         <name>.cinit</name>
         <load_address>0xc048</load_address>
         <run_address>0xc048</run_address>
         <size>0x48</size>
         <input_file_ref idref="fl-1b"/>
      </object_component>
      <object_component id="oc-43">
         <name>.cinit</name>
         <load_address>0xc090</load_address>
         <run_address>0xc090</run_address>
         <size>0x30</size>
         <input_file_ref idref="fl-f"/>
      </object_component>
      <object_component id="oc-60">
         <name>.cinit</name>
         <load_address>0xc0c0</load_address>
         <run_address>0xc0c0</run_address>
         <size>0x2c</size>
         <input_file_ref idref="fl-15"/>
      </object_component>
      <object_component id="oc-68">
         <name>.cinit</name>
         <load_address>0xc0f0</load_address>
         <run_address>0xc0f0</run_address>
         <size>0x2c</size>
         <input_file_ref idref="fl-17"/>
      </object_component>
      <object_component id="oc-49">
         <name>.cinit</name>
         <load_address>0xc120</load_address>
         <run_address>0xc120</run_address>
         <size>0x28</size>
         <input_file_ref idref="fl-10"/>
      </object_component>
      <object_component id="oc-82">
         <name>.cinit</name>
         <load_address>0xc148</load_address>
         <run_address>0xc148</run_address>
         <size>0x1c</size>
         <input_file_ref idref="fl-1e"/>
      </object_component>
      <object_component id="oc-ed">
         <name>.cinit</name>
         <load_address>0xc168</load_address>
         <run_address>0xc168</run_address>
         <size>0xc</size>
         <input_file_ref idref="fl-3f"/>
      </object_component>
      <object_component id="oc-1a">
         <name>.debug_info</name>
         <load_address>0x0</load_address>
         <run_address>0x0</run_address>
         <size>0x5be</size>
         <input_file_ref idref="fl-2"/>
      </object_component>
      <object_component id="oc-1d">
         <name>.debug_info</name>
         <load_address>0x5be</load_address>
         <run_address>0x5be</run_address>
         <size>0x5c2</size>
         <input_file_ref idref="fl-3"/>
      </object_component>
      <object_component id="oc-1f">
         <name>.debug_info</name>
         <load_address>0xb80</load_address>
         <run_address>0xb80</run_address>
         <size>0x80d</size>
         <input_file_ref idref="fl-4"/>
      </object_component>
      <object_component id="oc-23">
         <name>.debug_info</name>
         <load_address>0x138d</load_address>
         <run_address>0x138d</run_address>
         <size>0x14fc</size>
         <input_file_ref idref="fl-5"/>
      </object_component>
      <object_component id="oc-2d">
         <name>.debug_info</name>
         <load_address>0x2889</load_address>
         <run_address>0x2889</run_address>
         <size>0xb8</size>
         <input_file_ref idref="fl-6"/>
      </object_component>
      <object_component id="oc-34">
         <name>.debug_info</name>
         <load_address>0x2941</load_address>
         <run_address>0x2941</run_address>
         <size>0x9df</size>
         <input_file_ref idref="fl-c"/>
      </object_component>
      <object_component id="oc-3a">
         <name>.debug_info</name>
         <load_address>0x3320</load_address>
         <run_address>0x3320</run_address>
         <size>0x8a7</size>
         <input_file_ref idref="fl-d"/>
      </object_component>
      <object_component id="oc-40">
         <name>.debug_info</name>
         <load_address>0x3bc7</load_address>
         <run_address>0x3bc7</run_address>
         <size>0x89f</size>
         <input_file_ref idref="fl-e"/>
      </object_component>
      <object_component id="oc-46">
         <name>.debug_info</name>
         <load_address>0x4466</load_address>
         <run_address>0x4466</run_address>
         <size>0x929</size>
         <input_file_ref idref="fl-f"/>
      </object_component>
      <object_component id="oc-4c">
         <name>.debug_info</name>
         <load_address>0x4d8f</load_address>
         <run_address>0x4d8f</run_address>
         <size>0x5b3</size>
         <input_file_ref idref="fl-10"/>
      </object_component>
      <object_component id="oc-51">
         <name>.debug_info</name>
         <load_address>0x5342</load_address>
         <run_address>0x5342</run_address>
         <size>0x60b</size>
         <input_file_ref idref="fl-11"/>
      </object_component>
      <object_component id="oc-53">
         <name>.debug_info</name>
         <load_address>0x594d</load_address>
         <run_address>0x594d</run_address>
         <size>0x709</size>
         <input_file_ref idref="fl-12"/>
      </object_component>
      <object_component id="oc-57">
         <name>.debug_info</name>
         <load_address>0x6056</load_address>
         <run_address>0x6056</run_address>
         <size>0x710</size>
         <input_file_ref idref="fl-13"/>
      </object_component>
      <object_component id="oc-5c">
         <name>.debug_info</name>
         <load_address>0x6766</load_address>
         <run_address>0x6766</run_address>
         <size>0xd0</size>
         <input_file_ref idref="fl-14"/>
      </object_component>
      <object_component id="oc-5f">
         <name>.debug_info</name>
         <load_address>0x6836</load_address>
         <run_address>0x6836</run_address>
         <size>0x7f8</size>
         <input_file_ref idref="fl-15"/>
      </object_component>
      <object_component id="oc-64">
         <name>.debug_info</name>
         <load_address>0x702e</load_address>
         <run_address>0x702e</run_address>
         <size>0x786</size>
         <input_file_ref idref="fl-16"/>
      </object_component>
      <object_component id="oc-67">
         <name>.debug_info</name>
         <load_address>0x77b4</load_address>
         <run_address>0x77b4</run_address>
         <size>0xb31</size>
         <input_file_ref idref="fl-17"/>
      </object_component>
      <object_component id="oc-6d">
         <name>.debug_info</name>
         <load_address>0x82e5</load_address>
         <run_address>0x82e5</run_address>
         <size>0x67e</size>
         <input_file_ref idref="fl-18"/>
      </object_component>
      <object_component id="oc-70">
         <name>.debug_info</name>
         <load_address>0x8963</load_address>
         <run_address>0x8963</run_address>
         <size>0x900</size>
         <input_file_ref idref="fl-19"/>
      </object_component>
      <object_component id="oc-73">
         <name>.debug_info</name>
         <load_address>0x9263</load_address>
         <run_address>0x9263</run_address>
         <size>0x657</size>
         <input_file_ref idref="fl-1a"/>
      </object_component>
      <object_component id="oc-76">
         <name>.debug_info</name>
         <load_address>0x98ba</load_address>
         <run_address>0x98ba</run_address>
         <size>0x710</size>
         <input_file_ref idref="fl-1b"/>
      </object_component>
      <object_component id="oc-7b">
         <name>.debug_info</name>
         <load_address>0x9fca</load_address>
         <run_address>0x9fca</run_address>
         <size>0x10e</size>
         <input_file_ref idref="fl-1c"/>
      </object_component>
      <object_component id="oc-7e">
         <name>.debug_info</name>
         <load_address>0xa0d8</load_address>
         <run_address>0xa0d8</run_address>
         <size>0x64f</size>
         <input_file_ref idref="fl-1d"/>
      </object_component>
      <object_component id="oc-81">
         <name>.debug_info</name>
         <load_address>0xa727</load_address>
         <run_address>0xa727</run_address>
         <size>0x64a</size>
         <input_file_ref idref="fl-1e"/>
      </object_component>
      <object_component id="oc-86">
         <name>.debug_info</name>
         <load_address>0xad71</load_address>
         <run_address>0xad71</run_address>
         <size>0x2b01</size>
         <input_file_ref idref="fl-1f"/>
      </object_component>
      <object_component id="oc-8a">
         <name>.debug_info</name>
         <load_address>0xd872</load_address>
         <run_address>0xd872</run_address>
         <size>0x6df</size>
         <input_file_ref idref="fl-20"/>
      </object_component>
      <object_component id="oc-8d">
         <name>.debug_info</name>
         <load_address>0xdf51</load_address>
         <run_address>0xdf51</run_address>
         <size>0x716</size>
         <input_file_ref idref="fl-21"/>
      </object_component>
      <object_component id="oc-90">
         <name>.debug_info</name>
         <load_address>0xe667</load_address>
         <run_address>0xe667</run_address>
         <size>0x86a</size>
         <input_file_ref idref="fl-22"/>
      </object_component>
      <object_component id="oc-93">
         <name>.debug_info</name>
         <load_address>0xeed1</load_address>
         <run_address>0xeed1</run_address>
         <size>0x6e2</size>
         <input_file_ref idref="fl-23"/>
      </object_component>
      <object_component id="oc-96">
         <name>.debug_info</name>
         <load_address>0xf5b3</load_address>
         <run_address>0xf5b3</run_address>
         <size>0x7d8</size>
         <input_file_ref idref="fl-24"/>
      </object_component>
      <object_component id="oc-99">
         <name>.debug_info</name>
         <load_address>0xfd8b</load_address>
         <run_address>0xfd8b</run_address>
         <size>0x5f8</size>
         <input_file_ref idref="fl-25"/>
      </object_component>
      <object_component id="oc-9b">
         <name>.debug_info</name>
         <load_address>0x10383</load_address>
         <run_address>0x10383</run_address>
         <size>0x6e5</size>
         <input_file_ref idref="fl-26"/>
      </object_component>
      <object_component id="oc-9f">
         <name>.debug_info</name>
         <load_address>0x10a68</load_address>
         <run_address>0x10a68</run_address>
         <size>0x980</size>
         <input_file_ref idref="fl-27"/>
      </object_component>
      <object_component id="oc-a2">
         <name>.debug_info</name>
         <load_address>0x113e8</load_address>
         <run_address>0x113e8</run_address>
         <size>0xd0</size>
         <input_file_ref idref="fl-28"/>
      </object_component>
      <object_component id="oc-a5">
         <name>.debug_info</name>
         <load_address>0x114b8</load_address>
         <run_address>0x114b8</run_address>
         <size>0x68f</size>
         <input_file_ref idref="fl-29"/>
      </object_component>
      <object_component id="oc-a8">
         <name>.debug_info</name>
         <load_address>0x11b47</load_address>
         <run_address>0x11b47</run_address>
         <size>0x6a8</size>
         <input_file_ref idref="fl-2a"/>
      </object_component>
      <object_component id="oc-ab">
         <name>.debug_info</name>
         <load_address>0x121ef</load_address>
         <run_address>0x121ef</run_address>
         <size>0x828</size>
         <input_file_ref idref="fl-2b"/>
      </object_component>
      <object_component id="oc-ae">
         <name>.debug_info</name>
         <load_address>0x12a17</load_address>
         <run_address>0x12a17</run_address>
         <size>0xb6f</size>
         <input_file_ref idref="fl-2c"/>
      </object_component>
      <object_component id="oc-b2">
         <name>.debug_info</name>
         <load_address>0x13586</load_address>
         <run_address>0x13586</run_address>
         <size>0x6a2</size>
         <input_file_ref idref="fl-2d"/>
      </object_component>
      <object_component id="oc-b5">
         <name>.debug_info</name>
         <load_address>0x13c28</load_address>
         <run_address>0x13c28</run_address>
         <size>0x7b6</size>
         <input_file_ref idref="fl-2e"/>
      </object_component>
      <object_component id="oc-b8">
         <name>.debug_info</name>
         <load_address>0x143de</load_address>
         <run_address>0x143de</run_address>
         <size>0x7b1</size>
         <input_file_ref idref="fl-2f"/>
      </object_component>
      <object_component id="oc-bb">
         <name>.debug_info</name>
         <load_address>0x14b8f</load_address>
         <run_address>0x14b8f</run_address>
         <size>0x814</size>
         <input_file_ref idref="fl-30"/>
      </object_component>
      <object_component id="oc-be">
         <name>.debug_info</name>
         <load_address>0x153a3</load_address>
         <run_address>0x153a3</run_address>
         <size>0x6ff</size>
         <input_file_ref idref="fl-31"/>
      </object_component>
      <object_component id="oc-c1">
         <name>.debug_info</name>
         <load_address>0x15aa2</load_address>
         <run_address>0x15aa2</run_address>
         <size>0xf44</size>
         <input_file_ref idref="fl-32"/>
      </object_component>
      <object_component id="oc-c6">
         <name>.debug_info</name>
         <load_address>0x169e6</load_address>
         <run_address>0x169e6</run_address>
         <size>0x741</size>
         <input_file_ref idref="fl-33"/>
      </object_component>
      <object_component id="oc-c9">
         <name>.debug_info</name>
         <load_address>0x17127</load_address>
         <run_address>0x17127</run_address>
         <size>0x6e5</size>
         <input_file_ref idref="fl-34"/>
      </object_component>
      <object_component id="oc-cc">
         <name>.debug_info</name>
         <load_address>0x1780c</load_address>
         <run_address>0x1780c</run_address>
         <size>0x729</size>
         <input_file_ref idref="fl-35"/>
      </object_component>
      <object_component id="oc-cf">
         <name>.debug_info</name>
         <load_address>0x17f35</load_address>
         <run_address>0x17f35</run_address>
         <size>0x6b5</size>
         <input_file_ref idref="fl-36"/>
      </object_component>
      <object_component id="oc-d2">
         <name>.debug_info</name>
         <load_address>0x185ea</load_address>
         <run_address>0x185ea</run_address>
         <size>0x616</size>
         <input_file_ref idref="fl-37"/>
      </object_component>
      <object_component id="oc-d5">
         <name>.debug_info</name>
         <load_address>0x18c00</load_address>
         <run_address>0x18c00</run_address>
         <size>0xed6</size>
         <input_file_ref idref="fl-38"/>
      </object_component>
      <object_component id="oc-d9">
         <name>.debug_info</name>
         <load_address>0x19ad6</load_address>
         <run_address>0x19ad6</run_address>
         <size>0x8bb</size>
         <input_file_ref idref="fl-39"/>
      </object_component>
      <object_component id="oc-dd">
         <name>.debug_info</name>
         <load_address>0x1a391</load_address>
         <run_address>0x1a391</run_address>
         <size>0x758</size>
         <input_file_ref idref="fl-3a"/>
      </object_component>
      <object_component id="oc-e0">
         <name>.debug_info</name>
         <load_address>0x1aae9</load_address>
         <run_address>0x1aae9</run_address>
         <size>0x5ca</size>
         <input_file_ref idref="fl-3b"/>
      </object_component>
      <object_component id="oc-e3">
         <name>.debug_info</name>
         <load_address>0x1b0b3</load_address>
         <run_address>0x1b0b3</run_address>
         <size>0x77f</size>
         <input_file_ref idref="fl-3c"/>
      </object_component>
      <object_component id="oc-e6">
         <name>.debug_info</name>
         <load_address>0x1b832</load_address>
         <run_address>0x1b832</run_address>
         <size>0x7b7</size>
         <input_file_ref idref="fl-3d"/>
      </object_component>
      <object_component id="oc-e9">
         <name>.debug_info</name>
         <load_address>0x1bfe9</load_address>
         <run_address>0x1bfe9</run_address>
         <size>0x811</size>
         <input_file_ref idref="fl-3e"/>
      </object_component>
      <object_component id="oc-ec">
         <name>.debug_info</name>
         <load_address>0x1c7fa</load_address>
         <run_address>0x1c7fa</run_address>
         <size>0x87e</size>
         <input_file_ref idref="fl-3f"/>
      </object_component>
      <object_component id="oc-f1">
         <name>.debug_info</name>
         <load_address>0x1d078</load_address>
         <run_address>0x1d078</run_address>
         <size>0x804</size>
         <input_file_ref idref="fl-40"/>
      </object_component>
      <object_component id="oc-f4">
         <name>.debug_info</name>
         <load_address>0x1d87c</load_address>
         <run_address>0x1d87c</run_address>
         <size>0x662</size>
         <input_file_ref idref="fl-41"/>
      </object_component>
      <object_component id="oc-fa">
         <name>.debug_info</name>
         <load_address>0x1dede</load_address>
         <run_address>0x1dede</run_address>
         <size>0xac3</size>
         <input_file_ref idref="fl-42"/>
      </object_component>
      <object_component id="oc-17b">
         <name>.debug_info</name>
         <load_address>0x1e9a1</load_address>
         <run_address>0x1e9a1</run_address>
         <size>0x6e</size>
      </object_component>
      <object_component id="oc-1b">
         <name>.debug_abbrev</name>
         <load_address>0x0</load_address>
         <run_address>0x0</run_address>
         <size>0x34</size>
         <input_file_ref idref="fl-2"/>
      </object_component>
      <object_component id="oc-1e">
         <name>.debug_abbrev</name>
         <load_address>0x34</load_address>
         <run_address>0x34</run_address>
         <size>0x34</size>
         <input_file_ref idref="fl-3"/>
      </object_component>
      <object_component id="oc-22">
         <name>.debug_abbrev</name>
         <load_address>0x68</load_address>
         <run_address>0x68</run_address>
         <size>0xc0</size>
         <input_file_ref idref="fl-4"/>
      </object_component>
      <object_component id="oc-2b">
         <name>.debug_abbrev</name>
         <load_address>0x128</load_address>
         <run_address>0x128</run_address>
         <size>0x1c7</size>
         <input_file_ref idref="fl-5"/>
      </object_component>
      <object_component id="oc-2f">
         <name>.debug_abbrev</name>
         <load_address>0x2ef</load_address>
         <run_address>0x2ef</run_address>
         <size>0x21</size>
         <input_file_ref idref="fl-6"/>
      </object_component>
      <object_component id="oc-33">
         <name>.debug_abbrev</name>
         <load_address>0x310</load_address>
         <run_address>0x310</run_address>
         <size>0x1b7</size>
         <input_file_ref idref="fl-c"/>
      </object_component>
      <object_component id="oc-39">
         <name>.debug_abbrev</name>
         <load_address>0x4c7</load_address>
         <run_address>0x4c7</run_address>
         <size>0x196</size>
         <input_file_ref idref="fl-d"/>
      </object_component>
      <object_component id="oc-3f">
         <name>.debug_abbrev</name>
         <load_address>0x65d</load_address>
         <run_address>0x65d</run_address>
         <size>0x126</size>
         <input_file_ref idref="fl-e"/>
      </object_component>
      <object_component id="oc-45">
         <name>.debug_abbrev</name>
         <load_address>0x783</load_address>
         <run_address>0x783</run_address>
         <size>0x14e</size>
         <input_file_ref idref="fl-f"/>
      </object_component>
      <object_component id="oc-4b">
         <name>.debug_abbrev</name>
         <load_address>0x8d1</load_address>
         <run_address>0x8d1</run_address>
         <size>0xf1</size>
         <input_file_ref idref="fl-10"/>
      </object_component>
      <object_component id="oc-50">
         <name>.debug_abbrev</name>
         <load_address>0x9c2</load_address>
         <run_address>0x9c2</run_address>
         <size>0xd8</size>
         <input_file_ref idref="fl-11"/>
      </object_component>
      <object_component id="oc-56">
         <name>.debug_abbrev</name>
         <load_address>0xa9a</load_address>
         <run_address>0xa9a</run_address>
         <size>0xfe</size>
         <input_file_ref idref="fl-12"/>
      </object_component>
      <object_component id="oc-5b">
         <name>.debug_abbrev</name>
         <load_address>0xb98</load_address>
         <run_address>0xb98</run_address>
         <size>0xcc</size>
         <input_file_ref idref="fl-13"/>
      </object_component>
      <object_component id="oc-5e">
         <name>.debug_abbrev</name>
         <load_address>0xc64</load_address>
         <run_address>0xc64</run_address>
         <size>0x3a</size>
         <input_file_ref idref="fl-14"/>
      </object_component>
      <object_component id="oc-63">
         <name>.debug_abbrev</name>
         <load_address>0xc9e</load_address>
         <run_address>0xc9e</run_address>
         <size>0x119</size>
         <input_file_ref idref="fl-15"/>
      </object_component>
      <object_component id="oc-66">
         <name>.debug_abbrev</name>
         <load_address>0xdb7</load_address>
         <run_address>0xdb7</run_address>
         <size>0xd5</size>
         <input_file_ref idref="fl-16"/>
      </object_component>
      <object_component id="oc-6c">
         <name>.debug_abbrev</name>
         <load_address>0xe8c</load_address>
         <run_address>0xe8c</run_address>
         <size>0x1f6</size>
         <input_file_ref idref="fl-17"/>
      </object_component>
      <object_component id="oc-6f">
         <name>.debug_abbrev</name>
         <load_address>0x1082</load_address>
         <run_address>0x1082</run_address>
         <size>0xa1</size>
         <input_file_ref idref="fl-18"/>
      </object_component>
      <object_component id="oc-72">
         <name>.debug_abbrev</name>
         <load_address>0x1123</load_address>
         <run_address>0x1123</run_address>
         <size>0x161</size>
         <input_file_ref idref="fl-19"/>
      </object_component>
      <object_component id="oc-75">
         <name>.debug_abbrev</name>
         <load_address>0x1284</load_address>
         <run_address>0x1284</run_address>
         <size>0xaf</size>
         <input_file_ref idref="fl-1a"/>
      </object_component>
      <object_component id="oc-7a">
         <name>.debug_abbrev</name>
         <load_address>0x1333</load_address>
         <run_address>0x1333</run_address>
         <size>0xcc</size>
         <input_file_ref idref="fl-1b"/>
      </object_component>
      <object_component id="oc-7d">
         <name>.debug_abbrev</name>
         <load_address>0x13ff</load_address>
         <run_address>0x13ff</run_address>
         <size>0x3a</size>
         <input_file_ref idref="fl-1c"/>
      </object_component>
      <object_component id="oc-80">
         <name>.debug_abbrev</name>
         <load_address>0x1439</load_address>
         <run_address>0x1439</run_address>
         <size>0xaf</size>
         <input_file_ref idref="fl-1d"/>
      </object_component>
      <object_component id="oc-85">
         <name>.debug_abbrev</name>
         <load_address>0x14e8</load_address>
         <run_address>0x14e8</run_address>
         <size>0x9f</size>
         <input_file_ref idref="fl-1e"/>
      </object_component>
      <object_component id="oc-89">
         <name>.debug_abbrev</name>
         <load_address>0x1587</load_address>
         <run_address>0x1587</run_address>
         <size>0x1d1</size>
         <input_file_ref idref="fl-1f"/>
      </object_component>
      <object_component id="oc-8c">
         <name>.debug_abbrev</name>
         <load_address>0x1758</load_address>
         <run_address>0x1758</run_address>
         <size>0xe1</size>
         <input_file_ref idref="fl-20"/>
      </object_component>
      <object_component id="oc-8f">
         <name>.debug_abbrev</name>
         <load_address>0x1839</load_address>
         <run_address>0x1839</run_address>
         <size>0xcc</size>
         <input_file_ref idref="fl-21"/>
      </object_component>
      <object_component id="oc-92">
         <name>.debug_abbrev</name>
         <load_address>0x1905</load_address>
         <run_address>0x1905</run_address>
         <size>0x13f</size>
         <input_file_ref idref="fl-22"/>
      </object_component>
      <object_component id="oc-95">
         <name>.debug_abbrev</name>
         <load_address>0x1a44</load_address>
         <run_address>0x1a44</run_address>
         <size>0xdd</size>
         <input_file_ref idref="fl-23"/>
      </object_component>
      <object_component id="oc-98">
         <name>.debug_abbrev</name>
         <load_address>0x1b21</load_address>
         <run_address>0x1b21</run_address>
         <size>0x10c</size>
         <input_file_ref idref="fl-24"/>
      </object_component>
      <object_component id="oc-9a">
         <name>.debug_abbrev</name>
         <load_address>0x1c2d</load_address>
         <run_address>0x1c2d</run_address>
         <size>0x5f</size>
         <input_file_ref idref="fl-25"/>
      </object_component>
      <object_component id="oc-9e">
         <name>.debug_abbrev</name>
         <load_address>0x1c8c</load_address>
         <run_address>0x1c8c</run_address>
         <size>0x8e</size>
         <input_file_ref idref="fl-26"/>
      </object_component>
      <object_component id="oc-a1">
         <name>.debug_abbrev</name>
         <load_address>0x1d1a</load_address>
         <run_address>0x1d1a</run_address>
         <size>0xf5</size>
         <input_file_ref idref="fl-27"/>
      </object_component>
      <object_component id="oc-a4">
         <name>.debug_abbrev</name>
         <load_address>0x1e0f</load_address>
         <run_address>0x1e0f</run_address>
         <size>0x3a</size>
         <input_file_ref idref="fl-28"/>
      </object_component>
      <object_component id="oc-a7">
         <name>.debug_abbrev</name>
         <load_address>0x1e49</load_address>
         <run_address>0x1e49</run_address>
         <size>0xac</size>
         <input_file_ref idref="fl-29"/>
      </object_component>
      <object_component id="oc-aa">
         <name>.debug_abbrev</name>
         <load_address>0x1ef5</load_address>
         <run_address>0x1ef5</run_address>
         <size>0xc3</size>
         <input_file_ref idref="fl-2a"/>
      </object_component>
      <object_component id="oc-ad">
         <name>.debug_abbrev</name>
         <load_address>0x1fb8</load_address>
         <run_address>0x1fb8</run_address>
         <size>0x11f</size>
         <input_file_ref idref="fl-2b"/>
      </object_component>
      <object_component id="oc-b1">
         <name>.debug_abbrev</name>
         <load_address>0x20d7</load_address>
         <run_address>0x20d7</run_address>
         <size>0x14b</size>
         <input_file_ref idref="fl-2c"/>
      </object_component>
      <object_component id="oc-b4">
         <name>.debug_abbrev</name>
         <load_address>0x2222</load_address>
         <run_address>0x2222</run_address>
         <size>0x9a</size>
         <input_file_ref idref="fl-2d"/>
      </object_component>
      <object_component id="oc-b7">
         <name>.debug_abbrev</name>
         <load_address>0x22bc</load_address>
         <run_address>0x22bc</run_address>
         <size>0xc3</size>
         <input_file_ref idref="fl-2e"/>
      </object_component>
      <object_component id="oc-ba">
         <name>.debug_abbrev</name>
         <load_address>0x237f</load_address>
         <run_address>0x237f</run_address>
         <size>0xc3</size>
         <input_file_ref idref="fl-2f"/>
      </object_component>
      <object_component id="oc-bd">
         <name>.debug_abbrev</name>
         <load_address>0x2442</load_address>
         <run_address>0x2442</run_address>
         <size>0xd0</size>
         <input_file_ref idref="fl-30"/>
      </object_component>
      <object_component id="oc-c0">
         <name>.debug_abbrev</name>
         <load_address>0x2512</load_address>
         <run_address>0x2512</run_address>
         <size>0xa3</size>
         <input_file_ref idref="fl-31"/>
      </object_component>
      <object_component id="oc-c5">
         <name>.debug_abbrev</name>
         <load_address>0x25b5</load_address>
         <run_address>0x25b5</run_address>
         <size>0x215</size>
         <input_file_ref idref="fl-32"/>
      </object_component>
      <object_component id="oc-c8">
         <name>.debug_abbrev</name>
         <load_address>0x27ca</load_address>
         <run_address>0x27ca</run_address>
         <size>0xe3</size>
         <input_file_ref idref="fl-33"/>
      </object_component>
      <object_component id="oc-cb">
         <name>.debug_abbrev</name>
         <load_address>0x28ad</load_address>
         <run_address>0x28ad</run_address>
         <size>0xae</size>
         <input_file_ref idref="fl-34"/>
      </object_component>
      <object_component id="oc-ce">
         <name>.debug_abbrev</name>
         <load_address>0x295b</load_address>
         <run_address>0x295b</run_address>
         <size>0xd0</size>
         <input_file_ref idref="fl-35"/>
      </object_component>
      <object_component id="oc-d1">
         <name>.debug_abbrev</name>
         <load_address>0x2a2b</load_address>
         <run_address>0x2a2b</run_address>
         <size>0xa3</size>
         <input_file_ref idref="fl-36"/>
      </object_component>
      <object_component id="oc-d4">
         <name>.debug_abbrev</name>
         <load_address>0x2ace</load_address>
         <run_address>0x2ace</run_address>
         <size>0x71</size>
         <input_file_ref idref="fl-37"/>
      </object_component>
      <object_component id="oc-d8">
         <name>.debug_abbrev</name>
         <load_address>0x2b3f</load_address>
         <run_address>0x2b3f</run_address>
         <size>0x180</size>
         <input_file_ref idref="fl-38"/>
      </object_component>
      <object_component id="oc-dc">
         <name>.debug_abbrev</name>
         <load_address>0x2cbf</load_address>
         <run_address>0x2cbf</run_address>
         <size>0xd5</size>
         <input_file_ref idref="fl-39"/>
      </object_component>
      <object_component id="oc-df">
         <name>.debug_abbrev</name>
         <load_address>0x2d94</load_address>
         <run_address>0x2d94</run_address>
         <size>0xd1</size>
         <input_file_ref idref="fl-3a"/>
      </object_component>
      <object_component id="oc-e2">
         <name>.debug_abbrev</name>
         <load_address>0x2e65</load_address>
         <run_address>0x2e65</run_address>
         <size>0x90</size>
         <input_file_ref idref="fl-3b"/>
      </object_component>
      <object_component id="oc-e5">
         <name>.debug_abbrev</name>
         <load_address>0x2ef5</load_address>
         <run_address>0x2ef5</run_address>
         <size>0x12d</size>
         <input_file_ref idref="fl-3c"/>
      </object_component>
      <object_component id="oc-e8">
         <name>.debug_abbrev</name>
         <load_address>0x3022</load_address>
         <run_address>0x3022</run_address>
         <size>0xf7</size>
         <input_file_ref idref="fl-3d"/>
      </object_component>
      <object_component id="oc-eb">
         <name>.debug_abbrev</name>
         <load_address>0x3119</load_address>
         <run_address>0x3119</run_address>
         <size>0x11a</size>
         <input_file_ref idref="fl-3e"/>
      </object_component>
      <object_component id="oc-f0">
         <name>.debug_abbrev</name>
         <load_address>0x3233</load_address>
         <run_address>0x3233</run_address>
         <size>0x1cd</size>
         <input_file_ref idref="fl-3f"/>
      </object_component>
      <object_component id="oc-f3">
         <name>.debug_abbrev</name>
         <load_address>0x3400</load_address>
         <run_address>0x3400</run_address>
         <size>0x130</size>
         <input_file_ref idref="fl-40"/>
      </object_component>
      <object_component id="oc-f6">
         <name>.debug_abbrev</name>
         <load_address>0x3530</load_address>
         <run_address>0x3530</run_address>
         <size>0xab</size>
         <input_file_ref idref="fl-41"/>
      </object_component>
      <object_component id="oc-f9">
         <name>.debug_abbrev</name>
         <load_address>0x35db</load_address>
         <run_address>0x35db</run_address>
         <size>0x1a3</size>
         <input_file_ref idref="fl-42"/>
      </object_component>
      <object_component id="oc-17c">
         <name>.debug_abbrev</name>
         <load_address>0x377e</load_address>
         <run_address>0x377e</run_address>
         <size>0xd</size>
      </object_component>
      <object_component id="oc-20">
         <name>.debug_frame</name>
         <load_address>0x0</load_address>
[...]
         <value>0xaf92</value>
         <object_component_ref idref="oc-26"/>
      </symbol>
      <symbol id="sm-fc">
         <name>_pingActive</name>
         <value>0xaf91</value>
         <object_component_ref idref="oc-26"/>
      </symbol>
      <symbol id="sm-fd">
         <name>_config</name>
         <value>0xaf64</value>
         <object_component_ref idref="oc-26"/>
      </symbol>
      <symbol id="sm-fe">
         <name>_hCodec</name>
         <value>0xaf60</value>
         <object_component_ref idref="oc-26"/>
      </symbol>
      <symbol id="sm-ff">
         <name>_DELTA</name>
         <value>0xb120</value>
         <object_component_ref idref="oc-26"/>
      </symbol>
      <symbol id="sm-100">
         <name>_iw</name>
         <value>0xb124</value>
         <object_component_ref idref="oc-26"/>
      </symbol>
      <symbol id="sm-101">
         <name>_ih</name>
         <value>0xb144</value>
         <object_component_ref idref="oc-26"/>
      </symbol>
      <symbol id="sm-102">
         <name>_BL</name>
         <value>0xcb50</value>
         <object_component_ref idref="oc-25"/>
      </symbol>
      <symbol id="sm-103">
         <name>_iapp</name>
         <value>0xb184</value>
         <object_component_ref idref="oc-26"/>
      </symbol>
      <symbol id="sm-104">
         <name>_prodRes</name>
         <value>0xb5bc</value>
         <object_component_ref idref="oc-26"/>
      </symbol>
      <symbol id="sm-105">
         <name>_pongInZ</name>
         <value>0xb3bc</value>
         <object_component_ref idref="oc-26"/>
      </symbol>
      <symbol id="sm-106">
         <name>_pingInZ</name>
         <value>0xb36c</value>
         <object_component_ref idref="oc-26"/>
      </symbol>
      <symbol id="sm-107">
         <name>_app</name>
         <value>0xb4bc</value>
         <object_component_ref idref="oc-26"/>
      </symbol>
      <symbol id="sm-108">
         <name>_globalIndex</name>
         <value>0xaf8c</value>
         <object_component_ref idref="oc-26"/>
      </symbol>
      <symbol id="sm-109">
         <name>_pongIn</name>
         <value>0xb2bc</value>
         <object_component_ref idref="oc-26"/>
      </symbol>
      <symbol id="sm-10a">
         <name>_w</name>
         <value>0xaf98</value>
         <object_component_ref idref="oc-26"/>
      </symbol>
      <symbol id="sm-10b">
         <name>_n</name>
         <value>0xb208</value>
         <object_component_ref idref="oc-26"/>
      </symbol>
      <symbol id="sm-10c">
         <name>_i</name>
         <value>0xb204</value>
         <object_component_ref idref="oc-26"/>
      </symbol>
      <symbol id="sm-10d">
         <name>_h</name>
         <value>0xb020</value>
         <object_component_ref idref="oc-26"/>
      </symbol>
      <symbol id="sm-10e">
         <name>_B</name>
         <value>0xcac4</value>
         <object_component_ref idref="oc-116"/>
      </symbol>
      <symbol id="sm-10f">
         <name>_switchBuffer</name>
         <value>0xaf90</value>
         <object_component_ref idref="oc-26"/>
      </symbol>
      <symbol id="sm-138">
         <name>__IRQ_eventTable</name>
         <value>0xbb24</value>
         <object_component_ref idref="oc-32"/>
      </symbol>
      <symbol id="sm-139">
         <name>__IRQ_intTable</name>
         <value>0xbba8</value>
         <object_component_ref idref="oc-32"/>
      </symbol>
      <symbol id="sm-13a">
         <name>_IRQ_map</name>
         <value>0x72a0</value>
         <object_component_ref idref="oc-113"/>
      </symbol>
      <symbol id="sm-13b">
         <name>__IRQ_dispatchTable</name>
         <value>0xbbe8</value>
         <object_component_ref idref="oc-32"/>
      </symbol>
      <symbol id="sm-13c">
         <name>__IRQ_hookFetchPacket</name>
         <value>0xaf40</value>
         <object_component_ref idref="oc-30"/>
      </symbol>
      <symbol id="sm-14a">
         <name>_DSK6713_init</name>
         <value>0x29ac</value>
         <object_component_ref idref="oc-36"/>
      </symbol>
      <symbol id="sm-14b">
         <name>_DSK6713_version</name>
         <value>0xbd20</value>
         <object_component_ref idref="oc-37"/>
      </symbol>
      <symbol id="sm-14c">
         <name>_DSK6713_rget</name>
         <value>0x2cc8</value>
         <object_component_ref idref="oc-36"/>
      </symbol>
      <symbol id="sm-14d">
         <name>_DSK6713_wait</name>
         <value>0x2cf0</value>
         <object_component_ref idref="oc-36"/>
      </symbol>
      <symbol id="sm-14e">
         <name>_DSK6713_rset</name>
         <value>0x2cdc</value>
         <object_component_ref idref="oc-36"/>
      </symbol>
      <symbol id="sm-14f">
         <name>_DSK6713_waitusec</name>
         <value>0x2d48</value>
         <object_component_ref idref="oc-36"/>
      </symbol>
      <symbol id="sm-150">
         <name>_DSK6713_getVersion</name>
         <value>0x2d74</value>
         <object_component_ref idref="oc-36"/>
      </symbol>
      <symbol id="sm-15e">
         <name>_DSK6713_AIC23_codeccontrolhandle</name>
         <value>0xbcfc</value>
         <object_component_ref idref="oc-3d"/>
      </symbol>
      <symbol id="sm-15f">
         <name>_DSK6713_AIC23_codecdatahandle</name>
         <value>0xbd00</value>
         <object_component_ref idref="oc-3d"/>
      </symbol>
      <symbol id="sm-160">
         <name>_DSK6713_AIC23_openCodec</name>
         <value>0x4e00</value>
         <object_component_ref idref="oc-3c"/>
      </symbol>
      <symbol id="sm-16e">
         <name>_DSK6713_AIC23_config</name>
         <value>0x87c0</value>
         <object_component_ref idref="oc-42"/>
      </symbol>
      <symbol id="sm-16f">
         <name>_DSK6713_AIC23_rget</name>
         <value>0x8798</value>
         <object_component_ref idref="oc-42"/>
      </symbol>
      <symbol id="sm-170">
         <name>_DSK6713_AIC23_rset</name>
         <value>0x8700</value>
         <object_component_ref idref="oc-42"/>
      </symbol>
      <symbol id="sm-17e">
         <name>_DSK6713_AIC23_setFreq</name>
         <value>0xa500</value>
         <object_component_ref idref="oc-48"/>
      </symbol>
      <symbol id="sm-18a">
         <name>_DSK6713_LED_init</name>
         <value>0x70c0</value>
         <object_component_ref idref="oc-4e"/>
      </symbol>
      <symbol id="sm-18b">
         <name>_DSK6713_LED_on</name>
         <value>0x7170</value>
         <object_component_ref idref="oc-4e"/>
      </symbol>
      <symbol id="sm-18c">
         <name>_DSK6713_LED_toggle</name>
         <value>0x71e0</value>
         <object_component_ref idref="oc-4e"/>
      </symbol>
      <symbol id="sm-18d">
         <name>_DSK6713_LED_off</name>
         <value>0x7100</value>
         <object_component_ref idref="oc-4e"/>
      </symbol>
      <symbol id="sm-199">
         <name>_c_int00</name>
         <value>0xaba0</value>
         <object_component_ref idref="oc-18"/>
      </symbol>
      <symbol id="sm-19a">
         <name>__stack</name>
         <value>0xc180</value>
         <object_component_ref idref="oc-54"/>
      </symbol>
      <symbol id="sm-1a8">
         <name>_cos</name>
         <value>0x47c0</value>
         <object_component_ref idref="oc-114"/>
      </symbol>
      <symbol id="sm-1b0">
         <name>__c6xabi_divi</name>
         <value>0x8a80</value>
         <object_component_ref idref="oc-11e"/>
      </symbol>
      <symbol id="sm-1b1">
         <name>__divi</name>
         <value>0x8a80</value>
         <object_component_ref idref="oc-11e"/>
      </symbol>
      <symbol id="sm-1c1">
         <name>C$$EXIT</name>
         <value>0xaf00</value>
         <object_component_ref idref="oc-10f"/>
      </symbol>
      <symbol id="sm-1c2">
         <name>_exit</name>
         <value>0x9f40</value>
         <object_component_ref idref="oc-fe"/>
      </symbol>
      <symbol id="sm-1c3">
         <name>___TI_enable_exit_profile_output</name>
         <value>0xbcf8</value>
         <object_component_ref idref="oc-61"/>
      </symbol>
      <symbol id="sm-1c4">
         <name>_abort</name>
         <value>0xaf00</value>
         <object_component_ref idref="oc-10f"/>
      </symbol>
      <symbol id="sm-1c5">
         <name>__cleanup_ptr</name>
         <value>0xbcf0</value>
         <object_component_ref idref="oc-61"/>
      </symbol>
      <symbol id="sm-1c6">
         <name>__dtors_ptr</name>
         <value>0xbcf4</value>
         <object_component_ref idref="oc-61"/>
      </symbol>
      <symbol id="sm-1d0">
         <name>_memcpy</name>
         <value>0x6a80</value>
         <object_component_ref idref="oc-10c"/>
      </symbol>
      <symbol id="sm-1e6">
         <name>__sys_memory</name>
         <value>0xc580</value>
         <object_component_ref idref="oc-6a"/>
      </symbol>
      <symbol id="sm-1e7">
         <name>_free</name>
         <value>0x3d80</value>
         <object_component_ref idref="oc-13e"/>
      </symbol>
      <symbol id="sm-1e8">
         <name>_malloc</name>
         <value>0x6840</value>
         <object_component_ref idref="oc-118"/>
      </symbol>
      <symbol id="sm-1f2">
         <name>_modf</name>
         <value>0xa100</value>
         <object_component_ref idref="oc-11d"/>
      </symbol>
      <symbol id="sm-200">
         <name>_printf</name>
         <value>0x9800</value>
         <object_component_ref idref="oc-119"/>
      </symbol>
      <symbol id="sm-20a">
         <name>__nround</name>
         <value>0x9d80</value>
         <object_component_ref idref="oc-11c"/>
      </symbol>
      <symbol id="sm-218">
         <name>_sin</name>
         <value>0x5100</value>
         <object_component_ref idref="oc-115"/>
      </symbol>
      <symbol id="sm-222">
         <name>__c6xabi_strasgi</name>
         <value>0x8340</value>
         <object_component_ref idref="oc-ff"/>
      </symbol>
      <symbol id="sm-223">
         <name>__strasg</name>
         <value>0x9e60</value>
         <object_component_ref idref="oc-100"/>
      </symbol>
      <symbol id="sm-224">
         <name>__strasgi</name>
         <value>0x8340</value>
         <object_component_ref idref="oc-ff"/>
      </symbol>
      <symbol id="sm-22e">
         <name>__trunc</name>
         <value>0xae40</value>
         <object_component_ref idref="oc-11b"/>
      </symbol>
      <symbol id="sm-23c">
         <name>__unlock</name>
         <value>0xbd08</value>
         <object_component_ref idref="oc-83"/>
      </symbol>
      <symbol id="sm-23d">
         <name>__lock</name>
         <value>0xbd04</value>
         <object_component_ref idref="oc-83"/>
      </symbol>
      <symbol id="sm-23e">
         <name>__nop</name>
         <value>0xaea0</value>
         <object_component_ref idref="oc-103"/>
      </symbol>
      <symbol id="sm-26e">
         <name>__printfi</name>
         <value>0x1f40</value>
         <object_component_ref idref="oc-123"/>
      </symbol>
      <symbol id="sm-278">
         <name>__args_main</name>
         <value>0xae00</value>
         <object_component_ref idref="oc-fd"/>
      </symbol>
      <symbol id="sm-279">
         <name>__TI_args_main</name>
         <value>0x1</value>
      </symbol>
      <symbol id="sm-283">
         <name>_atoi</name>
         <value>0x8480</value>
         <object_component_ref idref="oc-12e"/>
      </symbol>
      <symbol id="sm-28d">
         <name>__auto_init</name>
         <value>0x9300</value>
         <object_component_ref idref="oc-fc"/>
      </symbol>
      <symbol id="sm-297">
         <name>___TI_cpp_init</name>
         <value>0xaa20</value>
         <object_component_ref idref="oc-10d"/>
      </symbol>
      <symbol id="sm-2a1">
         <name>_copy_in</name>
         <value>0xa380</value>
         <object_component_ref idref="oc-10b"/>
      </symbol>
      <symbol id="sm-2a9">
         <name>__ctypes_</name>
         <value>0xc980</value>
         <object_component_ref idref="oc-134"/>
      </symbol>
      <symbol id="sm-2b3">
         <name>__tmpnams</name>
         <value>0xb89c</value>
         <object_component_ref idref="oc-9d"/>
      </symbol>
      <symbol id="sm-2b4">
         <name>__ft_end</name>
         <value>0xb9dc</value>
         <object_component_ref idref="oc-9d"/>
      </symbol>
      <symbol id="sm-2b5">
         <name>__ftable</name>
         <value>0xb6bc</value>
         <object_component_ref idref="oc-9d"/>
      </symbol>
      <symbol id="sm-2bf">
         <name>__divd</name>
         <value>0xb20</value>
         <object_component_ref idref="oc-145"/>
      </symbol>
      <symbol id="sm-2c7">
         <name>__c6xabi_divu</name>
         <value>0xa2c0</value>
         <object_component_ref idref="oc-14e"/>
      </symbol>
      <symbol id="sm-2c8">
         <name>__divu</name>
         <value>0xa2c0</value>
         <object_component_ref idref="oc-14e"/>
      </symbol>
      <symbol id="sm-2d2">
         <name>__fixdli</name>
         <value>0xa5c0</value>
         <object_component_ref idref="oc-149"/>
      </symbol>
      <symbol id="sm-2dc">
         <name>__fltlid</name>
         <value>0xaaa0</value>
         <object_component_ref idref="oc-14b"/>
      </symbol>
      <symbol id="sm-2e6">
         <name>_putc</name>
         <value>0x5c00</value>
         <object_component_ref idref="oc-125"/>
      </symbol>
      <symbol id="sm-2e7">
         <name>_fputc</name>
         <value>0x5c00</value>
         <object_component_ref idref="oc-125"/>
      </symbol>
      <symbol id="sm-2f3">
         <name>_fputs</name>
         <value>0x24a0</value>
         <object_component_ref idref="oc-124"/>
      </symbol>
      <symbol id="sm-2fd">
         <name>__frcmpyd_div</name>
         <value>0x8200</value>
         <object_component_ref idref="oc-14d"/>
      </symbol>
      <symbol id="sm-30b">
         <name>__divul</name>
         <value>0x63a0</value>
         <object_component_ref idref="oc-14f"/>
      </symbol>
      <symbol id="sm-30c">
         <name>__remli</name>
         <value>0xa700</value>
         <object_component_ref idref="oc-153"/>
      </symbol>
      <symbol id="sm-30d">
         <name>__divli</name>
         <value>0x9500</value>
         <object_component_ref idref="oc-154"/>
      </symbol>
      <symbol id="sm-319">
         <name>__subcull</name>
         <value>0xad60</value>
         <object_component_ref idref="oc-156"/>
      </symbol>
      <symbol id="sm-31a">
         <name>__divull</name>
         <value>0x3a00</value>
         <object_component_ref idref="oc-150"/>
      </symbol>
      <symbol id="sm-324">
         <name>___isinf</name>
         <value>0xaca0</value>
         <object_component_ref idref="oc-136"/>
      </symbol>
      <symbol id="sm-330">
         <name>__llshl</name>
         <value>0xab20</value>
         <object_component_ref idref="oc-155"/>
      </symbol>
      <symbol id="sm-331">
         <name>__llshru</name>
         <value>0xad00</value>
         <object_component_ref idref="oc-14c"/>
      </symbol>
      <symbol id="sm-349">
         <name>_unlink</name>
         <value>0xa8e0</value>
         <object_component_ref idref="oc-157"/>
      </symbol>
      <symbol id="sm-34a">
         <name>_lseek</name>
         <value>0x9700</value>
         <object_component_ref idref="oc-13d"/>
      </symbol>
      <symbol id="sm-34b">
         <name>_close</name>
         <value>0x8cc0</value>
         <object_component_ref idref="oc-151"/>
      </symbol>
      <symbol id="sm-34c">
         <name>_write</name>
         <value>0x9900</value>
         <object_component_ref idref="oc-12c"/>
      </symbol>
      <symbol id="sm-356">
         <name>_ltoa</name>
         <value>0x85c0</value>
         <object_component_ref idref="oc-14a"/>
      </symbol>
      <symbol id="sm-360">
         <name>_memccpy</name>
         <value>0xac20</value>
         <object_component_ref idref="oc-131"/>
      </symbol>
      <symbol id="sm-36a">
         <name>_memset</name>
         <value>0x8de0</value>
         <object_component_ref idref="oc-12d"/>
      </symbol>
      <symbol id="sm-374">
         <name>__mpyll</name>
         <value>0xa660</value>
         <object_component_ref idref="oc-147"/>
      </symbol>
      <symbol id="sm-37e">
         <name>__negll</name>
         <value>0xae80</value>
         <object_component_ref idref="oc-13b"/>
      </symbol>
      <symbol id="sm-396">
         <name>_HOSTopen</name>
         <value>0x8840</value>
         <object_component_ref idref="oc-104"/>
      </symbol>
      <symbol id="sm-397">
         <name>_HOSTread</name>
         <value>0x80c0</value>
         <object_component_ref idref="oc-106"/>
      </symbol>
      <symbol id="sm-398">
         <name>_HOSTrename</name>
         <value>0x6cc0</value>
         <object_component_ref idref="oc-10a"/>
      </symbol>
      <symbol id="sm-399">
         <name>_HOSTwrite</name>
         <value>0x8960</value>
         <object_component_ref idref="oc-107"/>
      </symbol>
      <symbol id="sm-39a">
         <name>_HOSTlseek</name>
         <value>0x7ca0</value>
         <object_component_ref idref="oc-108"/>
      </symbol>
      <symbol id="sm-39b">
         <name>_HOSTunlink</name>
         <value>0x9000</value>
         <object_component_ref idref="oc-109"/>
      </symbol>
      <symbol id="sm-39c">
         <name>_HOSTclose</name>
         <value>0x8f00</value>
         <object_component_ref idref="oc-105"/>
      </symbol>
      <symbol id="sm-3aa">
         <name>C$$IO$$</name>
         <value>0xa9f8</value>
         <object_component_ref idref="oc-111"/>
      </symbol>
      <symbol id="sm-3ab">
         <name>__CIOBUF_</name>
         <value>0xcb54</value>
         <object_component_ref idref="oc-da"/>
      </symbol>
      <symbol id="sm-3ac">
         <name>_readmsg</name>
         <value>0xa7a0</value>
         <object_component_ref idref="oc-112"/>
      </symbol>
      <symbol id="sm-3ad">
         <name>_writemsg</name>
         <value>0xa980</value>
         <object_component_ref idref="oc-111"/>
      </symbol>
      <symbol id="sm-3b7">
         <name>__wrt_ok</name>
         <value>0x8ba0</value>
         <object_component_ref idref="oc-12a"/>
      </symbol>
      <symbol id="sm-3c8">
         <name>__doflush</name>
         <value>0x9ae0</value>
         <object_component_ref idref="oc-12b"/>
      </symbol>
      <symbol id="sm-3d2">
         <name>_fseek</name>
         <value>0x7460</value>
         <object_component_ref idref="oc-132"/>
      </symbol>
      <symbol id="sm-3dc">
         <name>_setvbuf</name>
         <value>0x56a0</value>
         <object_component_ref idref="oc-133"/>
      </symbol>
      <symbol id="sm-3ea">
         <name>__cleanup</name>
         <value>0x9a00</value>
         <object_component_ref idref="oc-13f"/>
      </symbol>
      <symbol id="sm-3f4">
         <name>__closefile</name>
         <value>0x7e00</value>
         <object_component_ref idref="oc-148"/>
      </symbol>
      <symbol id="sm-3fe">
         <name>_remove</name>
         <value>0xaf20</value>
         <object_component_ref idref="oc-152"/>
      </symbol>
      <symbol id="sm-410">
         <name>_MCBSP_reset</name>
         <value>0x7620</value>
         <object_component_ref idref="oc-110"/>
      </symbol>
      <symbol id="sm-411">
         <name>_MCBSP_open</name>
         <value>0x9100</value>
         <object_component_ref idref="oc-101"/>
      </symbol>
      <symbol id="sm-412">
         <name>__MCBSP_hDev0</name>
         <value>0xbca0</value>
         <object_component_ref idref="oc-f8"/>
      </symbol>
      <symbol id="sm-413">
         <name>__MCBSP_hDev1</name>
         <value>0xbca4</value>
         <object_component_ref idref="oc-f8"/>
      </symbol>
      <symbol id="sm-414">
         <name>_MCBSP_start</name>
         <value>0x9200</value>
         <object_component_ref idref="oc-102"/>
      </symbol>
   </symbol_table>
</link_info>
