******************************************************************************
               TMS320C6x Linker PC v7.4.24                     
******************************************************************************
>> Linked Wed Dec 05 16:57:24 2018

OUTPUT FILE NAME:   <Lab5Part2.out>
ENTRY POINT SYMBOL: "_c_int00"  address: 0000b4c0


MEMORY CONFIGURATION

         name            origin    length      used     unused   attr    fill
----------------------  --------  ---------  --------  --------  ----  --------
  VECS                  00000000   00000200  00000200  00000000  RWIX
  IRAM                  00000200   0002fe00  0000d5a0  00022860  RWIX
  L2RAM                 00030000   00010000  00000000  00010000  RWIX
  EMIFCE0               80000000   10000000  00000000  10000000  RWIX
  EMIFCE1               90000000   10000000  00000000  10000000  RWIX
  EMIFCE2               a0000000   10000000  00000000  10000000  RWIX
  EMIFCE3               b0000000   10000000  00000000  10000000  RWIX


SECTION ALLOCATION MAP

 output                                  attributes/
section   page    origin      length       input sections
--------  ----  ----------  ----------   ----------------
.pinit     0    00000200    00000000     UNINITIALIZED

vectors    0    00000000    00000200     
                  00000000    00000200     vectors.obj (vectors)

.bss       0    00000200    00000000     UNINITIALIZED

.data      0    00000200    00000000     UNINITIALIZED

.text      0    00000200    0000b760     
                  00000200    00000d20     main.obj (.text)
                  00000f20    00000720     rts6700.lib : divd.obj (.text:__divd)
                  00001640    000006c0                 : _printfi.obj (.text:__getarg_diouxp)
                  00001d00    00000640                 : _printfi.obj (.text:__setfield)
                  00002340    00000560                 : _printfi.obj (.text:__printfi)
                  000028a0    000004c0                 : fputs.obj (.text:_fputs)
                  00002d60    00000480     dsk6713bsl.lib : dsk6713.obj (.text)
                  000031e0    00000420     rts6700.lib : _printfi.obj (.text:_fcvt)
                  00003600    00000400                 : _printfi.obj (.text:__pproc_fge)
                  00003a00    00000400                 : _printfi.obj (.text:_ecvt)
                  00003e00    000003c0     main.obj (.text:retain)
                  000041c0    00000380     rts6700.lib : imath64.obj (.text:__divull)
                  00004540    00000380                 : memory.obj (.text:_free)
                  000048c0    00000360                 : _printfi.obj (.text:__pconv_e)
                  00004c20    00000360                 : _printfi.obj (.text:__pproc_fwp)
                  00004f80    00000340                 : cos.obj (.text:_cos)
                  000052c0    00000300                 : divf.obj (.text:__divf)
                  000055c0    00000300                 : _printfi.obj (.text:__pproc_diouxp)
                  000058c0    00000300     dsk6713bsl.lib : dsk6713_aic23_opencodec.obj (.text)
                  00005bc0    000002e0     rts6700.lib : sin.obj (.text:_sin)
                  00005ea0    000002c0                 : _printfi.obj (.text:__pproc_str)
                  00006160    000002c0                 : setvbuf.obj (.text:_setvbuf)
                  00006420    000002a0                 : _printfi.obj (.text:__pconv_g)
                  000066c0    000002a0                 : fputc.obj (.text:_fputc)
                  00006960    00000280     cfftr2_dit.obj (.text)
                  00006be0    00000260     rts6700.lib : imath40.obj (.text:__divul)
                  00006e40    00000240                 : _printfi.obj (.text:__mcpy)
                  00007080    00000240                 : memory.obj (.text:_malloc)
                  000072c0    00000240                 : memcpy62.obj (.text:_memcpy)
                  00007500    00000240     digitrev_index.obj (.text)
                  00007740    00000220     rts6700.lib : trgdrv.obj (.text:_HOSTrename)
                  00007960    000001e0                 : lowlev.obj (.text:_getdevice)
                  00007b40    000001e0     dsk6713bsl.lib : dsk6713_led.obj (.text)
                  00007d20    000001c0     csl6713.lib : csl_irq.obj (.text:_IRQ_map)
                  00007ee0    000001c0     rts6700.lib : fseek.obj (.text:_fseek)
                  000080a0    000001a0     csl6713.lib : csl_mcbsp.obj (.text:_MCBSP_reset)
                  00008240    000001a0     rts6700.lib : _printfi.obj (.text:__ltostr)
                  000083e0    000001a0                 : _printfi.obj (.text:__pproc_fflags)
                  00008580    000001a0     bitrev.obj (.text)
                  00008720    00000160     rts6700.lib : trgdrv.obj (.text:_HOSTlseek)
                  00008880    00000160                 : fclose.obj (.text:__closefile)
                  000089e0    00000140                 : trgdrv.obj (.text:_HOSTread)
                  00008b20    00000140                 : frcmpyd_div.obj (.text:__frcmpyd_div)
                  00008c60    00000140                 : strasg.obj (.text:__strasgi)
                  00008da0    00000140                 : atoi.obj (.text:_atoi)
                  00008ee0    00000140                 : ltoa.obj (.text:_ltoa)
                  00009020    00000140     dsk6713bsl.lib : dsk6713_aic23_registers.obj (.text)
                  00009160    00000120     rts6700.lib : trgdrv.obj (.text:_HOSTopen)
                  00009280    00000120                 : trgdrv.obj (.text:_HOSTwrite)
                  000093a0    00000120                 : divi.obj (.text:__divi)
                  000094c0    00000120                 : _io_perm.obj (.text:__wrt_ok)
                  000095e0    00000120                 : lowlev.obj (.text:_close)
                  00009700    00000120                 : memset.obj (.text:_memset)
                  00009820    00000100                 : trgdrv.obj (.text:_HOSTclose)
                  00009920    00000100                 : trgdrv.obj (.text:_HOSTunlink)
                  00009a20    00000100     csl6713.lib : csl_mcbsp.obj (.text:_MCBSP_open)
                  00009b20    00000100                 : csl_mcbsp.obj (.text:_MCBSP_start)
                  00009c20    00000100     rts6700.lib : autoinit.obj (.text:__auto_init)
                  00009d20    00000100                 : _printfi.obj (.text:__div)
                  00009e20    00000100                 : imath40.obj (.text:__divli)
                  00009f20    00000100                 : _printfi.obj (.text:__pconv_f)
                  0000a020    00000100                 : lowlev.obj (.text:_lseek)
                  0000a120    00000100                 : printf.obj (.text:_printf)
                  0000a220    00000100                 : lowlev.obj (.text:_write)
                  0000a320    000000e0                 : fopen.obj (.text:__cleanup)
                  0000a400    000000e0                 : fflush.obj (.text:__doflush)
                  0000a4e0    000000e0                 : _printfi.obj (.text:__ecpy)
                  0000a5c0    000000e0                 : _printfi.obj (.text:__fcpy)
                  0000a6a0    000000e0                 : round.obj (.text:__nround)
                  0000a780    000000e0                 : strasg.obj (.text:__strasg)
                  0000a860    000000e0                 : exit.obj (.text:_exit)
                  0000a940    000000e0                 : memory.obj (.text:_minsert)
                  0000aa20    000000e0                 : modf.obj (.text:_modf)
                  0000ab00    000000e0                 : memory.obj (.text:_mremove)
                  0000abe0    000000c0                 : divu.obj (.text:__divu)
                  0000aca0    000000c0                 : cpy_tbl.obj (.text:_copy_in)
                  0000ad60    000000c0                 : lowlev.obj (.text:_finddevice)
                  0000ae20    000000c0     dsk6713bsl.lib : dsk6713_aic23_setfreq.obj (.text)
                  0000aee0    000000a0     rts6700.lib : fixdli.obj (.text:__fixdli)
                  0000af80    000000a0                 : mpyll.obj (.text:__mpyll)
                  0000b020    000000a0                 : imath40.obj (.text:__remli)
                  0000b0c0    000000a0                 : trgmsg.obj (.text:_readmsg)
                  0000b160    000000a0     csl6713.lib : csl_irq.obj (.text:_setMux)
                  0000b200    000000a0     rts6700.lib : lowlev.obj (.text:_unlink)
                  0000b2a0    000000a0                 : trgmsg.obj (.text:_writemsg)
                  0000b340    00000080                 : cpp_init.obj (.text:___TI_cpp_init)
                  0000b3c0    00000080                 : fltlid.obj (.text:__fltlid)
                  0000b440    00000080                 : llshift.obj (.text:__llshl)
                  0000b4c0    00000080                 : boot.obj (.text:_c_int00)
                  0000b540    00000080                 : memccpy.obj (.text:_memccpy)
                  0000b5c0    00000060                 : isinf.obj (.text:___isinf)
                  0000b620    00000060                 : llshift.obj (.text:__llshru)
                  0000b680    00000060                 : imath64.obj (.text:__subcull)
                  0000b6e0    00000040     csl6713.lib : csl_irq.obj (.text:_IRQ_enable)
                  0000b720    00000040     rts6700.lib : _printfi.obj (.text:___isnan)
                  0000b760    00000040                 : args_main.obj (.text:__args_main)
                  0000b7a0    00000040                 : trunc.obj (.text:__trunc)
                  0000b7e0    00000020     csl6713.lib : csl_irq.obj (.text:_IRQ_globalDisable)
                  0000b800    00000020                 : csl_irq.obj (.text:_IRQ_globalEnable)
                  0000b820    00000020                 : csl_irq.obj (.text:_IRQ_nmiEnable)
                  0000b840    00000020                 : csl_mcbsp.obj (.text:_MCBSP_read)
                  0000b860    00000020                 : csl_mcbsp.obj (.text:_MCBSP_write)
                  0000b880    00000020     rts6700.lib : negll.obj (.text:__negll)
                  0000b8a0    00000020                 : _lock.obj (.text:__nop)
                  0000b8c0    00000020                 : printf.obj (.text:__outc)
                  0000b8e0    00000020                 : printf.obj (.text:__outs)
                  0000b900    00000020                 : exit.obj (.text:_abort)
                  0000b920    00000020                 : remove.obj (.text:_remove)
                  0000b940    00000020     csl6713.lib : csl_irq.obj (.text)

.far       0    0000b960    00000ef8     UNINITIALIZED
                  0000b960    00000890     main.obj (.far)
                  0000c1f0    00000324     rts6700.lib : defs.obj (.far)
                  0000c514    0000011c                 : lowlev.obj (.far)
                  0000c630    000000f4     csl6713.lib : csl_irq.obj (.far)
                  0000c724    00000004     rts6700.lib : fopen.obj (.far)
                  0000c728    00000040                 : cos.obj (.far)
                  0000c768    00000040                 : sin.obj (.far)
                  0000c7a8    00000038     csl6713.lib : csl_mcbsp.obj (.far)
                  0000c7e0    00000028     dsk6713bsl.lib : dsk6713_aic23_registers.obj (.far)
                  0000c808    00000020                    : dsk6713_aic23_setfreq.obj (.far)
                  0000c828    0000000c     rts6700.lib : exit.obj (.far)
                  0000c834    00000008     dsk6713bsl.lib : dsk6713_aic23_opencodec.obj (.far)
                  0000c83c    00000008     rts6700.lib : _lock.obj (.far)
                  0000c844    00000008                 : memory.obj (.far)
                  0000c84c    00000008                 : trgdrv.obj (.far)
                  0000c854    00000002     dsk6713bsl.lib : dsk6713.obj (.far)
                  0000c856    00000002                    : dsk6713_led.obj (.far)

.cinit     0    0000c858    00000454     
                  0000c858    0000012c     csl6713.lib : csl_irq.obj (.cinit)
                  0000c984    00000004     --HOLE-- [fill = 0]
                  0000c988    0000008c     main.obj (.cinit)
                  0000ca14    00000004     --HOLE-- [fill = 0]
                  0000ca18    0000005c     rts6700.lib : defs.obj (.cinit)
                  0000ca74    00000004     --HOLE-- [fill = 0]
                  0000ca78    0000005c                 : lowlev.obj (.cinit)
                  0000cad4    00000004     --HOLE-- [fill = 0]
                  0000cad8    00000054     csl6713.lib : csl_mcbsp.obj (.cinit)
                  0000cb2c    00000004     --HOLE-- [fill = 0]
                  0000cb30    00000048     rts6700.lib : cos.obj (.cinit)
                  0000cb78    00000048                 : sin.obj (.cinit)
                  0000cbc0    00000030     dsk6713bsl.lib : dsk6713_aic23_registers.obj (.cinit)
                  0000cbf0    0000002c     rts6700.lib : exit.obj (.cinit)
                  0000cc1c    00000004     --HOLE-- [fill = 0]
                  0000cc20    0000002c                 : memory.obj (.cinit)
                  0000cc4c    00000004     --HOLE-- [fill = 0]
                  0000cc50    00000028     dsk6713bsl.lib : dsk6713_aic23_setfreq.obj (.cinit)
                  0000cc78    0000001c     rts6700.lib : _lock.obj (.cinit)
                  0000cc94    00000004     --HOLE-- [fill = 0]
                  0000cc98    0000000c                 : fopen.obj (.cinit)
                  0000cca4    00000004     --HOLE-- [fill = 0]
                  0000cca8    00000004     (.pad.cinit) [fill = 0]

.stack     0    0000ccb0    00000400     UNINITIALIZED
                  0000ccb0    00000008     rts6700.lib : boot.obj (.stack)
                  0000ccb8    000003f8     --HOLE--

.sysmem    0    0000d0b0    00000400     UNINITIALIZED
                  0000d0b0    00000008     rts6700.lib : memory.obj (.sysmem)
                  0000d0b8    000003f8     --HOLE--

.const     0    0000d4b0    000001d4     
                  0000d4b0    00000101     rts6700.lib : ctype.obj (.const:.string:__ctypes_)
                  0000d5b1    00000002                 : fputs.obj (.const:.string)
                  0000d5b3    00000001     --HOLE-- [fill = 0]
                  0000d5b4    00000040     dsk6713bsl.lib : dsk6713_aic23_opencodec.obj (.const)
                  0000d5f4    0000002c     main.obj (.const:_B)
                  0000d620    00000023     rts6700.lib : _printfi.obj (.const:.string)
                  0000d643    00000001     --HOLE-- [fill = 0]
                  0000d644    00000020     dsk6713bsl.lib : dsk6713.obj (.const)
                  0000d664    0000001c     main.obj (.const:.string)
                  0000d680    00000004     main.obj (.const)

.cio       0    0000d684    00000120     UNINITIALIZED
                  0000d684    00000120     rts6700.lib : trgmsg.obj (.cio)


GLOBAL SYMBOLS: SORTED ALPHABETICALLY BY Name 

address    name
--------   ----
00000200   $bss
00000200   .bss
00000200   .data
00000200   .text
0000b900   C$$EXIT
0000b318   C$$IO$$
0000d5f4   _B
0000d680   _BL
0000bba0   _DELTA
0000c834   _DSK6713_AIC23_codeccontrolhandle
0000c838   _DSK6713_AIC23_codecdatahandle
000090e0   _DSK6713_AIC23_config
000058c0   _DSK6713_AIC23_openCodec
000090b8   _DSK6713_AIC23_rget
00009020   _DSK6713_AIC23_rset
0000ae20   _DSK6713_AIC23_setFreq
00007b40   _DSK6713_LED_init
00007b80   _DSK6713_LED_off
00007bf0   _DSK6713_LED_on
00007c60   _DSK6713_LED_toggle
00003174   _DSK6713_getVersion
00002dac   _DSK6713_init
000030c8   _DSK6713_rget
000030dc   _DSK6713_rset
0000c854   _DSK6713_version
000030f0   _DSK6713_wait
00003148   _DSK6713_waitusec
00009820   _HOSTclose
00008720   _HOSTlseek
00009160   _HOSTopen
000089e0   _HOSTread
00007740   _HOSTrename
00009920   _HOSTunlink
00009280   _HOSTwrite
0000b6e0   _IRQ_enable
0000b7e0   _IRQ_globalDisable
0000b800   _IRQ_globalEnable
00007d20   _IRQ_map
0000b820   _IRQ_nmiEnable
00009a20   _MCBSP_open
0000b840   _MCBSP_read
000080a0   _MCBSP_reset
00009b20   _MCBSP_start
0000b860   _MCBSP_write
0000d684   __CIOBUF_
0000c71c   __IRQ_dispatchTable
0000c658   __IRQ_eventTable
0000b940   __IRQ_hookFetchPacket
0000c6dc   __IRQ_intTable
0000c7d8   __MCBSP_hDev0
0000c7dc   __MCBSP_hDev1
0000d0b0   __STACK_END
00000400   __STACK_SIZE
00000400   __SYSMEM_SIZE
00000001   __TI_args_main
0000b340   ___TI_cpp_init
0000c830   ___TI_enable_exit_profile_output
ffffffff   ___TI_pprof_out_hndl
ffffffff   ___TI_prof_data_size
ffffffff   ___TI_prof_data_start
ffffffff   ___binit__
00000200   ___bss__
ffffffff   ___c_args__
0000c858   ___cinit__
00000200   ___data__
00000200   ___edata__
00000200   ___end__
0000b960   ___etext__
0000b5c0   ___isinf
ffffffff   ___pinit__
00000200   ___text__
0000b760   __args_main
00009c20   __auto_init
000093a0   __c6xabi_divi
0000abe0   __c6xabi_divu
00008c60   __c6xabi_strasgi
0000a320   __cleanup
0000c828   __cleanup_ptr
00008880   __closefile
0000d4b0   __ctypes_
00000f20   __divd
000052c0   __divf
000093a0   __divi
00009e20   __divli
0000abe0   __divu
00006be0   __divul
000041c0   __divull
0000a400   __doflush
0000c82c   __dtors_ptr
0000aee0   __fixdli
0000b3c0   __fltlid
00008b20   __frcmpyd_div
0000c510   __ft_end
0000c1f0   __ftable
0000b440   __llshl
0000b620   __llshru
0000c83c   __lock
0000af80   __mpyll
0000b880   __negll
0000b8a0   __nop
0000a6a0   __nround
00002340   __printfi
0000b020   __remli
0000ccb0   __stack
0000a780   __strasg
00008c60   __strasgi
0000b680   __subcull
0000d0b0   __sys_memory
0000c3d0   __tmpnams
0000b7a0   __trunc
0000c840   __unlock
000094c0   __wrt_ok
0000b900   _abort
0000bff0   _app
00008da0   _atoi
00008580   _bitrev
0000b4c0   _c_int00
00006960   _cfftr2_dit
000095e0   _close
0000b964   _config
0000aca0   _copy_in
00004f80   _cos
00007500   _digitrev_index
0000a860   _exit
000066c0   _fputc
000028a0   _fputs
00004540   _free
00007ee0   _fseek
0000b98c   _globalIndex
0000baa0   _h
0000b960   _hCodec
0000bc84   _i
0000bc04   _iapp
0000bbc4   _ih
0000bc44   _iprod
0000bba4   _iw
0000a020   _lseek
00008ee0   _ltoa
000002e8   _main
00007080   _malloc
0000b540   _memccpy
000072c0   _memcpy
00009700   _memset
0000aa20   _modf
0000bc88   _n
0000b991   _pingActive
0000bc90   _pingIn
0000bdf0   _pingInZ
0000be90   _pingOut
0000bd40   _pongIn
0000be40   _pongInZ
0000bf40   _pongOut
0000a120   _printf
0000c0f0   _prodRes
000066c0   _putc
0000b0c0   _readmsg
0000b920   _remove
00003e00   _serialPortRcvISR
00006160   _setvbuf
00005bc0   _sin
0000b990   _switchBuffer
0000b200   _unlink
0000b998   _w
0000ba18   _w_conj
0000a220   _write
0000b2a0   _writemsg
0000b992   _xxx
0000ba98   _yyy
ffffffff   binit
0000c858   cinit
00000200   edata
00000200   end
0000b960   etext
ffffffff   pinit


GLOBAL SYMBOLS: SORTED BY Symbol Address 

address    name
--------   ----
00000001   __TI_args_main
00000200   $bss
00000200   .bss
00000200   .data
00000200   .text
00000200   ___bss__
00000200   ___data__
00000200   ___edata__
00000200   ___end__
00000200   ___text__
00000200   edata
00000200   end
000002e8   _main
00000400   __STACK_SIZE
00000400   __SYSMEM_SIZE
00000f20   __divd
00002340   __printfi
000028a0   _fputs
00002dac   _DSK6713_init
000030c8   _DSK6713_rget
000030dc   _DSK6713_rset
000030f0   _DSK6713_wait
00003148   _DSK6713_waitusec
00003174   _DSK6713_getVersion
00003e00   _serialPortRcvISR
000041c0   __divull
00004540   _free
00004f80   _cos
000052c0   __divf
000058c0   _DSK6713_AIC23_openCodec
00005bc0   _sin
00006160   _setvbuf
000066c0   _fputc
000066c0   _putc
00006960   _cfftr2_dit
00006be0   __divul
00007080   _malloc
000072c0   _memcpy
00007500   _digitrev_index
00007740   _HOSTrename
00007b40   _DSK6713_LED_init
00007b80   _DSK6713_LED_off
00007bf0   _DSK6713_LED_on
00007c60   _DSK6713_LED_toggle
00007d20   _IRQ_map
00007ee0   _fseek
000080a0   _MCBSP_reset
00008580   _bitrev
00008720   _HOSTlseek
00008880   __closefile
000089e0   _HOSTread
00008b20   __frcmpyd_div
00008c60   __c6xabi_strasgi
00008c60   __strasgi
00008da0   _atoi
00008ee0   _ltoa
00009020   _DSK6713_AIC23_rset
000090b8   _DSK6713_AIC23_rget
000090e0   _DSK6713_AIC23_config
00009160   _HOSTopen
00009280   _HOSTwrite
000093a0   __c6xabi_divi
000093a0   __divi
000094c0   __wrt_ok
000095e0   _close
00009700   _memset
00009820   _HOSTclose
00009920   _HOSTunlink
00009a20   _MCBSP_open
00009b20   _MCBSP_start
00009c20   __auto_init
00009e20   __divli
0000a020   _lseek
0000a120   _printf
0000a220   _write
0000a320   __cleanup
0000a400   __doflush
0000a6a0   __nround
0000a780   __strasg
0000a860   _exit
0000aa20   _modf
0000abe0   __c6xabi_divu
0000abe0   __divu
0000aca0   _copy_in
0000ae20   _DSK6713_AIC23_setFreq
0000aee0   __fixdli
0000af80   __mpyll
0000b020   __remli
0000b0c0   _readmsg
0000b200   _unlink
0000b2a0   _writemsg
0000b318   C$$IO$$
0000b340   ___TI_cpp_init
0000b3c0   __fltlid
0000b440   __llshl
0000b4c0   _c_int00
0000b540   _memccpy
0000b5c0   ___isinf
0000b620   __llshru
0000b680   __subcull
0000b6e0   _IRQ_enable
0000b760   __args_main
0000b7a0   __trunc
0000b7e0   _IRQ_globalDisable
0000b800   _IRQ_globalEnable
0000b820   _IRQ_nmiEnable
0000b840   _MCBSP_read
0000b860   _MCBSP_write
0000b880   __negll
0000b8a0   __nop
0000b900   C$$EXIT
0000b900   _abort
0000b920   _remove
0000b940   __IRQ_hookFetchPacket
0000b960   ___etext__
0000b960   _hCodec
0000b960   etext
0000b964   _config
0000b98c   _globalIndex
0000b990   _switchBuffer
0000b991   _pingActive
0000b992   _xxx
0000b998   _w
0000ba18   _w_conj
0000ba98   _yyy
0000baa0   _h
0000bba0   _DELTA
0000bba4   _iw
0000bbc4   _ih
0000bc04   _iapp
0000bc44   _iprod
0000bc84   _i
0000bc88   _n
0000bc90   _pingIn
0000bd40   _pongIn
0000bdf0   _pingInZ
0000be40   _pongInZ
0000be90   _pingOut
0000bf40   _pongOut
0000bff0   _app
0000c0f0   _prodRes
0000c1f0   __ftable
0000c3d0   __tmpnams
0000c510   __ft_end
0000c658   __IRQ_eventTable
0000c6dc   __IRQ_intTable
0000c71c   __IRQ_dispatchTable
0000c7d8   __MCBSP_hDev0
0000c7dc   __MCBSP_hDev1
0000c828   __cleanup_ptr
0000c82c   __dtors_ptr
0000c830   ___TI_enable_exit_profile_output
0000c834   _DSK6713_AIC23_codeccontrolhandle
0000c838   _DSK6713_AIC23_codecdatahandle
0000c83c   __lock
0000c840   __unlock
0000c854   _DSK6713_version
0000c858   ___cinit__
0000c858   cinit
0000ccb0   __stack
0000d0b0   __STACK_END
0000d0b0   __sys_memory
0000d4b0   __ctypes_
0000d5f4   _B
0000d680   _BL
0000d684   __CIOBUF_
ffffffff   ___TI_pprof_out_hndl
ffffffff   ___TI_prof_data_size
ffffffff   ___TI_prof_data_start
ffffffff   ___binit__
ffffffff   ___c_args__
ffffffff   ___pinit__
ffffffff   binit
ffffffff   pinit

[174 symbols]
