******************************************************************************
               TMS320C6x Linker PC v7.4.24                     
******************************************************************************
>> Linked Thu Nov 08 16:13:51 2018

OUTPUT FILE NAME:   <Lab2Part2.out>
ENTRY POINT SYMBOL: "_c_int00"  address: 00002400


MEMORY CONFIGURATION

         name            origin    length      used     unused   attr    fill
----------------------  --------  ---------  --------  --------  ----  --------
  VECS                  00000000   00000200  00000200  00000000  RWIX
  IRAM                  00000200   0002fe00  00002ce0  0002d120  RWIX
  L2RAM                 00030000   00010000  00000000  00010000  RWIX
  EMIFCE0               80000000   10000000  00000000  10000000  RWIX
  EMIFCE1               90000000   10000000  00000000  10000000  RWIX
  EMIFCE2               a0000000   10000000  00000000  10000000  RWIX
  EMIFCE3               b0000000   10000000  00000000  10000000  RWIX


SECTION ALLOCATION MAP

 output                                  attributes/
section   page    origin      length       input sections
--------  ----  ----------  ----------   ----------------
.pinit     0    00000200    00000000     UNINITIALIZED

vectors    0    00000000    00000200     
                  00000000    00000200     vectors.obj (vectors)

.bss       0    00000200    00000000     UNINITIALIZED

.data      0    00000200    00000000     UNINITIALIZED

.text      0    00000200    000023e0     
                  00000200    00000480     dsk6713bsl.lib : dsk6713.obj (.text)
                  00000680    00000480     main.obj (.text:retain)
                  00000b00    00000300     rts6700.lib : divf.obj (.text:__divf)
                  00000e00    00000300     dsk6713bsl.lib : dsk6713_aic23_opencodec.obj (.text)
                  00001100    00000240     rts6700.lib : memcpy62.obj (.text:_memcpy)
                  00001340    000001e0     dsk6713bsl.lib : dsk6713_led.obj (.text)
                  00001520    000001e0     main.obj (.text)
                  00001700    000001c0     csl6713.lib : csl_irq.obj (.text:_IRQ_map)
                  000018c0    000001a0                 : csl_mcbsp.obj (.text:_MCBSP_reset)
                  00001a60    00000140     dsk6713bsl.lib : dsk6713_aic23_registers.obj (.text)
                  00001ba0    00000100     csl6713.lib : csl_mcbsp.obj (.text:_MCBSP_open)
                  00001ca0    00000100                 : csl_mcbsp.obj (.text:_MCBSP_start)
                  00001da0    00000100     rts6700.lib : autoinit.obj (.text:__auto_init)
                  00001ea0    00000100                 : remi.obj (.text:__remi)
                  00001fa0    000000e0                 : strasg.obj (.text:__strasg)
                  00002080    000000e0                 : exit.obj (.text:_exit)
                  00002160    000000c0                 : cpy_tbl.obj (.text:_copy_in)
                  00002220    000000c0     dsk6713bsl.lib : dsk6713_aic23_setfreq.obj (.text)
                  000022e0    000000a0     csl6713.lib : csl_irq.obj (.text:_setMux)
                  00002380    00000080     rts6700.lib : cpp_init.obj (.text:___TI_cpp_init)
                  00002400    00000080                 : boot.obj (.text:_c_int00)
                  00002480    00000040     csl6713.lib : csl_irq.obj (.text:_IRQ_enable)
                  000024c0    00000040     rts6700.lib : args_main.obj (.text:__args_main)
                  00002500    00000020     csl6713.lib : csl_irq.obj (.text:_IRQ_globalDisable)
                  00002520    00000020                 : csl_irq.obj (.text:_IRQ_globalEnable)
                  00002540    00000020                 : csl_irq.obj (.text:_IRQ_nmiEnable)
                  00002560    00000020                 : csl_mcbsp.obj (.text:_MCBSP_read)
                  00002580    00000020                 : csl_mcbsp.obj (.text:_MCBSP_write)
                  000025a0    00000020     rts6700.lib : exit.obj (.text:_abort)
                  000025c0    00000020     csl6713.lib : csl_irq.obj (.text)

.stack     0    000025e0    00000400     UNINITIALIZED
                  000025e0    00000008     rts6700.lib : boot.obj (.stack)
                  000025e8    000003f8     --HOLE--

.cinit     0    000029e0    00000254     
                  000029e0    0000012c     csl6713.lib : csl_irq.obj (.cinit)
                  00002b0c    00000004     --HOLE-- [fill = 0]
                  00002b10    00000054                 : csl_mcbsp.obj (.cinit)
                  00002b64    00000004     --HOLE-- [fill = 0]
                  00002b68    0000003c     main.obj (.cinit)
                  00002ba4    00000004     --HOLE-- [fill = 0]
                  00002ba8    00000030     dsk6713bsl.lib : dsk6713_aic23_registers.obj (.cinit)
                  00002bd8    0000002c     rts6700.lib : exit.obj (.cinit)
                  00002c04    00000004     --HOLE-- [fill = 0]
                  00002c08    00000028     dsk6713bsl.lib : dsk6713_aic23_setfreq.obj (.cinit)
                  00002c30    00000004     --HOLE-- [fill = 0]

.far       0    00002c34    000001ec     UNINITIALIZED
                  00002c34    000000f4     csl6713.lib : csl_irq.obj (.far)
                  00002d28    00000060     main.obj (.far)
                  00002d88    00000038     csl6713.lib : csl_mcbsp.obj (.far)
                  00002dc0    00000028     dsk6713bsl.lib : dsk6713_aic23_registers.obj (.far)
                  00002de8    00000020                    : dsk6713_aic23_setfreq.obj (.far)
                  00002e08    0000000c     rts6700.lib : exit.obj (.far)
                  00002e14    00000008     dsk6713bsl.lib : dsk6713_aic23_opencodec.obj (.far)
                  00002e1c    00000002                    : dsk6713.obj (.far)
                  00002e1e    00000002                    : dsk6713_led.obj (.far)

.const     0    00002e20    000000c0     
                  00002e20    00000040     dsk6713bsl.lib : dsk6713_aic23_opencodec.obj (.const)
                  00002e60    0000002c     main.obj (.const:_DEN)
                  00002e8c    0000002c     main.obj (.const:_NUM)
                  00002eb8    00000020     dsk6713bsl.lib : dsk6713.obj (.const)
                  00002ed8    00000008     main.obj (.const)


GLOBAL SYMBOLS: SORTED ALPHABETICALLY BY Name 

address    name
--------   ----
00000200   $bss
00000200   .bss
00000200   .data
00000200   .text
000025a0   C$$EXIT
00002e60   _DEN
00002edc   _DL
00002e14   _DSK6713_AIC23_codeccontrolhandle
00002e18   _DSK6713_AIC23_codecdatahandle
00001b20   _DSK6713_AIC23_config
00000e00   _DSK6713_AIC23_openCodec
00001af8   _DSK6713_AIC23_rget
00001a60   _DSK6713_AIC23_rset
00002220   _DSK6713_AIC23_setFreq
00001340   _DSK6713_LED_init
00001380   _DSK6713_LED_off
000013f0   _DSK6713_LED_on
00001460   _DSK6713_LED_toggle
00000614   _DSK6713_getVersion
0000024c   _DSK6713_init
00000568   _DSK6713_rget
0000057c   _DSK6713_rset
00002e1c   _DSK6713_version
00000590   _DSK6713_wait
000005e8   _DSK6713_waitusec
00002480   _IRQ_enable
00002500   _IRQ_globalDisable
00002520   _IRQ_globalEnable
00001700   _IRQ_map
00002540   _IRQ_nmiEnable
00001ba0   _MCBSP_open
00002560   _MCBSP_read
000018c0   _MCBSP_reset
00001ca0   _MCBSP_start
00002580   _MCBSP_write
00002ed8   _NL
00002e8c   _NUM
00002d20   __IRQ_dispatchTable
00002c5c   __IRQ_eventTable
000025c0   __IRQ_hookFetchPacket
00002ce0   __IRQ_intTable
00002db8   __MCBSP_hDev0
00002dbc   __MCBSP_hDev1
000029e0   __STACK_END
00000400   __STACK_SIZE
00000001   __TI_args_main
00002380   ___TI_cpp_init
00002e10   ___TI_enable_exit_profile_output
ffffffff   ___TI_pprof_out_hndl
ffffffff   ___TI_prof_data_size
ffffffff   ___TI_prof_data_start
ffffffff   ___binit__
00000200   ___bss__
ffffffff   ___c_args__
000029e0   ___cinit__
00000200   ___data__
00000200   ___edata__
00000200   ___end__
000025e0   ___etext__
ffffffff   ___pinit__
00000200   ___text__
000024c0   __args_main
00001da0   __auto_init
00001ea0   __c6xabi_remi
00002e08   __cleanup_ptr
00000b00   __divf
00002e0c   __dtors_ptr
00001ea0   __remi
000025e0   __stack
00001fa0   __strasg
000025a0   _abort
00002400   _c_int00
00002d2c   _config
00002160   _copy_in
00002080   _exit
00002d84   _filterOut
00002d28   _hCodec
00002d80   _index
00001520   _main
00001100   _memcpy
00000680   _serialPortRcvISR
00002d54   _tempOmega
ffffffff   binit
000029e0   cinit
00000200   edata
00000200   end
000025e0   etext
ffffffff   pinit


GLOBAL SYMBOLS: SORTED BY Symbol Address 

address    name
--------   ----
00000001   __TI_args_main
00000200   $bss
00000200   .bss
00000200   .data
00000200   .text
00000200   ___bss__
00000200   ___data__
00000200   ___edata__
00000200   ___end__
00000200   ___text__
00000200   edata
00000200   end
0000024c   _DSK6713_init
00000400   __STACK_SIZE
00000568   _DSK6713_rget
0000057c   _DSK6713_rset
00000590   _DSK6713_wait
000005e8   _DSK6713_waitusec
00000614   _DSK6713_getVersion
00000680   _serialPortRcvISR
00000b00   __divf
00000e00   _DSK6713_AIC23_openCodec
00001100   _memcpy
00001340   _DSK6713_LED_init
00001380   _DSK6713_LED_off
000013f0   _DSK6713_LED_on
00001460   _DSK6713_LED_toggle
00001520   _main
00001700   _IRQ_map
000018c0   _MCBSP_reset
00001a60   _DSK6713_AIC23_rset
00001af8   _DSK6713_AIC23_rget
00001b20   _DSK6713_AIC23_config
00001ba0   _MCBSP_open
00001ca0   _MCBSP_start
00001da0   __auto_init
00001ea0   __c6xabi_remi
00001ea0   __remi
00001fa0   __strasg
00002080   _exit
00002160   _copy_in
00002220   _DSK6713_AIC23_setFreq
00002380   ___TI_cpp_init
00002400   _c_int00
00002480   _IRQ_enable
000024c0   __args_main
00002500   _IRQ_globalDisable
00002520   _IRQ_globalEnable
00002540   _IRQ_nmiEnable
00002560   _MCBSP_read
00002580   _MCBSP_write
000025a0   C$$EXIT
000025a0   _abort
000025c0   __IRQ_hookFetchPacket
000025e0   ___etext__
000025e0   __stack
000025e0   etext
000029e0   __STACK_END
000029e0   ___cinit__
000029e0   cinit
00002c5c   __IRQ_eventTable
00002ce0   __IRQ_intTable
00002d20   __IRQ_dispatchTable
00002d28   _hCodec
00002d2c   _config
00002d54   _tempOmega
00002d80   _index
00002d84   _filterOut
00002db8   __MCBSP_hDev0
00002dbc   __MCBSP_hDev1
00002e08   __cleanup_ptr
00002e0c   __dtors_ptr
00002e10   ___TI_enable_exit_profile_output
00002e14   _DSK6713_AIC23_codeccontrolhandle
00002e18   _DSK6713_AIC23_codecdatahandle
00002e1c   _DSK6713_version
00002e60   _DEN
00002e8c   _NUM
00002ed8   _NL
00002edc   _DL
ffffffff   ___TI_pprof_out_hndl
ffffffff   ___TI_prof_data_size
ffffffff   ___TI_prof_data_start
ffffffff   ___binit__
ffffffff   ___c_args__
ffffffff   ___pinit__
ffffffff   binit
ffffffff   pinit

[88 symbols]
