******************************************************************************
               TMS320C6x Linker PC v7.4.24                     
******************************************************************************
>> Linked Sun Nov 11 16:40:04 2018

OUTPUT FILE NAME:   <Lab3Part2.out>
ENTRY POINT SYMBOL: "_c_int00"  address: 000020c0


MEMORY CONFIGURATION

         name            origin    length      used     unused   attr    fill
----------------------  --------  ---------  --------  --------  ----  --------
  VECS                  00000000   00000200  00000200  00000000  RWIX
  IRAM                  00000200   0002fe00  00002988  0002d478  RWIX
  L2RAM                 00030000   00010000  00000000  00010000  RWIX
  EMIFCE0               80000000   10000000  00000000  10000000  RWIX
  EMIFCE1               90000000   10000000  00000000  10000000  RWIX
  EMIFCE2               a0000000   10000000  00000000  10000000  RWIX
  EMIFCE3               b0000000   10000000  00000000  10000000  RWIX


SECTION ALLOCATION MAP

 output                                  attributes/
section   page    origin      length       input sections
--------  ----  ----------  ----------   ----------------
.pinit     0    00000200    00000000     UNINITIALIZED

vectors    0    00000000    00000200     
                  00000000    00000200     vectors.obj (vectors)

.bss       0    00000200    00000000     UNINITIALIZED

.data      0    00000200    00000000     UNINITIALIZED

.text      0    00000200    000020a0     
                  00000200    00000480     dsk6713bsl.lib : dsk6713.obj (.text)
                  00000680    00000440     main.obj (.text:retain)
                  00000ac0    00000300     dsk6713bsl.lib : dsk6713_aic23_opencodec.obj (.text)
                  00000dc0    00000240     rts6700.lib : memcpy62.obj (.text:_memcpy)
                  00001000    000001e0     dsk6713bsl.lib : dsk6713_led.obj (.text)
                  000011e0    000001e0     main.obj (.text)
                  000013c0    000001c0     csl6713.lib : csl_irq.obj (.text:_IRQ_map)
                  00001580    000001a0                 : csl_mcbsp.obj (.text:_MCBSP_reset)
                  00001720    00000140     dsk6713bsl.lib : dsk6713_aic23_registers.obj (.text)
                  00001860    00000100     csl6713.lib : csl_mcbsp.obj (.text:_MCBSP_open)
                  00001960    00000100                 : csl_mcbsp.obj (.text:_MCBSP_start)
                  00001a60    00000100     rts6700.lib : autoinit.obj (.text:__auto_init)
                  00001b60    00000100                 : remi.obj (.text:__remi)
                  00001c60    000000e0                 : strasg.obj (.text:__strasg)
                  00001d40    000000e0                 : exit.obj (.text:_exit)
                  00001e20    000000c0                 : cpy_tbl.obj (.text:_copy_in)
                  00001ee0    000000c0     dsk6713bsl.lib : dsk6713_aic23_setfreq.obj (.text)
                  00001fa0    000000a0     csl6713.lib : csl_irq.obj (.text:_setMux)
                  00002040    00000080     rts6700.lib : cpp_init.obj (.text:___TI_cpp_init)
                  000020c0    00000080                 : boot.obj (.text:_c_int00)
                  00002140    00000040     csl6713.lib : csl_irq.obj (.text:_IRQ_enable)
                  00002180    00000040     rts6700.lib : args_main.obj (.text:__args_main)
                  000021c0    00000020     csl6713.lib : csl_irq.obj (.text:_IRQ_globalDisable)
                  000021e0    00000020                 : csl_irq.obj (.text:_IRQ_globalEnable)
                  00002200    00000020                 : csl_irq.obj (.text:_IRQ_nmiEnable)
                  00002220    00000020                 : csl_mcbsp.obj (.text:_MCBSP_read)
                  00002240    00000020                 : csl_mcbsp.obj (.text:_MCBSP_write)
                  00002260    00000020     rts6700.lib : exit.obj (.text:_abort)
                  00002280    00000020     csl6713.lib : csl_irq.obj (.text)

.stack     0    000022a0    00000400     UNINITIALIZED
                  000022a0    00000008     rts6700.lib : boot.obj (.stack)
                  000022a8    000003f8     --HOLE--

.cinit     0    000026a0    00000264     
                  000026a0    0000012c     csl6713.lib : csl_irq.obj (.cinit)
                  000027cc    00000004     --HOLE-- [fill = 0]
                  000027d0    00000054                 : csl_mcbsp.obj (.cinit)
                  00002824    00000004     --HOLE-- [fill = 0]
                  00002828    0000004c     main.obj (.cinit)
                  00002874    00000004     --HOLE-- [fill = 0]
                  00002878    00000030     dsk6713bsl.lib : dsk6713_aic23_registers.obj (.cinit)
                  000028a8    0000002c     rts6700.lib : exit.obj (.cinit)
                  000028d4    00000004     --HOLE-- [fill = 0]
                  000028d8    00000028     dsk6713bsl.lib : dsk6713_aic23_setfreq.obj (.cinit)
                  00002900    00000004     --HOLE-- [fill = 0]

.far       0    00002904    000001ec     UNINITIALIZED
                  00002904    000000f4     csl6713.lib : csl_irq.obj (.far)
                  000029f8    00000060     main.obj (.far)
                  00002a58    00000038     csl6713.lib : csl_mcbsp.obj (.far)
                  00002a90    00000028     dsk6713bsl.lib : dsk6713_aic23_registers.obj (.far)
                  00002ab8    00000020                    : dsk6713_aic23_setfreq.obj (.far)
                  00002ad8    0000000c     rts6700.lib : exit.obj (.far)
                  00002ae4    00000008     dsk6713bsl.lib : dsk6713_aic23_opencodec.obj (.far)
                  00002aec    00000002                    : dsk6713.obj (.far)
                  00002aee    00000002                    : dsk6713_led.obj (.far)

.const     0    00002af0    00000098     
                  00002af0    00000040     dsk6713bsl.lib : dsk6713_aic23_opencodec.obj (.const)
                  00002b30    00000020                    : dsk6713.obj (.const)
                  00002b50    00000016     main.obj (.const:_DEN)
                  00002b66    00000002     --HOLE-- [fill = 0]
                  00002b68    00000016     main.obj (.const:_NUM)
                  00002b7e    00000002     --HOLE-- [fill = 0]
                  00002b80    00000008     main.obj (.const)


GLOBAL SYMBOLS: SORTED ALPHABETICALLY BY Name 

address    name
--------   ----
00000200   $bss
00000200   .bss
00000200   .data
00000200   .text
00002260   C$$EXIT
00002b50   _DEN
00002b84   _DL
00002ae4   _DSK6713_AIC23_codeccontrolhandle
00002ae8   _DSK6713_AIC23_codecdatahandle
000017e0   _DSK6713_AIC23_config
00000ac0   _DSK6713_AIC23_openCodec
000017b8   _DSK6713_AIC23_rget
00001720   _DSK6713_AIC23_rset
00001ee0   _DSK6713_AIC23_setFreq
00001000   _DSK6713_LED_init
00001040   _DSK6713_LED_off
000010b0   _DSK6713_LED_on
00001120   _DSK6713_LED_toggle
00000614   _DSK6713_getVersion
0000024c   _DSK6713_init
00000568   _DSK6713_rget
0000057c   _DSK6713_rset
00002aec   _DSK6713_version
00000590   _DSK6713_wait
000005e8   _DSK6713_waitusec
00002140   _IRQ_enable
000021c0   _IRQ_globalDisable
000021e0   _IRQ_globalEnable
000013c0   _IRQ_map
00002200   _IRQ_nmiEnable
00001860   _MCBSP_open
00002220   _MCBSP_read
00001580   _MCBSP_reset
00001960   _MCBSP_start
00002240   _MCBSP_write
00002b80   _NL
00002b68   _NUM
000029f0   __IRQ_dispatchTable
0000292c   __IRQ_eventTable
00002280   __IRQ_hookFetchPacket
000029b0   __IRQ_intTable
00002a88   __MCBSP_hDev0
00002a8c   __MCBSP_hDev1
000026a0   __STACK_END
00000400   __STACK_SIZE
00000001   __TI_args_main
00002040   ___TI_cpp_init
00002ae0   ___TI_enable_exit_profile_output
ffffffff   ___TI_pprof_out_hndl
ffffffff   ___TI_prof_data_size
ffffffff   ___TI_prof_data_start
ffffffff   ___binit__
00000200   ___bss__
ffffffff   ___c_args__
000026a0   ___cinit__
00000200   ___data__
00000200   ___edata__
00000200   ___end__
000022a0   ___etext__
ffffffff   ___pinit__
00000200   ___text__
00002180   __args_main
00001a60   __auto_init
00001b60   __c6xabi_remi
00002ad8   __cleanup_ptr
00002adc   __dtors_ptr
00001b60   __remi
000022a0   __stack
00001c60   __strasg
00002260   _abort
000020c0   _c_int00
000029fc   _config
00001e20   _copy_in
00001d40   _exit
00002a54   _filterOut
000029f8   _hCodec
00002a50   _index
000011e0   _main
00000dc0   _memcpy
00000680   _serialPortRcvISR
00002a24   _tempOmega
ffffffff   binit
000026a0   cinit
00000200   edata
00000200   end
000022a0   etext
ffffffff   pinit


GLOBAL SYMBOLS: SORTED BY Symbol Address 

address    name
--------   ----
00000001   __TI_args_main
00000200   $bss
00000200   .bss
00000200   .data
00000200   .text
00000200   ___bss__
00000200   ___data__
00000200   ___edata__
00000200   ___end__
00000200   ___text__
00000200   edata
00000200   end
0000024c   _DSK6713_init
00000400   __STACK_SIZE
00000568   _DSK6713_rget
0000057c   _DSK6713_rset
00000590   _DSK6713_wait
000005e8   _DSK6713_waitusec
00000614   _DSK6713_getVersion
00000680   _serialPortRcvISR
00000ac0   _DSK6713_AIC23_openCodec
00000dc0   _memcpy
00001000   _DSK6713_LED_init
00001040   _DSK6713_LED_off
000010b0   _DSK6713_LED_on
00001120   _DSK6713_LED_toggle
000011e0   _main
000013c0   _IRQ_map
00001580   _MCBSP_reset
00001720   _DSK6713_AIC23_rset
000017b8   _DSK6713_AIC23_rget
000017e0   _DSK6713_AIC23_config
00001860   _MCBSP_open
00001960   _MCBSP_start
00001a60   __auto_init
00001b60   __c6xabi_remi
00001b60   __remi
00001c60   __strasg
00001d40   _exit
00001e20   _copy_in
00001ee0   _DSK6713_AIC23_setFreq
00002040   ___TI_cpp_init
000020c0   _c_int00
00002140   _IRQ_enable
00002180   __args_main
000021c0   _IRQ_globalDisable
000021e0   _IRQ_globalEnable
00002200   _IRQ_nmiEnable
00002220   _MCBSP_read
00002240   _MCBSP_write
00002260   C$$EXIT
00002260   _abort
00002280   __IRQ_hookFetchPacket
000022a0   ___etext__
000022a0   __stack
000022a0   etext
000026a0   __STACK_END
000026a0   ___cinit__
000026a0   cinit
0000292c   __IRQ_eventTable
000029b0   __IRQ_intTable
000029f0   __IRQ_dispatchTable
000029f8   _hCodec
000029fc   _config
00002a24   _tempOmega
00002a50   _index
00002a54   _filterOut
00002a88   __MCBSP_hDev0
00002a8c   __MCBSP_hDev1
00002ad8   __cleanup_ptr
00002adc   __dtors_ptr
00002ae0   ___TI_enable_exit_profile_output
00002ae4   _DSK6713_AIC23_codeccontrolhandle
00002ae8   _DSK6713_AIC23_codecdatahandle
00002aec   _DSK6713_version
00002b50   _DEN
00002b68   _NUM
00002b80   _NL
00002b84   _DL
ffffffff   ___TI_pprof_out_hndl
ffffffff   ___TI_prof_data_size
ffffffff   ___TI_prof_data_start
ffffffff   ___binit__
ffffffff   ___c_args__
ffffffff   ___pinit__
ffffffff   binit
ffffffff   pinit

[87 symbols]
