******************************************************************************
               TMS320C6x Linker PC v7.4.24                     
******************************************************************************
>> Linked Mon Nov 12 12:11:24 2018

OUTPUT FILE NAME:   <Lab3Part3.out>
ENTRY POINT SYMBOL: "_c_int00"  address: 00002400


MEMORY CONFIGURATION

         name            origin    length      used     unused   attr    fill
----------------------  --------  ---------  --------  --------  ----  --------
  VECS                  00000000   00000200  00000200  00000000  RWIX
  IRAM                  00000200   0002fe00  00002dec  0002d014  RWIX
  L2RAM                 00030000   00010000  00000000  00010000  RWIX
  EMIFCE0               80000000   10000000  00000000  10000000  RWIX
  EMIFCE1               90000000   10000000  00000000  10000000  RWIX
  EMIFCE2               a0000000   10000000  00000000  10000000  RWIX
  EMIFCE3               b0000000   10000000  00000000  10000000  RWIX


SECTION ALLOCATION MAP

 output                                  attributes/
section   page    origin      length       input sections
--------  ----  ----------  ----------   ----------------
.pinit     0    00000200    00000000     UNINITIALIZED

vectors    0    00000000    00000200     
                  00000000    00000200     vectors.obj (vectors)

.bss       0    00000200    00000000     UNINITIALIZED

.data      0    00000200    00000000     UNINITIALIZED

.text      0    00000200    000023e0     
                  00000200    00000720     main.obj (.text)
                  00000920    00000480     dsk6713bsl.lib : dsk6713.obj (.text)
                  00000da0    00000300                    : dsk6713_aic23_opencodec.obj (.text)
                  000010a0    00000240     rts6700.lib : memcpy62.obj (.text:_memcpy)
                  000012e0    00000240     main.obj (.text:retain)
                  00001520    000001e0     dsk6713bsl.lib : dsk6713_led.obj (.text)
                  00001700    000001c0     csl6713.lib : csl_irq.obj (.text:_IRQ_map)
                  000018c0    000001a0                 : csl_mcbsp.obj (.text:_MCBSP_reset)
                  00001a60    00000140     dsk6713bsl.lib : dsk6713_aic23_registers.obj (.text)
                  00001ba0    00000100     csl6713.lib : csl_mcbsp.obj (.text:_MCBSP_open)
                  00001ca0    00000100                 : csl_mcbsp.obj (.text:_MCBSP_start)
                  00001da0    00000100     rts6700.lib : autoinit.obj (.text:__auto_init)
                  00001ea0    00000100                 : remi.obj (.text:__remi)
                  00001fa0    000000e0                 : strasg.obj (.text:__strasg)
                  00002080    000000e0                 : exit.obj (.text:_exit)
                  00002160    000000c0                 : cpy_tbl.obj (.text:_copy_in)
                  00002220    000000c0     dsk6713bsl.lib : dsk6713_aic23_setfreq.obj (.text)
                  000022e0    000000a0     csl6713.lib : csl_irq.obj (.text:_setMux)
                  00002380    00000080     rts6700.lib : cpp_init.obj (.text:___TI_cpp_init)
                  00002400    00000080                 : boot.obj (.text:_c_int00)
                  00002480    00000040     csl6713.lib : csl_irq.obj (.text:_IRQ_enable)
                  000024c0    00000040     rts6700.lib : args_main.obj (.text:__args_main)
                  00002500    00000020     csl6713.lib : csl_irq.obj (.text:_IRQ_globalDisable)
                  00002520    00000020                 : csl_irq.obj (.text:_IRQ_globalEnable)
                  00002540    00000020                 : csl_irq.obj (.text:_IRQ_nmiEnable)
                  00002560    00000020                 : csl_mcbsp.obj (.text:_MCBSP_read)
                  00002580    00000020                 : csl_mcbsp.obj (.text:_MCBSP_write)
                  000025a0    00000020     rts6700.lib : exit.obj (.text:_abort)
                  000025c0    00000020     csl6713.lib : csl_irq.obj (.text)

.stack     0    000025e0    00000400     UNINITIALIZED
                  000025e0    00000008     rts6700.lib : boot.obj (.stack)
                  000025e8    000003f8     --HOLE--

.far       0    000029e0    000002a0     UNINITIALIZED
                  000029e0    00000114     main.obj (.far)
                  00002af4    000000f4     csl6713.lib : csl_irq.obj (.far)
                  00002be8    00000038                 : csl_mcbsp.obj (.far)
                  00002c20    00000028     dsk6713bsl.lib : dsk6713_aic23_registers.obj (.far)
                  00002c48    00000020                    : dsk6713_aic23_setfreq.obj (.far)
                  00002c68    0000000c     rts6700.lib : exit.obj (.far)
                  00002c74    00000008     dsk6713bsl.lib : dsk6713_aic23_opencodec.obj (.far)
                  00002c7c    00000002                    : dsk6713.obj (.far)
                  00002c7e    00000002                    : dsk6713_led.obj (.far)

.cinit     0    00002c80    00000284     
                  00002c80    0000012c     csl6713.lib : csl_irq.obj (.cinit)
                  00002dac    00000004     --HOLE-- [fill = 0]
                  00002db0    0000006c     main.obj (.cinit)
                  00002e1c    00000004     --HOLE-- [fill = 0]
                  00002e20    00000054     csl6713.lib : csl_mcbsp.obj (.cinit)
                  00002e74    00000004     --HOLE-- [fill = 0]
                  00002e78    00000030     dsk6713bsl.lib : dsk6713_aic23_registers.obj (.cinit)
                  00002ea8    0000002c     rts6700.lib : exit.obj (.cinit)
                  00002ed4    00000004     --HOLE-- [fill = 0]
                  00002ed8    00000028     dsk6713bsl.lib : dsk6713_aic23_setfreq.obj (.cinit)
                  00002f00    00000004     --HOLE-- [fill = 0]

.const     0    00002f04    000000e8     
                  00002f04    00000042     main.obj (.const:_DEN)
                  00002f46    00000002     --HOLE-- [fill = 0]
                  00002f48    00000042     main.obj (.const:_NUM)
                  00002f8a    00000002     --HOLE-- [fill = 0]
                  00002f8c    00000040     dsk6713bsl.lib : dsk6713_aic23_opencodec.obj (.const)
                  00002fcc    00000020                    : dsk6713.obj (.const)


GLOBAL SYMBOLS: SORTED ALPHABETICALLY BY Name 

address    name
--------   ----
00000200   $bss
00000200   .bss
00000200   .data
00000200   .text
000025a0   C$$EXIT
00002f04   _DEN
00002c74   _DSK6713_AIC23_codeccontrolhandle
00002c78   _DSK6713_AIC23_codecdatahandle
00001b20   _DSK6713_AIC23_config
00000da0   _DSK6713_AIC23_openCodec
00001af8   _DSK6713_AIC23_rget
00001a60   _DSK6713_AIC23_rset
00002220   _DSK6713_AIC23_setFreq
00001520   _DSK6713_LED_init
00001560   _DSK6713_LED_off
000015d0   _DSK6713_LED_on
00001640   _DSK6713_LED_toggle
00000d34   _DSK6713_getVersion
0000096c   _DSK6713_init
00000c88   _DSK6713_rget
00000c9c   _DSK6713_rset
00002c7c   _DSK6713_version
00000cb0   _DSK6713_wait
00000d08   _DSK6713_waitusec
00002480   _IRQ_enable
00002500   _IRQ_globalDisable
00002520   _IRQ_globalEnable
00001700   _IRQ_map
00002540   _IRQ_nmiEnable
00001ba0   _MCBSP_open
00002560   _MCBSP_read
000018c0   _MCBSP_reset
00001ca0   _MCBSP_start
00002580   _MCBSP_write
00002f48   _NUM
00002be0   __IRQ_dispatchTable
00002b1c   __IRQ_eventTable
000025c0   __IRQ_hookFetchPacket
00002ba0   __IRQ_intTable
00002c18   __MCBSP_hDev0
00002c1c   __MCBSP_hDev1
000029e0   __STACK_END
00000400   __STACK_SIZE
00000001   __TI_args_main
00002380   ___TI_cpp_init
00002c70   ___TI_enable_exit_profile_output
ffffffff   ___TI_pprof_out_hndl
ffffffff   ___TI_prof_data_size
ffffffff   ___TI_prof_data_start
ffffffff   ___binit__
00000200   ___bss__
ffffffff   ___c_args__
00002c80   ___cinit__
00000200   ___data__
00000200   ___edata__
00000200   ___end__
000025e0   ___etext__
ffffffff   ___pinit__
00000200   ___text__
000024c0   __args_main
00001da0   __auto_init
00001ea0   __c6xabi_remi
00002c68   __cleanup_ptr
00002c6c   __dtors_ptr
00001ea0   __remi
000025e0   __stack
00001fa0   __strasg
000025a0   _abort
00002a9c   _acoeffs
00002a60   _bcoeffs
00002400   _c_int00
000029e4   _config
00002160   _copy_in
00002080   _exit
00000594   _filterGenerator
00002af0   _filterOut
00002a48   _gain
00000200   _guillotine1
0000031c   _guillotine2
000029e0   _hCodec
00002ad8   _index
00000408   _main
000010a0   _memcpy
000012e0   _serialPortRcvISR
00002aec   _stageOut
00002a0c   _tempOmega
ffffffff   binit
00002c80   cinit
00000200   edata
00000200   end
000025e0   etext
ffffffff   pinit


GLOBAL SYMBOLS: SORTED BY Symbol Address 

address    name
--------   ----
00000001   __TI_args_main
00000200   $bss
00000200   .bss
00000200   .data
00000200   .text
00000200   ___bss__
00000200   ___data__
00000200   ___edata__
00000200   ___end__
00000200   ___text__
00000200   _guillotine1
00000200   edata
00000200   end
0000031c   _guillotine2
00000400   __STACK_SIZE
00000408   _main
00000594   _filterGenerator
0000096c   _DSK6713_init
00000c88   _DSK6713_rget
00000c9c   _DSK6713_rset
00000cb0   _DSK6713_wait
00000d08   _DSK6713_waitusec
00000d34   _DSK6713_getVersion
00000da0   _DSK6713_AIC23_openCodec
000010a0   _memcpy
000012e0   _serialPortRcvISR
00001520   _DSK6713_LED_init
00001560   _DSK6713_LED_off
000015d0   _DSK6713_LED_on
00001640   _DSK6713_LED_toggle
00001700   _IRQ_map
000018c0   _MCBSP_reset
00001a60   _DSK6713_AIC23_rset
00001af8   _DSK6713_AIC23_rget
00001b20   _DSK6713_AIC23_config
00001ba0   _MCBSP_open
00001ca0   _MCBSP_start
00001da0   __auto_init
00001ea0   __c6xabi_remi
00001ea0   __remi
00001fa0   __strasg
00002080   _exit
00002160   _copy_in
00002220   _DSK6713_AIC23_setFreq
00002380   ___TI_cpp_init
00002400   _c_int00
00002480   _IRQ_enable
000024c0   __args_main
00002500   _IRQ_globalDisable
00002520   _IRQ_globalEnable
00002540   _IRQ_nmiEnable
00002560   _MCBSP_read
00002580   _MCBSP_write
000025a0   C$$EXIT
000025a0   _abort
000025c0   __IRQ_hookFetchPacket
000025e0   ___etext__
000025e0   __stack
000025e0   etext
000029e0   __STACK_END
000029e0   _hCodec
000029e4   _config
00002a0c   _tempOmega
00002a48   _gain
00002a60   _bcoeffs
00002a9c   _acoeffs
00002ad8   _index
00002aec   _stageOut
00002af0   _filterOut
00002b1c   __IRQ_eventTable
00002ba0   __IRQ_intTable
00002be0   __IRQ_dispatchTable
00002c18   __MCBSP_hDev0
00002c1c   __MCBSP_hDev1
00002c68   __cleanup_ptr
00002c6c   __dtors_ptr
00002c70   ___TI_enable_exit_profile_output
00002c74   _DSK6713_AIC23_codeccontrolhandle
00002c78   _DSK6713_AIC23_codecdatahandle
00002c7c   _DSK6713_version
00002c80   ___cinit__
00002c80   cinit
00002f04   _DEN
00002f48   _NUM
ffffffff   ___TI_pprof_out_hndl
ffffffff   ___TI_prof_data_size
ffffffff   ___TI_prof_data_start
ffffffff   ___binit__
ffffffff   ___c_args__
ffffffff   ___pinit__
ffffffff   binit
ffffffff   pinit

[92 symbols]
