******************************************************************************
               TMS320C6x Linker PC v7.4.24                     
******************************************************************************
>> Linked Mon Dec 03 12:30:47 2018

OUTPUT FILE NAME:   <Lab2Part1.out>
ENTRY POINT SYMBOL: "_c_int00"  address: 000021e0


MEMORY CONFIGURATION

         name            origin    length      used     unused   attr    fill
----------------------  --------  ---------  --------  --------  ----  --------
  VECS                  00000000   00000200  00000200  00000000  RWIX
  IRAM                  00000200   0002fe00  00002b20  0002d2e0  RWIX
  L2RAM                 00030000   00010000  00000000  00010000  RWIX
  EMIFCE0               80000000   10000000  00000000  10000000  RWIX
  EMIFCE1               90000000   10000000  00000000  10000000  RWIX
  EMIFCE2               a0000000   10000000  00000000  10000000  RWIX
  EMIFCE3               b0000000   10000000  00000000  10000000  RWIX


SECTION ALLOCATION MAP

 output                                  attributes/
section   page    origin      length       input sections
--------  ----  ----------  ----------   ----------------
.pinit     0    00000200    00000000     UNINITIALIZED

vectors    0    00000000    00000200     
                  00000000    00000200     vectors.obj (vectors)

.bss       0    00000200    00000000     UNINITIALIZED

.data      0    00000200    00000000     UNINITIALIZED

.text      0    00000200    000021c0     
                  00000200    00000480     dsk6713bsl.lib : dsk6713.obj (.text)
                  00000680    00000300     rts6700.lib : divf.obj (.text:__divf)
                  00000980    00000300     dsk6713bsl.lib : dsk6713_aic23_opencodec.obj (.text)
                  00000c80    000002c0     main.obj (.text:retain)
                  00000f40    00000240     rts6700.lib : memcpy62.obj (.text:_memcpy)
                  00001180    000001e0     dsk6713bsl.lib : dsk6713_led.obj (.text)
                  00001360    000001c0     csl6713.lib : csl_irq.obj (.text:_IRQ_map)
                  00001520    000001a0                 : csl_mcbsp.obj (.text:_MCBSP_reset)
                  000016c0    00000180     main.obj (.text)
                  00001840    00000140     dsk6713bsl.lib : dsk6713_aic23_registers.obj (.text)
                  00001980    00000100     csl6713.lib : csl_mcbsp.obj (.text:_MCBSP_open)
                  00001a80    00000100                 : csl_mcbsp.obj (.text:_MCBSP_start)
                  00001b80    00000100     rts6700.lib : autoinit.obj (.text:__auto_init)
                  00001c80    00000100                 : remi.obj (.text:__remi)
                  00001d80    000000e0                 : strasg.obj (.text:__strasg)
                  00001e60    000000e0                 : exit.obj (.text:_exit)
                  00001f40    000000c0                 : cpy_tbl.obj (.text:_copy_in)
                  00002000    000000c0     dsk6713bsl.lib : dsk6713_aic23_setfreq.obj (.text)
                  000020c0    000000a0     csl6713.lib : csl_irq.obj (.text:_setMux)
                  00002160    00000080     rts6700.lib : cpp_init.obj (.text:___TI_cpp_init)
                  000021e0    00000080                 : boot.obj (.text:_c_int00)
                  00002260    00000040     csl6713.lib : csl_irq.obj (.text:_IRQ_enable)
                  000022a0    00000040     rts6700.lib : args_main.obj (.text:__args_main)
                  000022e0    00000020     csl6713.lib : csl_irq.obj (.text:_IRQ_globalDisable)
                  00002300    00000020                 : csl_irq.obj (.text:_IRQ_globalEnable)
                  00002320    00000020                 : csl_irq.obj (.text:_IRQ_nmiEnable)
                  00002340    00000020                 : csl_mcbsp.obj (.text:_MCBSP_read)
                  00002360    00000020                 : csl_mcbsp.obj (.text:_MCBSP_write)
                  00002380    00000020     rts6700.lib : exit.obj (.text:_abort)
                  000023a0    00000020     csl6713.lib : csl_irq.obj (.text)

.stack     0    000023c0    00000400     UNINITIALIZED
                  000023c0    00000008     rts6700.lib : boot.obj (.stack)
                  000023c8    000003f8     --HOLE--

.cinit     0    000027c0    00000264     
                  000027c0    0000012c     csl6713.lib : csl_irq.obj (.cinit)
                  000028ec    00000004     --HOLE-- [fill = 0]
                  000028f0    00000054                 : csl_mcbsp.obj (.cinit)
                  00002944    00000004     --HOLE-- [fill = 0]
                  00002948    0000004c     main.obj (.cinit)
                  00002994    00000004     --HOLE-- [fill = 0]
                  00002998    00000030     dsk6713bsl.lib : dsk6713_aic23_registers.obj (.cinit)
                  000029c8    0000002c     rts6700.lib : exit.obj (.cinit)
                  000029f4    00000004     --HOLE-- [fill = 0]
                  000029f8    00000028     dsk6713bsl.lib : dsk6713_aic23_setfreq.obj (.cinit)
                  00002a20    00000004     --HOLE-- [fill = 0]

.far       0    00002a24    0000022c     UNINITIALIZED
                  00002a24    000000f4     csl6713.lib : csl_irq.obj (.far)
                  00002b18    000000a0     main.obj (.far)
                  00002bb8    00000038     csl6713.lib : csl_mcbsp.obj (.far)
                  00002bf0    00000028     dsk6713bsl.lib : dsk6713_aic23_registers.obj (.far)
                  00002c18    00000020                    : dsk6713_aic23_setfreq.obj (.far)
                  00002c38    0000000c     rts6700.lib : exit.obj (.far)
                  00002c44    00000008     dsk6713bsl.lib : dsk6713_aic23_opencodec.obj (.far)
                  00002c4c    00000002                    : dsk6713.obj (.far)
                  00002c4e    00000002                    : dsk6713_led.obj (.far)

.const     0    00002c50    000000d0     
                  00002c50    0000006c     main.obj (.const:_B)
                  00002cbc    00000040     dsk6713bsl.lib : dsk6713_aic23_opencodec.obj (.const)
                  00002cfc    00000020                    : dsk6713.obj (.const)
                  00002d1c    00000004     main.obj (.const)


GLOBAL SYMBOLS: SORTED ALPHABETICALLY BY Name 

address    name
--------   ----
00000200   $bss
00000200   .bss
00000200   .data
00000200   .text
00002380   C$$EXIT
00002c50   _B
00002d1c   _BL
00002c44   _DSK6713_AIC23_codeccontrolhandle
00002c48   _DSK6713_AIC23_codecdatahandle
00001900   _DSK6713_AIC23_config
00000980   _DSK6713_AIC23_openCodec
000018d8   _DSK6713_AIC23_rget
00001840   _DSK6713_AIC23_rset
00002000   _DSK6713_AIC23_setFreq
00001180   _DSK6713_LED_init
000011c0   _DSK6713_LED_off
00001230   _DSK6713_LED_on
000012a0   _DSK6713_LED_toggle
00000614   _DSK6713_getVersion
0000024c   _DSK6713_init
00000568   _DSK6713_rget
0000057c   _DSK6713_rset
00002c4c   _DSK6713_version
00000590   _DSK6713_wait
000005e8   _DSK6713_waitusec
00002260   _IRQ_enable
000022e0   _IRQ_globalDisable
00002300   _IRQ_globalEnable
00001360   _IRQ_map
00002320   _IRQ_nmiEnable
00001980   _MCBSP_open
00002340   _MCBSP_read
00001520   _MCBSP_reset
00001a80   _MCBSP_start
00002360   _MCBSP_write
00002b10   __IRQ_dispatchTable
00002a4c   __IRQ_eventTable
000023a0   __IRQ_hookFetchPacket
00002ad0   __IRQ_intTable
00002be8   __MCBSP_hDev0
00002bec   __MCBSP_hDev1
000027c0   __STACK_END
00000400   __STACK_SIZE
00000001   __TI_args_main
00002160   ___TI_cpp_init
00002c40   ___TI_enable_exit_profile_output
ffffffff   ___TI_pprof_out_hndl
ffffffff   ___TI_prof_data_size
ffffffff   ___TI_prof_data_start
ffffffff   ___binit__
00000200   ___bss__
ffffffff   ___c_args__
000027c0   ___cinit__
00000200   ___data__
00000200   ___edata__
00000200   ___end__
000023c0   ___etext__
ffffffff   ___pinit__
00000200   ___text__
000022a0   __args_main
00001b80   __auto_init
00001c80   __c6xabi_remi
00002c38   __cleanup_ptr
00000680   __divf
00002c3c   __dtors_ptr
00001c80   __remi
000023c0   __stack
00001d80   __strasg
00002380   _abort
000021e0   _c_int00
00002b1c   _config
00001f40   _copy_in
00001e60   _exit
00002b44   _filter
00002bb4   _filterOut
00002b18   _hCodec
00002bb0   _index
000016c0   _main
00000f40   _memcpy
00000c80   _serialPortRcvISR
ffffffff   binit
000027c0   cinit
00000200   edata
00000200   end
000023c0   etext
ffffffff   pinit


GLOBAL SYMBOLS: SORTED BY Symbol Address 

address    name
--------   ----
00000001   __TI_args_main
00000200   $bss
00000200   .bss
00000200   .data
00000200   .text
00000200   ___bss__
00000200   ___data__
00000200   ___edata__
00000200   ___end__
00000200   ___text__
00000200   edata
00000200   end
0000024c   _DSK6713_init
00000400   __STACK_SIZE
00000568   _DSK6713_rget
0000057c   _DSK6713_rset
00000590   _DSK6713_wait
000005e8   _DSK6713_waitusec
00000614   _DSK6713_getVersion
00000680   __divf
00000980   _DSK6713_AIC23_openCodec
00000c80   _serialPortRcvISR
00000f40   _memcpy
00001180   _DSK6713_LED_init
000011c0   _DSK6713_LED_off
00001230   _DSK6713_LED_on
000012a0   _DSK6713_LED_toggle
00001360   _IRQ_map
00001520   _MCBSP_reset
000016c0   _main
00001840   _DSK6713_AIC23_rset
000018d8   _DSK6713_AIC23_rget
00001900   _DSK6713_AIC23_config
00001980   _MCBSP_open
00001a80   _MCBSP_start
00001b80   __auto_init
00001c80   __c6xabi_remi
00001c80   __remi
00001d80   __strasg
00001e60   _exit
00001f40   _copy_in
00002000   _DSK6713_AIC23_setFreq
00002160   ___TI_cpp_init
000021e0   _c_int00
00002260   _IRQ_enable
000022a0   __args_main
000022e0   _IRQ_globalDisable
00002300   _IRQ_globalEnable
00002320   _IRQ_nmiEnable
00002340   _MCBSP_read
00002360   _MCBSP_write
00002380   C$$EXIT
00002380   _abort
000023a0   __IRQ_hookFetchPacket
000023c0   ___etext__
000023c0   __stack
000023c0   etext
000027c0   __STACK_END
000027c0   ___cinit__
000027c0   cinit
00002a4c   __IRQ_eventTable
00002ad0   __IRQ_intTable
00002b10   __IRQ_dispatchTable
00002b18   _hCodec
00002b1c   _config
00002b44   _filter
00002bb0   _index
00002bb4   _filterOut
00002be8   __MCBSP_hDev0
00002bec   __MCBSP_hDev1
00002c38   __cleanup_ptr
00002c3c   __dtors_ptr
00002c40   ___TI_enable_exit_profile_output
00002c44   _DSK6713_AIC23_codeccontrolhandle
00002c48   _DSK6713_AIC23_codecdatahandle
00002c4c   _DSK6713_version
00002c50   _B
00002d1c   _BL
ffffffff   ___TI_pprof_out_hndl
ffffffff   ___TI_prof_data_size
ffffffff   ___TI_prof_data_start
ffffffff   ___binit__
ffffffff   ___c_args__
ffffffff   ___pinit__
ffffffff   binit
ffffffff   pinit

[86 symbols]
