******************************************************************************
               TMS320C6x Linker PC v7.4.24                     
******************************************************************************
>> Linked Sun Dec 09 15:35:31 2018

OUTPUT FILE NAME:   <Lab6Part1.out>
ENTRY POINT SYMBOL: "_c_int00"  address: 00002380


MEMORY CONFIGURATION

         name            origin    length      used     unused   attr    fill
----------------------  --------  ---------  --------  --------  ----  --------
  VECS                  00000000   00000200  00000200  00000000  RWIX
  IRAM                  00000200   0002fe00  00002d4c  0002d0b4  RWIX
  L2RAM                 00030000   00010000  00000000  00010000  RWIX
  EMIFCE0               80000000   10000000  00000000  10000000  RWIX
  EMIFCE1               90000000   10000000  00000000  10000000  RWIX
  EMIFCE2               a0000000   10000000  00000000  10000000  RWIX
  EMIFCE3               b0000000   10000000  00000000  10000000  RWIX


SECTION ALLOCATION MAP

 output                                  attributes/
section   page    origin      length       input sections
--------  ----  ----------  ----------   ----------------
.pinit     0    00000200    00000000     UNINITIALIZED

vectors    0    00000000    00000200     
                  00000000    00000200     vectors.obj (vectors)

.bss       0    00000200    00000000     UNINITIALIZED

.data      0    00000200    00000000     UNINITIALIZED

.text      0    00000200    00002360     
                  00000200    00000480     dsk6713bsl.lib : dsk6713.obj (.text)
                  00000680    00000400     main.obj (.text:retain)
                  00000a80    00000300     rts6700.lib : divf.obj (.text:__divf)
                  00000d80    00000300     dsk6713bsl.lib : dsk6713_aic23_opencodec.obj (.text)
                  00001080    00000240     rts6700.lib : memcpy62.obj (.text:_memcpy)
                  000012c0    000001e0     dsk6713bsl.lib : dsk6713_led.obj (.text)
                  000014a0    000001e0     main.obj (.text)
                  00001680    000001c0     csl6713.lib : csl_irq.obj (.text:_IRQ_map)
                  00001840    000001a0                 : csl_mcbsp.obj (.text:_MCBSP_reset)
                  000019e0    00000140     dsk6713bsl.lib : dsk6713_aic23_registers.obj (.text)
                  00001b20    00000100     csl6713.lib : csl_mcbsp.obj (.text:_MCBSP_open)
                  00001c20    00000100                 : csl_mcbsp.obj (.text:_MCBSP_start)
                  00001d20    00000100     rts6700.lib : autoinit.obj (.text:__auto_init)
                  00001e20    00000100                 : remi.obj (.text:__remi)
                  00001f20    000000e0                 : strasg.obj (.text:__strasg)
                  00002000    000000e0                 : exit.obj (.text:_exit)
                  000020e0    000000c0                 : cpy_tbl.obj (.text:_copy_in)
                  000021a0    000000c0     dsk6713bsl.lib : dsk6713_aic23_setfreq.obj (.text)
                  00002260    000000a0     csl6713.lib : csl_irq.obj (.text:_setMux)
                  00002300    00000080     rts6700.lib : cpp_init.obj (.text:___TI_cpp_init)
                  00002380    00000080                 : boot.obj (.text:_c_int00)
                  00002400    00000040     csl6713.lib : csl_irq.obj (.text:_IRQ_enable)
                  00002440    00000040     rts6700.lib : args_main.obj (.text:__args_main)
                  00002480    00000020     csl6713.lib : csl_irq.obj (.text:_IRQ_globalDisable)
                  000024a0    00000020                 : csl_irq.obj (.text:_IRQ_globalEnable)
                  000024c0    00000020                 : csl_irq.obj (.text:_IRQ_nmiEnable)
                  000024e0    00000020                 : csl_mcbsp.obj (.text:_MCBSP_read)
                  00002500    00000020                 : csl_mcbsp.obj (.text:_MCBSP_write)
                  00002520    00000020     rts6700.lib : exit.obj (.text:_abort)
                  00002540    00000020     csl6713.lib : csl_irq.obj (.text)

.stack     0    00002560    00000400     UNINITIALIZED
                  00002560    00000008     rts6700.lib : boot.obj (.stack)
                  00002568    000003f8     --HOLE--

.cinit     0    00002960    000002dc     
                  00002960    0000012c     csl6713.lib : csl_irq.obj (.cinit)
                  00002a8c    00000004     --HOLE-- [fill = 0]
                  00002a90    000000c4     main.obj (.cinit)
                  00002b54    00000004     --HOLE-- [fill = 0]
                  00002b58    00000054     csl6713.lib : csl_mcbsp.obj (.cinit)
                  00002bac    00000004     --HOLE-- [fill = 0]
                  00002bb0    00000030     dsk6713bsl.lib : dsk6713_aic23_registers.obj (.cinit)
                  00002be0    0000002c     rts6700.lib : exit.obj (.cinit)
                  00002c0c    00000004     --HOLE-- [fill = 0]
                  00002c10    00000028     dsk6713bsl.lib : dsk6713_aic23_setfreq.obj (.cinit)
                  00002c38    00000004     --HOLE-- [fill = 0]

.far       0    00002c3c    000002ac     UNINITIALIZED
                  00002c3c    00000120     main.obj (.far)
                  00002d5c    000000f4     csl6713.lib : csl_irq.obj (.far)
                  00002e50    00000038                 : csl_mcbsp.obj (.far)
                  00002e88    00000028     dsk6713bsl.lib : dsk6713_aic23_registers.obj (.far)
                  00002eb0    00000020                    : dsk6713_aic23_setfreq.obj (.far)
                  00002ed0    0000000c     rts6700.lib : exit.obj (.far)
                  00002edc    00000008     dsk6713bsl.lib : dsk6713_aic23_opencodec.obj (.far)
                  00002ee4    00000002                    : dsk6713.obj (.far)
                  00002ee6    00000002                    : dsk6713_led.obj (.far)

.const     0    00002ee8    00000064     
                  00002ee8    00000040     dsk6713bsl.lib : dsk6713_aic23_opencodec.obj (.const)
                  00002f28    00000020                    : dsk6713.obj (.const)
                  00002f48    00000004     main.obj (.const)


GLOBAL SYMBOLS: SORTED ALPHABETICALLY BY Name 

address    name
--------   ----
00000200   $bss
00000200   .bss
00000200   .data
00000200   .text
00002520   C$$EXIT
00002c3c   _B
00002d1c   _BA
00002f48   _BL
00002edc   _DSK6713_AIC23_codeccontrolhandle
00002ee0   _DSK6713_AIC23_codecdatahandle
00001aa0   _DSK6713_AIC23_config
00000d80   _DSK6713_AIC23_openCodec
00001a78   _DSK6713_AIC23_rget
000019e0   _DSK6713_AIC23_rset
000021a0   _DSK6713_AIC23_setFreq
000012c0   _DSK6713_LED_init
00001300   _DSK6713_LED_off
00001370   _DSK6713_LED_on
000013e0   _DSK6713_LED_toggle
00000614   _DSK6713_getVersion
0000024c   _DSK6713_init
00000568   _DSK6713_rget
0000057c   _DSK6713_rset
00002ee4   _DSK6713_version
00000590   _DSK6713_wait
000005e8   _DSK6713_waitusec
00002400   _IRQ_enable
00002480   _IRQ_globalDisable
000024a0   _IRQ_globalEnable
00001680   _IRQ_map
000024c0   _IRQ_nmiEnable
00001b20   _MCBSP_open
000024e0   _MCBSP_read
00001840   _MCBSP_reset
00001c20   _MCBSP_start
00002500   _MCBSP_write
00002e48   __IRQ_dispatchTable
00002d84   __IRQ_eventTable
00002540   __IRQ_hookFetchPacket
00002e08   __IRQ_intTable
00002e80   __MCBSP_hDev0
00002e84   __MCBSP_hDev1
00002960   __STACK_END
00000400   __STACK_SIZE
00000001   __TI_args_main
00002300   ___TI_cpp_init
00002ed8   ___TI_enable_exit_profile_output
ffffffff   ___TI_pprof_out_hndl
ffffffff   ___TI_prof_data_size
ffffffff   ___TI_prof_data_start
ffffffff   ___binit__
00000200   ___bss__
ffffffff   ___c_args__
00002960   ___cinit__
00000200   ___data__
00000200   ___edata__
00000200   ___end__
00002560   ___etext__
ffffffff   ___pinit__
00000200   ___text__
00002440   __args_main
00001d20   __auto_init
00001e20   __c6xabi_remi
00002ed0   __cleanup_ptr
00000a80   __divf
00002ed4   __dtors_ptr
00001e20   __remi
00002560   __stack
00001f20   __strasg
00002520   _abort
00002380   _c_int00
00002cac   _config
000020e0   _copy_in
00002d18   _error
00002000   _exit
00002cd4   _filter
00002d14   _filterOut
00002ca8   _hCodec
00002d10   _index
000014a0   _main
00001080   _memcpy
00002d58   _mu
00000680   _serialPortRcvISR
ffffffff   binit
00002960   cinit
00000200   edata
00000200   end
00002560   etext
ffffffff   pinit


GLOBAL SYMBOLS: SORTED BY Symbol Address 

address    name
--------   ----
00000001   __TI_args_main
00000200   $bss
00000200   .bss
00000200   .data
00000200   .text
00000200   ___bss__
00000200   ___data__
00000200   ___edata__
00000200   ___end__
00000200   ___text__
00000200   edata
00000200   end
0000024c   _DSK6713_init
00000400   __STACK_SIZE
00000568   _DSK6713_rget
0000057c   _DSK6713_rset
00000590   _DSK6713_wait
000005e8   _DSK6713_waitusec
00000614   _DSK6713_getVersion
00000680   _serialPortRcvISR
00000a80   __divf
00000d80   _DSK6713_AIC23_openCodec
00001080   _memcpy
000012c0   _DSK6713_LED_init
00001300   _DSK6713_LED_off
00001370   _DSK6713_LED_on
000013e0   _DSK6713_LED_toggle
000014a0   _main
00001680   _IRQ_map
00001840   _MCBSP_reset
000019e0   _DSK6713_AIC23_rset
00001a78   _DSK6713_AIC23_rget
00001aa0   _DSK6713_AIC23_config
00001b20   _MCBSP_open
00001c20   _MCBSP_start
00001d20   __auto_init
00001e20   __c6xabi_remi
00001e20   __remi
00001f20   __strasg
00002000   _exit
000020e0   _copy_in
000021a0   _DSK6713_AIC23_setFreq
00002300   ___TI_cpp_init
00002380   _c_int00
00002400   _IRQ_enable
00002440   __args_main
00002480   _IRQ_globalDisable
000024a0   _IRQ_globalEnable
000024c0   _IRQ_nmiEnable
000024e0   _MCBSP_read
00002500   _MCBSP_write
00002520   C$$EXIT
00002520   _abort
00002540   __IRQ_hookFetchPacket
00002560   ___etext__
00002560   __stack
00002560   etext
00002960   __STACK_END
00002960   ___cinit__
00002960   cinit
00002c3c   _B
00002ca8   _hCodec
00002cac   _config
00002cd4   _filter
00002d10   _index
00002d14   _filterOut
00002d18   _error
00002d1c   _BA
00002d58   _mu
00002d84   __IRQ_eventTable
00002e08   __IRQ_intTable
00002e48   __IRQ_dispatchTable
00002e80   __MCBSP_hDev0
00002e84   __MCBSP_hDev1
00002ed0   __cleanup_ptr
00002ed4   __dtors_ptr
00002ed8   ___TI_enable_exit_profile_output
00002edc   _DSK6713_AIC23_codeccontrolhandle
00002ee0   _DSK6713_AIC23_codecdatahandle
00002ee4   _DSK6713_version
00002f48   _BL
ffffffff   ___TI_pprof_out_hndl
ffffffff   ___TI_prof_data_size
ffffffff   ___TI_prof_data_start
ffffffff   ___binit__
ffffffff   ___c_args__
ffffffff   ___pinit__
ffffffff   binit
ffffffff   pinit

[89 symbols]
