******************************************************************************
               TMS320C6x Linker PC v7.4.24                     
******************************************************************************
>> Linked Sat Dec 08 18:35:57 2018

OUTPUT FILE NAME:   <Lab6Part1.out>
ENTRY POINT SYMBOL: "_c_int00"  address: 000023a0


MEMORY CONFIGURATION

         name            origin    length      used     unused   attr    fill
----------------------  --------  ---------  --------  --------  ----  --------
  VECS                  00000000   00000200  00000200  00000000  RWIX
  IRAM                  00000200   0002fe00  00002ddc  0002d024  RWIX
  L2RAM                 00030000   00010000  00000000  00010000  RWIX
  EMIFCE0               80000000   10000000  00000000  10000000  RWIX
  EMIFCE1               90000000   10000000  00000000  10000000  RWIX
  EMIFCE2               a0000000   10000000  00000000  10000000  RWIX
  EMIFCE3               b0000000   10000000  00000000  10000000  RWIX


SECTION ALLOCATION MAP

 output                                  attributes/
section   page    origin      length       input sections
--------  ----  ----------  ----------   ----------------
.pinit     0    00000200    00000000     UNINITIALIZED

vectors    0    00000000    00000200     
                  00000000    00000200     vectors.obj (vectors)

.bss       0    00000200    00000000     UNINITIALIZED

.data      0    00000200    00000000     UNINITIALIZED

.text      0    00000200    00002380     
                  00000200    00000480     dsk6713bsl.lib : dsk6713.obj (.text)
                  00000680    00000420     main.obj (.text:retain)
                  00000aa0    00000300     rts6700.lib : divf.obj (.text:__divf)
                  00000da0    00000300     dsk6713bsl.lib : dsk6713_aic23_opencodec.obj (.text)
                  000010a0    00000240     rts6700.lib : memcpy62.obj (.text:_memcpy)
                  000012e0    000001e0     dsk6713bsl.lib : dsk6713_led.obj (.text)
                  000014c0    000001e0     main.obj (.text)
                  000016a0    000001c0     csl6713.lib : csl_irq.obj (.text:_IRQ_map)
                  00001860    000001a0                 : csl_mcbsp.obj (.text:_MCBSP_reset)
                  00001a00    00000140     dsk6713bsl.lib : dsk6713_aic23_registers.obj (.text)
                  00001b40    00000100     csl6713.lib : csl_mcbsp.obj (.text:_MCBSP_open)
                  00001c40    00000100                 : csl_mcbsp.obj (.text:_MCBSP_start)
                  00001d40    00000100     rts6700.lib : autoinit.obj (.text:__auto_init)
                  00001e40    00000100                 : remi.obj (.text:__remi)
                  00001f40    000000e0                 : strasg.obj (.text:__strasg)
                  00002020    000000e0                 : exit.obj (.text:_exit)
                  00002100    000000c0                 : cpy_tbl.obj (.text:_copy_in)
                  000021c0    000000c0     dsk6713bsl.lib : dsk6713_aic23_setfreq.obj (.text)
                  00002280    000000a0     csl6713.lib : csl_irq.obj (.text:_setMux)
                  00002320    00000080     rts6700.lib : cpp_init.obj (.text:___TI_cpp_init)
                  000023a0    00000080                 : boot.obj (.text:_c_int00)
                  00002420    00000040     csl6713.lib : csl_irq.obj (.text:_IRQ_enable)
                  00002460    00000040     rts6700.lib : args_main.obj (.text:__args_main)
                  000024a0    00000020     csl6713.lib : csl_irq.obj (.text:_IRQ_globalDisable)
                  000024c0    00000020                 : csl_irq.obj (.text:_IRQ_globalEnable)
                  000024e0    00000020                 : csl_irq.obj (.text:_IRQ_nmiEnable)
                  00002500    00000020                 : csl_mcbsp.obj (.text:_MCBSP_read)
                  00002520    00000020                 : csl_mcbsp.obj (.text:_MCBSP_write)
                  00002540    00000020     rts6700.lib : exit.obj (.text:_abort)
                  00002560    00000020     csl6713.lib : csl_irq.obj (.text)

.stack     0    00002580    00000400     UNINITIALIZED
                  00002580    00000008     rts6700.lib : boot.obj (.stack)
                  00002588    000003f8     --HOLE--

.far       0    00002980    0000030c     UNINITIALIZED
                  00002980    00000180     main.obj (.far)
                  00002b00    000000f4     csl6713.lib : csl_irq.obj (.far)
                  00002bf4    00000038                 : csl_mcbsp.obj (.far)
                  00002c2c    00000028     dsk6713bsl.lib : dsk6713_aic23_registers.obj (.far)
                  00002c54    00000020                    : dsk6713_aic23_setfreq.obj (.far)
                  00002c74    0000000c     rts6700.lib : exit.obj (.far)
                  00002c80    00000008     dsk6713bsl.lib : dsk6713_aic23_opencodec.obj (.far)
                  00002c88    00000002                    : dsk6713.obj (.far)
                  00002c8a    00000002                    : dsk6713_led.obj (.far)

.cinit     0    00002c90    000002ec     
                  00002c90    0000012c     csl6713.lib : csl_irq.obj (.cinit)
                  00002dbc    00000004     --HOLE-- [fill = 0]
                  00002dc0    000000d4     main.obj (.cinit)
                  00002e94    00000004     --HOLE-- [fill = 0]
                  00002e98    00000054     csl6713.lib : csl_mcbsp.obj (.cinit)
                  00002eec    00000004     --HOLE-- [fill = 0]
                  00002ef0    00000030     dsk6713bsl.lib : dsk6713_aic23_registers.obj (.cinit)
                  00002f20    0000002c     rts6700.lib : exit.obj (.cinit)
                  00002f4c    00000004     --HOLE-- [fill = 0]
                  00002f50    00000028     dsk6713bsl.lib : dsk6713_aic23_setfreq.obj (.cinit)
                  00002f78    00000004     --HOLE-- [fill = 0]

.const     0    00002f7c    00000064     
                  00002f7c    00000040     dsk6713bsl.lib : dsk6713_aic23_opencodec.obj (.const)
                  00002fbc    00000020                    : dsk6713.obj (.const)
                  00002fdc    00000004     main.obj (.const)


GLOBAL SYMBOLS: SORTED ALPHABETICALLY BY Name 

address    name
--------   ----
00000200   $bss
00000200   .bss
00000200   .data
00000200   .text
00002540   C$$EXIT
00002980   _B
00002a90   _BA
00002fdc   _BL
00002c80   _DSK6713_AIC23_codeccontrolhandle
00002c84   _DSK6713_AIC23_codecdatahandle
00001ac0   _DSK6713_AIC23_config
00000da0   _DSK6713_AIC23_openCodec
00001a98   _DSK6713_AIC23_rget
00001a00   _DSK6713_AIC23_rset
000021c0   _DSK6713_AIC23_setFreq
000012e0   _DSK6713_LED_init
00001320   _DSK6713_LED_off
00001390   _DSK6713_LED_on
00001400   _DSK6713_LED_toggle
00000614   _DSK6713_getVersion
0000024c   _DSK6713_init
00000568   _DSK6713_rget
0000057c   _DSK6713_rset
00002c88   _DSK6713_version
00000590   _DSK6713_wait
000005e8   _DSK6713_waitusec
00002420   _IRQ_enable
000024a0   _IRQ_globalDisable
000024c0   _IRQ_globalEnable
000016a0   _IRQ_map
000024e0   _IRQ_nmiEnable
00001b40   _MCBSP_open
00002500   _MCBSP_read
00001860   _MCBSP_reset
00001c40   _MCBSP_start
00002520   _MCBSP_write
00002bec   __IRQ_dispatchTable
00002b28   __IRQ_eventTable
00002560   __IRQ_hookFetchPacket
00002bac   __IRQ_intTable
00002c24   __MCBSP_hDev0
00002c28   __MCBSP_hDev1
00002980   __STACK_END
00000400   __STACK_SIZE
00000001   __TI_args_main
00002320   ___TI_cpp_init
00002c7c   ___TI_enable_exit_profile_output
ffffffff   ___TI_pprof_out_hndl
ffffffff   ___TI_prof_data_size
ffffffff   ___TI_prof_data_start
ffffffff   ___binit__
00000200   ___bss__
ffffffff   ___c_args__
00002c90   ___cinit__
00000200   ___data__
00000200   ___edata__
00000200   ___end__
00002580   ___etext__
ffffffff   ___pinit__
00000200   ___text__
00002460   __args_main
00001d40   __auto_init
00001e40   __c6xabi_remi
00002c74   __cleanup_ptr
00000aa0   __divf
00002c78   __dtors_ptr
00001e40   __remi
00002580   __stack
00001f40   __strasg
00002540   _abort
000023a0   _c_int00
000029f0   _config
00002100   _copy_in
00002a8c   _error
00002020   _exit
00002a18   _filter
00002a88   _filterOut
000029ec   _hCodec
00002a84   _index
000014c0   _main
000010a0   _memcpy
00002afc   _mu
00000680   _serialPortRcvISR
ffffffff   binit
00002c90   cinit
00000200   edata
00000200   end
00002580   etext
ffffffff   pinit


GLOBAL SYMBOLS: SORTED BY Symbol Address 

address    name
--------   ----
00000001   __TI_args_main
00000200   $bss
00000200   .bss
00000200   .data
00000200   .text
00000200   ___bss__
00000200   ___data__
00000200   ___edata__
00000200   ___end__
00000200   ___text__
00000200   edata
00000200   end
0000024c   _DSK6713_init
00000400   __STACK_SIZE
00000568   _DSK6713_rget
0000057c   _DSK6713_rset
00000590   _DSK6713_wait
000005e8   _DSK6713_waitusec
00000614   _DSK6713_getVersion
00000680   _serialPortRcvISR
00000aa0   __divf
00000da0   _DSK6713_AIC23_openCodec
000010a0   _memcpy
000012e0   _DSK6713_LED_init
00001320   _DSK6713_LED_off
00001390   _DSK6713_LED_on
00001400   _DSK6713_LED_toggle
000014c0   _main
000016a0   _IRQ_map
00001860   _MCBSP_reset
00001a00   _DSK6713_AIC23_rset
00001a98   _DSK6713_AIC23_rget
00001ac0   _DSK6713_AIC23_config
00001b40   _MCBSP_open
00001c40   _MCBSP_start
00001d40   __auto_init
00001e40   __c6xabi_remi
00001e40   __remi
00001f40   __strasg
00002020   _exit
00002100   _copy_in
000021c0   _DSK6713_AIC23_setFreq
00002320   ___TI_cpp_init
000023a0   _c_int00
00002420   _IRQ_enable
00002460   __args_main
000024a0   _IRQ_globalDisable
000024c0   _IRQ_globalEnable
000024e0   _IRQ_nmiEnable
00002500   _MCBSP_read
00002520   _MCBSP_write
00002540   C$$EXIT
00002540   _abort
00002560   __IRQ_hookFetchPacket
00002580   ___etext__
00002580   __stack
00002580   etext
00002980   _B
00002980   __STACK_END
000029ec   _hCodec
000029f0   _config
00002a18   _filter
00002a84   _index
00002a88   _filterOut
00002a8c   _error
00002a90   _BA
00002afc   _mu
00002b28   __IRQ_eventTable
00002bac   __IRQ_intTable
00002bec   __IRQ_dispatchTable
00002c24   __MCBSP_hDev0
00002c28   __MCBSP_hDev1
00002c74   __cleanup_ptr
00002c78   __dtors_ptr
00002c7c   ___TI_enable_exit_profile_output
00002c80   _DSK6713_AIC23_codeccontrolhandle
00002c84   _DSK6713_AIC23_codecdatahandle
00002c88   _DSK6713_version
00002c90   ___cinit__
00002c90   cinit
00002fdc   _BL
ffffffff   ___TI_pprof_out_hndl
ffffffff   ___TI_prof_data_size
ffffffff   ___TI_prof_data_start
ffffffff   ___binit__
ffffffff   ___c_args__
ffffffff   ___pinit__
ffffffff   binit
ffffffff   pinit

[89 symbols]
