******************************************************************************
               TMS320C6x Linker PC v7.4.24                     
******************************************************************************
>> Linked Tue Nov 06 12:40:46 2018

OUTPUT FILE NAME:   <Lab2Part3.out>
ENTRY POINT SYMBOL: "_c_int00"  address: 00002700


MEMORY CONFIGURATION

         name            origin    length      used     unused   attr    fill
----------------------  --------  ---------  --------  --------  ----  --------
  VECS                  00000000   00000200  00000200  00000000  RWIX
  IRAM                  00000200   0002fe00  0000315c  0002cca4  RWIX
  L2RAM                 00030000   00010000  00000000  00010000  RWIX
  EMIFCE0               80000000   10000000  00000000  10000000  RWIX
  EMIFCE1               90000000   10000000  00000000  10000000  RWIX
  EMIFCE2               a0000000   10000000  00000000  10000000  RWIX
  EMIFCE3               b0000000   10000000  00000000  10000000  RWIX


SECTION ALLOCATION MAP

 output                                  attributes/
section   page    origin      length       input sections
--------  ----  ----------  ----------   ----------------
.pinit     0    00000200    00000000     UNINITIALIZED

vectors    0    00000000    00000200     
                  00000000    00000200     vectors.obj (vectors)

.bss       0    00000200    00000000     UNINITIALIZED

.data      0    00000200    00000000     UNINITIALIZED

.text      0    00000200    000026e0     
                  00000200    000006e0     main.obj (.text)
                  000008e0    00000480     dsk6713bsl.lib : dsk6713.obj (.text)
                  00000d60    00000300     rts6700.lib : divf.obj (.text:__divf)
                  00001060    00000300     dsk6713bsl.lib : dsk6713_aic23_opencodec.obj (.text)
                  00001360    00000280     main.obj (.text:retain)
                  000015e0    00000240     rts6700.lib : memcpy62.obj (.text:_memcpy)
                  00001820    000001e0     dsk6713bsl.lib : dsk6713_led.obj (.text)
                  00001a00    000001c0     csl6713.lib : csl_irq.obj (.text:_IRQ_map)
                  00001bc0    000001a0                 : csl_mcbsp.obj (.text:_MCBSP_reset)
                  00001d60    00000140     dsk6713bsl.lib : dsk6713_aic23_registers.obj (.text)
                  00001ea0    00000100     csl6713.lib : csl_mcbsp.obj (.text:_MCBSP_open)
                  00001fa0    00000100                 : csl_mcbsp.obj (.text:_MCBSP_start)
                  000020a0    00000100     rts6700.lib : autoinit.obj (.text:__auto_init)
                  000021a0    00000100                 : remi.obj (.text:__remi)
                  000022a0    000000e0                 : strasg.obj (.text:__strasg)
                  00002380    000000e0                 : exit.obj (.text:_exit)
                  00002460    000000c0                 : cpy_tbl.obj (.text:_copy_in)
                  00002520    000000c0     dsk6713bsl.lib : dsk6713_aic23_setfreq.obj (.text)
                  000025e0    000000a0     csl6713.lib : csl_irq.obj (.text:_setMux)
                  00002680    00000080     rts6700.lib : cpp_init.obj (.text:___TI_cpp_init)
                  00002700    00000080                 : boot.obj (.text:_c_int00)
                  00002780    00000040     csl6713.lib : csl_irq.obj (.text:_IRQ_enable)
                  000027c0    00000040     rts6700.lib : args_main.obj (.text:__args_main)
                  00002800    00000020     csl6713.lib : csl_irq.obj (.text:_IRQ_globalDisable)
                  00002820    00000020                 : csl_irq.obj (.text:_IRQ_globalEnable)
                  00002840    00000020                 : csl_irq.obj (.text:_IRQ_nmiEnable)
                  00002860    00000020                 : csl_mcbsp.obj (.text:_MCBSP_read)
                  00002880    00000020                 : csl_mcbsp.obj (.text:_MCBSP_write)
                  000028a0    00000020     rts6700.lib : exit.obj (.text:_abort)
                  000028c0    00000020     csl6713.lib : csl_irq.obj (.text)

.stack     0    000028e0    00000400     UNINITIALIZED
                  000028e0    00000008     rts6700.lib : boot.obj (.stack)
                  000028e8    000003f8     --HOLE--

.far       0    00002ce0    000002a0     UNINITIALIZED
                  00002ce0    00000114     main.obj (.far)
                  00002df4    000000f4     csl6713.lib : csl_irq.obj (.far)
                  00002ee8    00000038                 : csl_mcbsp.obj (.far)
                  00002f20    00000028     dsk6713bsl.lib : dsk6713_aic23_registers.obj (.far)
                  00002f48    00000020                    : dsk6713_aic23_setfreq.obj (.far)
                  00002f68    0000000c     rts6700.lib : exit.obj (.far)
                  00002f74    00000008     dsk6713bsl.lib : dsk6713_aic23_opencodec.obj (.far)
                  00002f7c    00000002                    : dsk6713.obj (.far)
                  00002f7e    00000002                    : dsk6713_led.obj (.far)

.cinit     0    00002f80    00000274     
                  00002f80    0000012c     csl6713.lib : csl_irq.obj (.cinit)
                  000030ac    00000004     --HOLE-- [fill = 0]
                  000030b0    0000005c     main.obj (.cinit)
                  0000310c    00000004     --HOLE-- [fill = 0]
                  00003110    00000054     csl6713.lib : csl_mcbsp.obj (.cinit)
                  00003164    00000004     --HOLE-- [fill = 0]
                  00003168    00000030     dsk6713bsl.lib : dsk6713_aic23_registers.obj (.cinit)
                  00003198    0000002c     rts6700.lib : exit.obj (.cinit)
                  000031c4    00000004     --HOLE-- [fill = 0]
                  000031c8    00000028     dsk6713bsl.lib : dsk6713_aic23_setfreq.obj (.cinit)
                  000031f0    00000004     --HOLE-- [fill = 0]

.const     0    000031f4    00000168     
                  000031f4    00000084     main.obj (.const:_DEN)
                  00003278    00000084     main.obj (.const:_NUM)
                  000032fc    00000040     dsk6713bsl.lib : dsk6713_aic23_opencodec.obj (.const)
                  0000333c    00000020                    : dsk6713.obj (.const)


GLOBAL SYMBOLS: SORTED ALPHABETICALLY BY Name 

address    name
--------   ----
00000200   $bss
00000200   .bss
00000200   .data
00000200   .text
000028a0   C$$EXIT
000031f4   _DEN
00002f74   _DSK6713_AIC23_codeccontrolhandle
00002f78   _DSK6713_AIC23_codecdatahandle
00001e20   _DSK6713_AIC23_config
00001060   _DSK6713_AIC23_openCodec
00001df8   _DSK6713_AIC23_rget
00001d60   _DSK6713_AIC23_rset
00002520   _DSK6713_AIC23_setFreq
00001820   _DSK6713_LED_init
00001860   _DSK6713_LED_off
000018d0   _DSK6713_LED_on
00001940   _DSK6713_LED_toggle
00000cf4   _DSK6713_getVersion
0000092c   _DSK6713_init
00000c48   _DSK6713_rget
00000c5c   _DSK6713_rset
00002f7c   _DSK6713_version
00000c70   _DSK6713_wait
00000cc8   _DSK6713_waitusec
00002780   _IRQ_enable
00002800   _IRQ_globalDisable
00002820   _IRQ_globalEnable
00001a00   _IRQ_map
00002840   _IRQ_nmiEnable
00001ea0   _MCBSP_open
00002860   _MCBSP_read
00001bc0   _MCBSP_reset
00001fa0   _MCBSP_start
00002880   _MCBSP_write
00003278   _NUM
00002ee0   __IRQ_dispatchTable
00002e1c   __IRQ_eventTable
000028c0   __IRQ_hookFetchPacket
00002ea0   __IRQ_intTable
00002f18   __MCBSP_hDev0
00002f1c   __MCBSP_hDev1
00002ce0   __STACK_END
00000400   __STACK_SIZE
00000001   __TI_args_main
00002680   ___TI_cpp_init
00002f70   ___TI_enable_exit_profile_output
ffffffff   ___TI_pprof_out_hndl
ffffffff   ___TI_prof_data_size
ffffffff   ___TI_prof_data_start
ffffffff   ___binit__
00000200   ___bss__
ffffffff   ___c_args__
00002f80   ___cinit__
00000200   ___data__
00000200   ___edata__
00000200   ___end__
000028e0   ___etext__
ffffffff   ___pinit__
00000200   ___text__
000027c0   __args_main
000020a0   __auto_init
000021a0   __c6xabi_remi
00002f68   __cleanup_ptr
00000d60   __divf
00002f6c   __dtors_ptr
000021a0   __remi
000028e0   __stack
000022a0   __strasg
000028a0   _abort
00002d9c   _acoeffs
00002d60   _bcoeffs
00002700   _c_int00
00002ce4   _config
00002460   _copy_in
00002380   _exit
00000568   _filterGenerator
00002df0   _filterOut
00002d48   _gain
0000036c   _guillotine1
00000488   _guillotine2
00002ce0   _hCodec
00002dd8   _index
00000200   _main
000015e0   _memcpy
00001360   _serialPortRcvISR
00002dec   _stageOut
00002d0c   _tempOmega
ffffffff   binit
00002f80   cinit
00000200   edata
00000200   end
000028e0   etext
ffffffff   pinit


GLOBAL SYMBOLS: SORTED BY Symbol Address 

address    name
--------   ----
00000001   __TI_args_main
00000200   $bss
00000200   .bss
00000200   .data
00000200   .text
00000200   ___bss__
00000200   ___data__
00000200   ___edata__
00000200   ___end__
00000200   ___text__
00000200   _main
00000200   edata
00000200   end
0000036c   _guillotine1
00000400   __STACK_SIZE
00000488   _guillotine2
00000568   _filterGenerator
0000092c   _DSK6713_init
00000c48   _DSK6713_rget
00000c5c   _DSK6713_rset
00000c70   _DSK6713_wait
00000cc8   _DSK6713_waitusec
00000cf4   _DSK6713_getVersion
00000d60   __divf
00001060   _DSK6713_AIC23_openCodec
00001360   _serialPortRcvISR
000015e0   _memcpy
00001820   _DSK6713_LED_init
00001860   _DSK6713_LED_off
000018d0   _DSK6713_LED_on
00001940   _DSK6713_LED_toggle
00001a00   _IRQ_map
00001bc0   _MCBSP_reset
00001d60   _DSK6713_AIC23_rset
00001df8   _DSK6713_AIC23_rget
00001e20   _DSK6713_AIC23_config
00001ea0   _MCBSP_open
00001fa0   _MCBSP_start
000020a0   __auto_init
000021a0   __c6xabi_remi
000021a0   __remi
000022a0   __strasg
00002380   _exit
00002460   _copy_in
00002520   _DSK6713_AIC23_setFreq
00002680   ___TI_cpp_init
00002700   _c_int00
00002780   _IRQ_enable
000027c0   __args_main
00002800   _IRQ_globalDisable
00002820   _IRQ_globalEnable
00002840   _IRQ_nmiEnable
00002860   _MCBSP_read
00002880   _MCBSP_write
000028a0   C$$EXIT
000028a0   _abort
000028c0   __IRQ_hookFetchPacket
000028e0   ___etext__
000028e0   __stack
000028e0   etext
00002ce0   __STACK_END
00002ce0   _hCodec
00002ce4   _config
00002d0c   _tempOmega
00002d48   _gain
00002d60   _bcoeffs
00002d9c   _acoeffs
00002dd8   _index
00002dec   _stageOut
00002df0   _filterOut
00002e1c   __IRQ_eventTable
00002ea0   __IRQ_intTable
00002ee0   __IRQ_dispatchTable
00002f18   __MCBSP_hDev0
00002f1c   __MCBSP_hDev1
00002f68   __cleanup_ptr
00002f6c   __dtors_ptr
00002f70   ___TI_enable_exit_profile_output
00002f74   _DSK6713_AIC23_codeccontrolhandle
00002f78   _DSK6713_AIC23_codecdatahandle
00002f7c   _DSK6713_version
00002f80   ___cinit__
00002f80   cinit
000031f4   _DEN
00003278   _NUM
ffffffff   ___TI_pprof_out_hndl
ffffffff   ___TI_prof_data_size
ffffffff   ___TI_prof_data_start
ffffffff   ___binit__
ffffffff   ___c_args__
ffffffff   ___pinit__
ffffffff   binit
ffffffff   pinit

[93 symbols]
