******************************************************************************
               TMS320C6x Linker PC v7.4.24                     
******************************************************************************
>> Linked Wed Nov 14 16:34:01 2018

OUTPUT FILE NAME:   <Lab4Part1.out>
ENTRY POINT SYMBOL: "_c_int00"  address: 00001f00


MEMORY CONFIGURATION

         name            origin    length      used     unused   attr    fill
----------------------  --------  ---------  --------  --------  ----  --------
  VECS                  00000000   00000200  00000200  00000000  RWIX
  IRAM                  00000200   0002fe00  00002708  0002d6f8  RWIX
  L2RAM                 00030000   00010000  00000000  00010000  RWIX
  EMIFCE0               80000000   10000000  00000000  10000000  RWIX
  EMIFCE1               90000000   10000000  00000000  10000000  RWIX
  EMIFCE2               a0000000   10000000  00000000  10000000  RWIX
  EMIFCE3               b0000000   10000000  00000000  10000000  RWIX


SECTION ALLOCATION MAP

 output                                  attributes/
section   page    origin      length       input sections
--------  ----  ----------  ----------   ----------------
.pinit     0    00000200    00000000     UNINITIALIZED

vectors    0    00000000    00000200     
                  00000000    00000200     vectors.obj (vectors)

.bss       0    00000200    00000000     UNINITIALIZED

.data      0    00000200    00000000     UNINITIALIZED

.text      0    00000200    00001e00     
                  00000200    00000480     dsk6713bsl.lib : dsk6713.obj (.text)
                  00000680    00000300                    : dsk6713_aic23_opencodec.obj (.text)
                  00000980    000002e0     main.obj (.text:retain)
                  00000c60    00000240     rts6700.lib : memcpy62.obj (.text:_memcpy)
                  00000ea0    000001e0     dsk6713bsl.lib : dsk6713_led.obj (.text)
                  00001080    000001c0     csl6713.lib : csl_irq.obj (.text:_IRQ_map)
                  00001240    000001a0                 : csl_mcbsp.obj (.text:_MCBSP_reset)
                  000013e0    00000180     main.obj (.text)
                  00001560    00000140     dsk6713bsl.lib : dsk6713_aic23_registers.obj (.text)
                  000016a0    00000100     csl6713.lib : csl_mcbsp.obj (.text:_MCBSP_open)
                  000017a0    00000100                 : csl_mcbsp.obj (.text:_MCBSP_start)
                  000018a0    00000100     rts6700.lib : autoinit.obj (.text:__auto_init)
                  000019a0    00000100                 : remi.obj (.text:__remi)
                  00001aa0    000000e0                 : strasg.obj (.text:__strasg)
                  00001b80    000000e0                 : exit.obj (.text:_exit)
                  00001c60    000000c0                 : cpy_tbl.obj (.text:_copy_in)
                  00001d20    000000c0     dsk6713bsl.lib : dsk6713_aic23_setfreq.obj (.text)
                  00001de0    000000a0     csl6713.lib : csl_irq.obj (.text:_setMux)
                  00001e80    00000080     rts6700.lib : cpp_init.obj (.text:___TI_cpp_init)
                  00001f00    00000080                 : boot.obj (.text:_c_int00)
                  00001f80    00000040                 : args_main.obj (.text:__args_main)
                  00001fc0    00000020                 : exit.obj (.text:_abort)
                  00001fe0    00000020     csl6713.lib : csl_irq.obj (.text)

.stack     0    00002000    00000400     UNINITIALIZED
                  00002000    00000008     rts6700.lib : boot.obj (.stack)
                  00002008    000003f8     --HOLE--

.cinit     0    00002400    00000254     
                  00002400    0000012c     csl6713.lib : csl_irq.obj (.cinit)
                  0000252c    00000004     --HOLE-- [fill = 0]
                  00002530    00000054                 : csl_mcbsp.obj (.cinit)
                  00002584    00000004     --HOLE-- [fill = 0]
                  00002588    0000003c     main.obj (.cinit)
                  000025c4    00000004     --HOLE-- [fill = 0]
                  000025c8    00000030     dsk6713bsl.lib : dsk6713_aic23_registers.obj (.cinit)
                  000025f8    0000002c     rts6700.lib : exit.obj (.cinit)
                  00002624    00000004     --HOLE-- [fill = 0]
                  00002628    00000028     dsk6713bsl.lib : dsk6713_aic23_setfreq.obj (.cinit)
                  00002650    00000004     --HOLE-- [fill = 0]

.far       0    00002654    000001ec     UNINITIALIZED
                  00002654    000000f4     csl6713.lib : csl_irq.obj (.far)
                  00002748    00000060     main.obj (.far)
                  000027a8    00000038     csl6713.lib : csl_mcbsp.obj (.far)
                  000027e0    00000028     dsk6713bsl.lib : dsk6713_aic23_registers.obj (.far)
                  00002808    00000020                    : dsk6713_aic23_setfreq.obj (.far)
                  00002828    0000000c     rts6700.lib : exit.obj (.far)
                  00002834    00000008     dsk6713bsl.lib : dsk6713_aic23_opencodec.obj (.far)
                  0000283c    00000002                    : dsk6713.obj (.far)
                  0000283e    00000002                    : dsk6713_led.obj (.far)

.const     0    00002840    000000c8     
                  00002840    00000040     dsk6713bsl.lib : dsk6713_aic23_opencodec.obj (.const)
                  00002880    0000002c     main.obj (.const:_DEN2)
                  000028ac    0000002c     main.obj (.const:_NUM2)
                  000028d8    00000020     dsk6713bsl.lib : dsk6713.obj (.const)
                  000028f8    00000010     main.obj (.const)


GLOBAL SYMBOLS: SORTED ALPHABETICALLY BY Name 

address    name
--------   ----
00000200   $bss
00000200   .bss
00000200   .data
00000200   .text
00001fc0   C$$EXIT
00002880   _DEN2
000028fc   _DL
00002904   _DL2
00002834   _DSK6713_AIC23_codeccontrolhandle
00002838   _DSK6713_AIC23_codecdatahandle
00001620   _DSK6713_AIC23_config
00000680   _DSK6713_AIC23_openCodec
000015f8   _DSK6713_AIC23_rget
00001560   _DSK6713_AIC23_rset
00001d20   _DSK6713_AIC23_setFreq
00000ea0   _DSK6713_LED_init
00000ee0   _DSK6713_LED_off
00000f50   _DSK6713_LED_on
00000fc0   _DSK6713_LED_toggle
00000614   _DSK6713_getVersion
0000024c   _DSK6713_init
00000568   _DSK6713_rget
0000057c   _DSK6713_rset
0000283c   _DSK6713_version
00000590   _DSK6713_wait
000005e8   _DSK6713_waitusec
00001080   _IRQ_map
000016a0   _MCBSP_open
00001240   _MCBSP_reset
000017a0   _MCBSP_start
000028f8   _NL
00002900   _NL2
000028ac   _NUM2
00002740   __IRQ_dispatchTable
0000267c   __IRQ_eventTable
00001fe0   __IRQ_hookFetchPacket
00002700   __IRQ_intTable
000027d8   __MCBSP_hDev0
000027dc   __MCBSP_hDev1
00002400   __STACK_END
00000400   __STACK_SIZE
00000001   __TI_args_main
00001e80   ___TI_cpp_init
00002830   ___TI_enable_exit_profile_output
ffffffff   ___TI_pprof_out_hndl
ffffffff   ___TI_prof_data_size
ffffffff   ___TI_prof_data_start
ffffffff   ___binit__
00000200   ___bss__
ffffffff   ___c_args__
00002400   ___cinit__
00000200   ___data__
00000200   ___edata__
00000200   ___end__
00002000   ___etext__
ffffffff   ___pinit__
00000200   ___text__
00001f80   __args_main
000018a0   __auto_init
000019a0   __c6xabi_remi
00002828   __cleanup_ptr
0000282c   __dtors_ptr
000019a0   __remi
00002000   __stack
00001aa0   __strasg
00001fc0   _abort
00001f00   _c_int00
0000274c   _config
00001c60   _copy_in
00001b80   _exit
000027a4   _filterOut
00002748   _hCodec
000027a0   _index
000013e0   _main
00000c60   _memcpy
00000980   _serialPortRcvISR
00002774   _tempOmega
ffffffff   binit
00002400   cinit
00000200   edata
00000200   end
00002000   etext
ffffffff   pinit


GLOBAL SYMBOLS: SORTED BY Symbol Address 

address    name
--------   ----
00000001   __TI_args_main
00000200   $bss
00000200   .bss
00000200   .data
00000200   .text
00000200   ___bss__
00000200   ___data__
00000200   ___edata__
00000200   ___end__
00000200   ___text__
00000200   edata
00000200   end
0000024c   _DSK6713_init
00000400   __STACK_SIZE
00000568   _DSK6713_rget
0000057c   _DSK6713_rset
00000590   _DSK6713_wait
000005e8   _DSK6713_waitusec
00000614   _DSK6713_getVersion
00000680   _DSK6713_AIC23_openCodec
00000980   _serialPortRcvISR
00000c60   _memcpy
00000ea0   _DSK6713_LED_init
00000ee0   _DSK6713_LED_off
00000f50   _DSK6713_LED_on
00000fc0   _DSK6713_LED_toggle
00001080   _IRQ_map
00001240   _MCBSP_reset
000013e0   _main
00001560   _DSK6713_AIC23_rset
000015f8   _DSK6713_AIC23_rget
00001620   _DSK6713_AIC23_config
000016a0   _MCBSP_open
000017a0   _MCBSP_start
000018a0   __auto_init
000019a0   __c6xabi_remi
000019a0   __remi
00001aa0   __strasg
00001b80   _exit
00001c60   _copy_in
00001d20   _DSK6713_AIC23_setFreq
00001e80   ___TI_cpp_init
00001f00   _c_int00
00001f80   __args_main
00001fc0   C$$EXIT
00001fc0   _abort
00001fe0   __IRQ_hookFetchPacket
00002000   ___etext__
00002000   __stack
00002000   etext
00002400   __STACK_END
00002400   ___cinit__
00002400   cinit
0000267c   __IRQ_eventTable
00002700   __IRQ_intTable
00002740   __IRQ_dispatchTable
00002748   _hCodec
0000274c   _config
00002774   _tempOmega
000027a0   _index
000027a4   _filterOut
000027d8   __MCBSP_hDev0
000027dc   __MCBSP_hDev1
00002828   __cleanup_ptr
0000282c   __dtors_ptr
00002830   ___TI_enable_exit_profile_output
00002834   _DSK6713_AIC23_codeccontrolhandle
00002838   _DSK6713_AIC23_codecdatahandle
0000283c   _DSK6713_version
00002880   _DEN2
000028ac   _NUM2
000028f8   _NL
000028fc   _DL
00002900   _NL2
00002904   _DL2
ffffffff   ___TI_pprof_out_hndl
ffffffff   ___TI_prof_data_size
ffffffff   ___TI_prof_data_start
ffffffff   ___binit__
ffffffff   ___c_args__
ffffffff   ___pinit__
ffffffff   binit
ffffffff   pinit

[83 symbols]
