******************************************************************************
               TMS320C6x Linker PC v7.4.24                     
******************************************************************************
>> Linked Thu Nov 29 12:55:34 2018

OUTPUT FILE NAME:   <Lab4Part1.out>
ENTRY POINT SYMBOL: "_c_int00"  address: 00002420


MEMORY CONFIGURATION

         name            origin    length      used     unused   attr    fill
----------------------  --------  ---------  --------  --------  ----  --------
  VECS                  00000000   00000200  00000200  00000000  RWIX
  IRAM                  00000200   0002fe00  00002d08  0002d0f8  RWIX
  L2RAM                 00030000   00010000  00000000  00010000  RWIX
  EMIFCE0               80000000   10000000  00000000  10000000  RWIX
  EMIFCE1               90000000   10000000  00000000  10000000  RWIX
  EMIFCE2               a0000000   10000000  00000000  10000000  RWIX
  EMIFCE3               b0000000   10000000  00000000  10000000  RWIX


SECTION ALLOCATION MAP

 output                                  attributes/
section   page    origin      length       input sections
--------  ----  ----------  ----------   ----------------
.pinit     0    00000200    00000000     UNINITIALIZED

vectors    0    00000000    00000200     
                  00000000    00000200     vectors.obj (vectors)

.bss       0    00000200    00000000     UNINITIALIZED

.data      0    00000200    00000000     UNINITIALIZED

.text      0    00000200    00002400     
                  00000200    00000480     dsk6713bsl.lib : dsk6713.obj (.text)
                  00000680    00000460     main.obj (.text)
                  00000ae0    00000300     rts6700.lib : divf.obj (.text:__divf)
                  00000de0    00000300     dsk6713bsl.lib : dsk6713_aic23_opencodec.obj (.text)
                  000010e0    00000240     rts6700.lib : memcpy62.obj (.text:_memcpy)
                  00001320    00000220     main.obj (.text:retain)
                  00001540    000001e0     dsk6713bsl.lib : dsk6713_led.obj (.text)
                  00001720    000001c0     csl6713.lib : csl_irq.obj (.text:_IRQ_map)
                  000018e0    000001a0                 : csl_mcbsp.obj (.text:_MCBSP_reset)
                  00001a80    00000140     dsk6713bsl.lib : dsk6713_aic23_registers.obj (.text)
                  00001bc0    00000100     csl6713.lib : csl_mcbsp.obj (.text:_MCBSP_open)
                  00001cc0    00000100                 : csl_mcbsp.obj (.text:_MCBSP_start)
                  00001dc0    00000100     rts6700.lib : autoinit.obj (.text:__auto_init)
                  00001ec0    00000100                 : remi.obj (.text:__remi)
                  00001fc0    000000e0                 : strasg.obj (.text:__strasg)
                  000020a0    000000e0                 : exit.obj (.text:_exit)
                  00002180    000000c0                 : cpy_tbl.obj (.text:_copy_in)
                  00002240    000000c0     dsk6713bsl.lib : dsk6713_aic23_setfreq.obj (.text)
                  00002300    000000a0     csl6713.lib : csl_irq.obj (.text:_setMux)
                  000023a0    00000080     rts6700.lib : cpp_init.obj (.text:___TI_cpp_init)
                  00002420    00000080                 : boot.obj (.text:_c_int00)
                  000024a0    00000040     csl6713.lib : csl_irq.obj (.text:_IRQ_enable)
                  000024e0    00000040     rts6700.lib : args_main.obj (.text:__args_main)
                  00002520    00000020     csl6713.lib : csl_irq.obj (.text:_IRQ_globalDisable)
                  00002540    00000020                 : csl_irq.obj (.text:_IRQ_globalEnable)
                  00002560    00000020                 : csl_irq.obj (.text:_IRQ_nmiEnable)
                  00002580    00000020                 : csl_mcbsp.obj (.text:_MCBSP_read)
                  000025a0    00000020                 : csl_mcbsp.obj (.text:_MCBSP_write)
                  000025c0    00000020     rts6700.lib : exit.obj (.text:_abort)
                  000025e0    00000020     csl6713.lib : csl_irq.obj (.text)

.stack     0    00002600    00000400     UNINITIALIZED
                  00002600    00000008     rts6700.lib : boot.obj (.stack)
                  00002608    000003f8     --HOLE--

.cinit     0    00002a00    00000254     
                  00002a00    0000012c     csl6713.lib : csl_irq.obj (.cinit)
                  00002b2c    00000004     --HOLE-- [fill = 0]
                  00002b30    00000054                 : csl_mcbsp.obj (.cinit)
                  00002b84    00000004     --HOLE-- [fill = 0]
                  00002b88    0000003c     main.obj (.cinit)
                  00002bc4    00000004     --HOLE-- [fill = 0]
                  00002bc8    00000030     dsk6713bsl.lib : dsk6713_aic23_registers.obj (.cinit)
                  00002bf8    0000002c     rts6700.lib : exit.obj (.cinit)
                  00002c24    00000004     --HOLE-- [fill = 0]
                  00002c28    00000028     dsk6713bsl.lib : dsk6713_aic23_setfreq.obj (.cinit)
                  00002c50    00000004     --HOLE-- [fill = 0]

.far       0    00002c54    000001ec     UNINITIALIZED
                  00002c54    000000f4     csl6713.lib : csl_irq.obj (.far)
                  00002d48    00000060     main.obj (.far)
                  00002da8    00000038     csl6713.lib : csl_mcbsp.obj (.far)
                  00002de0    00000028     dsk6713bsl.lib : dsk6713_aic23_registers.obj (.far)
                  00002e08    00000020                    : dsk6713_aic23_setfreq.obj (.far)
                  00002e28    0000000c     rts6700.lib : exit.obj (.far)
                  00002e34    00000008     dsk6713bsl.lib : dsk6713_aic23_opencodec.obj (.far)
                  00002e3c    00000002                    : dsk6713.obj (.far)
                  00002e3e    00000002                    : dsk6713_led.obj (.far)

.const     0    00002e40    000000c8     
                  00002e40    00000040     dsk6713bsl.lib : dsk6713_aic23_opencodec.obj (.const)
                  00002e80    0000002c     main.obj (.const:_DEN2)
                  00002eac    0000002c     main.obj (.const:_NUM2)
                  00002ed8    00000020     dsk6713bsl.lib : dsk6713.obj (.const)
                  00002ef8    00000010     main.obj (.const)


GLOBAL SYMBOLS: SORTED ALPHABETICALLY BY Name 

address    name
--------   ----
00000200   $bss
00000200   .bss
00000200   .data
00000200   .text
000025c0   C$$EXIT
00002e80   _DEN2
00002efc   _DL
00002f04   _DL2
00002e34   _DSK6713_AIC23_codeccontrolhandle
00002e38   _DSK6713_AIC23_codecdatahandle
00001b40   _DSK6713_AIC23_config
00000de0   _DSK6713_AIC23_openCodec
00001b18   _DSK6713_AIC23_rget
00001a80   _DSK6713_AIC23_rset
00002240   _DSK6713_AIC23_setFreq
00001540   _DSK6713_LED_init
00001580   _DSK6713_LED_off
000015f0   _DSK6713_LED_on
00001660   _DSK6713_LED_toggle
00000614   _DSK6713_getVersion
0000024c   _DSK6713_init
00000568   _DSK6713_rget
0000057c   _DSK6713_rset
00002e3c   _DSK6713_version
00000590   _DSK6713_wait
000005e8   _DSK6713_waitusec
000024a0   _IRQ_enable
00002520   _IRQ_globalDisable
00002540   _IRQ_globalEnable
00001720   _IRQ_map
00002560   _IRQ_nmiEnable
00001bc0   _MCBSP_open
00002580   _MCBSP_read
000018e0   _MCBSP_reset
00001cc0   _MCBSP_start
000025a0   _MCBSP_write
00002ef8   _NL
00002f00   _NL2
00002eac   _NUM2
00002d40   __IRQ_dispatchTable
00002c7c   __IRQ_eventTable
000025e0   __IRQ_hookFetchPacket
00002d00   __IRQ_intTable
00002dd8   __MCBSP_hDev0
00002ddc   __MCBSP_hDev1
00002a00   __STACK_END
00000400   __STACK_SIZE
00000001   __TI_args_main
000023a0   ___TI_cpp_init
00002e30   ___TI_enable_exit_profile_output
ffffffff   ___TI_pprof_out_hndl
ffffffff   ___TI_prof_data_size
ffffffff   ___TI_prof_data_start
ffffffff   ___binit__
00000200   ___bss__
ffffffff   ___c_args__
00002a00   ___cinit__
00000200   ___data__
00000200   ___edata__
00000200   ___end__
00002600   ___etext__
ffffffff   ___pinit__
00000200   ___text__
000024e0   __args_main
00001dc0   __auto_init
00001ec0   __c6xabi_remi
00002e28   __cleanup_ptr
00000ae0   __divf
00002e2c   __dtors_ptr
00001ec0   __remi
00002600   __stack
00001fc0   __strasg
000025c0   _abort
00002420   _c_int00
00002d4c   _config
00002180   _copy_in
000020a0   _exit
00002da4   _filterOut
00002d48   _hCodec
00002da0   _index
000008f0   _main
000010e0   _memcpy
00001320   _serialPortRcvISR
00002d74   _tempOmega
ffffffff   binit
00002a00   cinit
00000200   edata
00000200   end
00002600   etext
ffffffff   pinit


GLOBAL SYMBOLS: SORTED BY Symbol Address 

address    name
--------   ----
00000001   __TI_args_main
00000200   $bss
00000200   .bss
00000200   .data
00000200   .text
00000200   ___bss__
00000200   ___data__
00000200   ___edata__
00000200   ___end__
00000200   ___text__
00000200   edata
00000200   end
0000024c   _DSK6713_init
00000400   __STACK_SIZE
00000568   _DSK6713_rget
0000057c   _DSK6713_rset
00000590   _DSK6713_wait
000005e8   _DSK6713_waitusec
00000614   _DSK6713_getVersion
000008f0   _main
00000ae0   __divf
00000de0   _DSK6713_AIC23_openCodec
000010e0   _memcpy
00001320   _serialPortRcvISR
00001540   _DSK6713_LED_init
00001580   _DSK6713_LED_off
000015f0   _DSK6713_LED_on
00001660   _DSK6713_LED_toggle
00001720   _IRQ_map
000018e0   _MCBSP_reset
00001a80   _DSK6713_AIC23_rset
00001b18   _DSK6713_AIC23_rget
00001b40   _DSK6713_AIC23_config
00001bc0   _MCBSP_open
00001cc0   _MCBSP_start
00001dc0   __auto_init
00001ec0   __c6xabi_remi
00001ec0   __remi
00001fc0   __strasg
000020a0   _exit
00002180   _copy_in
00002240   _DSK6713_AIC23_setFreq
000023a0   ___TI_cpp_init
00002420   _c_int00
000024a0   _IRQ_enable
000024e0   __args_main
00002520   _IRQ_globalDisable
00002540   _IRQ_globalEnable
00002560   _IRQ_nmiEnable
00002580   _MCBSP_read
000025a0   _MCBSP_write
000025c0   C$$EXIT
000025c0   _abort
000025e0   __IRQ_hookFetchPacket
00002600   ___etext__
00002600   __stack
00002600   etext
00002a00   __STACK_END
00002a00   ___cinit__
00002a00   cinit
00002c7c   __IRQ_eventTable
00002d00   __IRQ_intTable
00002d40   __IRQ_dispatchTable
00002d48   _hCodec
00002d4c   _config
00002d74   _tempOmega
00002da0   _index
00002da4   _filterOut
00002dd8   __MCBSP_hDev0
00002ddc   __MCBSP_hDev1
00002e28   __cleanup_ptr
00002e2c   __dtors_ptr
00002e30   ___TI_enable_exit_profile_output
00002e34   _DSK6713_AIC23_codeccontrolhandle
00002e38   _DSK6713_AIC23_codecdatahandle
00002e3c   _DSK6713_version
00002e80   _DEN2
00002eac   _NUM2
00002ef8   _NL
00002efc   _DL
00002f00   _NL2
00002f04   _DL2
ffffffff   ___TI_pprof_out_hndl
ffffffff   ___TI_prof_data_size
ffffffff   ___TI_prof_data_start
ffffffff   ___binit__
ffffffff   ___c_args__
ffffffff   ___pinit__
ffffffff   binit
ffffffff   pinit

[90 symbols]
