******************************************************************************
               TMS320C6x Linker PC v7.4.24                     
******************************************************************************
>> Linked Thu Nov 08 16:12:35 2018

OUTPUT FILE NAME:   <Lab2.out>
ENTRY POINT SYMBOL: "_c_int00"  address: 00002220


MEMORY CONFIGURATION

         name            origin    length      used     unused   attr    fill
----------------------  --------  ---------  --------  --------  ----  --------
  VECS                  00000000   00000200  00000200  00000000  RWIX
  IRAM                  00000200   0002fe00  00002b60  0002d2a0  RWIX
  L2RAM                 00030000   00010000  00000000  00010000  RWIX
  EMIFCE0               80000000   10000000  00000000  10000000  RWIX
  EMIFCE1               90000000   10000000  00000000  10000000  RWIX
  EMIFCE2               a0000000   10000000  00000000  10000000  RWIX
  EMIFCE3               b0000000   10000000  00000000  10000000  RWIX


SECTION ALLOCATION MAP

 output                                  attributes/
section   page    origin      length       input sections
--------  ----  ----------  ----------   ----------------
.pinit     0    00000200    00000000     UNINITIALIZED

vectors    0    00000000    00000200     
                  00000000    00000200     vectors.obj (vectors)

.bss       0    00000200    00000000     UNINITIALIZED

.data      0    00000200    00000000     UNINITIALIZED

.text      0    00000200    00002200     
                  00000200    00000480     dsk6713bsl.lib : dsk6713.obj (.text)
                  00000680    00000300     rts6700.lib : divf.obj (.text:__divf)
                  00000980    00000300     dsk6713bsl.lib : dsk6713_aic23_opencodec.obj (.text)
                  00000c80    00000300     main.obj (.text:retain)
                  00000f80    00000240     rts6700.lib : memcpy62.obj (.text:_memcpy)
                  000011c0    000001e0     dsk6713bsl.lib : dsk6713_led.obj (.text)
                  000013a0    000001c0     csl6713.lib : csl_irq.obj (.text:_IRQ_map)
                  00001560    000001a0                 : csl_mcbsp.obj (.text:_MCBSP_reset)
                  00001700    00000180     main.obj (.text)
                  00001880    00000140     dsk6713bsl.lib : dsk6713_aic23_registers.obj (.text)
                  000019c0    00000100     csl6713.lib : csl_mcbsp.obj (.text:_MCBSP_open)
                  00001ac0    00000100                 : csl_mcbsp.obj (.text:_MCBSP_start)
                  00001bc0    00000100     rts6700.lib : autoinit.obj (.text:__auto_init)
                  00001cc0    00000100                 : remi.obj (.text:__remi)
                  00001dc0    000000e0                 : strasg.obj (.text:__strasg)
                  00001ea0    000000e0                 : exit.obj (.text:_exit)
                  00001f80    000000c0                 : cpy_tbl.obj (.text:_copy_in)
                  00002040    000000c0     dsk6713bsl.lib : dsk6713_aic23_setfreq.obj (.text)
                  00002100    000000a0     csl6713.lib : csl_irq.obj (.text:_setMux)
                  000021a0    00000080     rts6700.lib : cpp_init.obj (.text:___TI_cpp_init)
                  00002220    00000080                 : boot.obj (.text:_c_int00)
                  000022a0    00000040     csl6713.lib : csl_irq.obj (.text:_IRQ_enable)
                  000022e0    00000040     rts6700.lib : args_main.obj (.text:__args_main)
                  00002320    00000020     csl6713.lib : csl_irq.obj (.text:_IRQ_globalDisable)
                  00002340    00000020                 : csl_irq.obj (.text:_IRQ_globalEnable)
                  00002360    00000020                 : csl_irq.obj (.text:_IRQ_nmiEnable)
                  00002380    00000020                 : csl_mcbsp.obj (.text:_MCBSP_read)
                  000023a0    00000020                 : csl_mcbsp.obj (.text:_MCBSP_write)
                  000023c0    00000020     rts6700.lib : exit.obj (.text:_abort)
                  000023e0    00000020     csl6713.lib : csl_irq.obj (.text)

.stack     0    00002400    00000400     UNINITIALIZED
                  00002400    00000008     rts6700.lib : boot.obj (.stack)
                  00002408    000003f8     --HOLE--

.cinit     0    00002800    00000264     
                  00002800    0000012c     csl6713.lib : csl_irq.obj (.cinit)
                  0000292c    00000004     --HOLE-- [fill = 0]
                  00002930    00000054                 : csl_mcbsp.obj (.cinit)
                  00002984    00000004     --HOLE-- [fill = 0]
                  00002988    0000004c     main.obj (.cinit)
                  000029d4    00000004     --HOLE-- [fill = 0]
                  000029d8    00000030     dsk6713bsl.lib : dsk6713_aic23_registers.obj (.cinit)
                  00002a08    0000002c     rts6700.lib : exit.obj (.cinit)
                  00002a34    00000004     --HOLE-- [fill = 0]
                  00002a38    00000028     dsk6713bsl.lib : dsk6713_aic23_setfreq.obj (.cinit)
                  00002a60    00000004     --HOLE-- [fill = 0]

.far       0    00002a64    0000022c     UNINITIALIZED
                  00002a64    000000f4     csl6713.lib : csl_irq.obj (.far)
                  00002b58    000000a0     main.obj (.far)
                  00002bf8    00000038     csl6713.lib : csl_mcbsp.obj (.far)
                  00002c30    00000028     dsk6713bsl.lib : dsk6713_aic23_registers.obj (.far)
                  00002c58    00000020                    : dsk6713_aic23_setfreq.obj (.far)
                  00002c78    0000000c     rts6700.lib : exit.obj (.far)
                  00002c84    00000008     dsk6713bsl.lib : dsk6713_aic23_opencodec.obj (.far)
                  00002c8c    00000002                    : dsk6713.obj (.far)
                  00002c8e    00000002                    : dsk6713_led.obj (.far)

.const     0    00002c90    000000d0     
                  00002c90    0000006c     main.obj (.const:_B)
                  00002cfc    00000040     dsk6713bsl.lib : dsk6713_aic23_opencodec.obj (.const)
                  00002d3c    00000020                    : dsk6713.obj (.const)
                  00002d5c    00000004     main.obj (.const)


GLOBAL SYMBOLS: SORTED ALPHABETICALLY BY Name 

address    name
--------   ----
00000200   $bss
00000200   .bss
00000200   .data
00000200   .text
000023c0   C$$EXIT
00002c90   _B
00002d5c   _BL
00002c84   _DSK6713_AIC23_codeccontrolhandle
00002c88   _DSK6713_AIC23_codecdatahandle
00001940   _DSK6713_AIC23_config
00000980   _DSK6713_AIC23_openCodec
00001918   _DSK6713_AIC23_rget
00001880   _DSK6713_AIC23_rset
00002040   _DSK6713_AIC23_setFreq
000011c0   _DSK6713_LED_init
00001200   _DSK6713_LED_off
00001270   _DSK6713_LED_on
000012e0   _DSK6713_LED_toggle
00000614   _DSK6713_getVersion
0000024c   _DSK6713_init
00000568   _DSK6713_rget
0000057c   _DSK6713_rset
00002c8c   _DSK6713_version
00000590   _DSK6713_wait
000005e8   _DSK6713_waitusec
000022a0   _IRQ_enable
00002320   _IRQ_globalDisable
00002340   _IRQ_globalEnable
000013a0   _IRQ_map
00002360   _IRQ_nmiEnable
000019c0   _MCBSP_open
00002380   _MCBSP_read
00001560   _MCBSP_reset
00001ac0   _MCBSP_start
000023a0   _MCBSP_write
00002b50   __IRQ_dispatchTable
00002a8c   __IRQ_eventTable
000023e0   __IRQ_hookFetchPacket
00002b10   __IRQ_intTable
00002c28   __MCBSP_hDev0
00002c2c   __MCBSP_hDev1
00002800   __STACK_END
00000400   __STACK_SIZE
00000001   __TI_args_main
000021a0   ___TI_cpp_init
00002c80   ___TI_enable_exit_profile_output
ffffffff   ___TI_pprof_out_hndl
ffffffff   ___TI_prof_data_size
ffffffff   ___TI_prof_data_start
ffffffff   ___binit__
00000200   ___bss__
ffffffff   ___c_args__
00002800   ___cinit__
00000200   ___data__
00000200   ___edata__
00000200   ___end__
00002400   ___etext__
ffffffff   ___pinit__
00000200   ___text__
000022e0   __args_main
00001bc0   __auto_init
00001cc0   __c6xabi_remi
00002c78   __cleanup_ptr
00000680   __divf
00002c7c   __dtors_ptr
00001cc0   __remi
00002400   __stack
00001dc0   __strasg
000023c0   _abort
00002220   _c_int00
00002b5c   _config
00001f80   _copy_in
00001ea0   _exit
00002b84   _filter
00002bf4   _filterOut
00002b58   _hCodec
00002bf0   _index
00001700   _main
00000f80   _memcpy
00000c80   _serialPortRcvISR
ffffffff   binit
00002800   cinit
00000200   edata
00000200   end
00002400   etext
ffffffff   pinit


GLOBAL SYMBOLS: SORTED BY Symbol Address 

address    name
--------   ----
00000001   __TI_args_main
00000200   $bss
00000200   .bss
00000200   .data
00000200   .text
00000200   ___bss__
00000200   ___data__
00000200   ___edata__
00000200   ___end__
00000200   ___text__
00000200   edata
00000200   end
0000024c   _DSK6713_init
00000400   __STACK_SIZE
00000568   _DSK6713_rget
0000057c   _DSK6713_rset
00000590   _DSK6713_wait
000005e8   _DSK6713_waitusec
00000614   _DSK6713_getVersion
00000680   __divf
00000980   _DSK6713_AIC23_openCodec
00000c80   _serialPortRcvISR
00000f80   _memcpy
000011c0   _DSK6713_LED_init
00001200   _DSK6713_LED_off
00001270   _DSK6713_LED_on
000012e0   _DSK6713_LED_toggle
000013a0   _IRQ_map
00001560   _MCBSP_reset
00001700   _main
00001880   _DSK6713_AIC23_rset
00001918   _DSK6713_AIC23_rget
00001940   _DSK6713_AIC23_config
000019c0   _MCBSP_open
00001ac0   _MCBSP_start
00001bc0   __auto_init
00001cc0   __c6xabi_remi
00001cc0   __remi
00001dc0   __strasg
00001ea0   _exit
00001f80   _copy_in
00002040   _DSK6713_AIC23_setFreq
000021a0   ___TI_cpp_init
00002220   _c_int00
000022a0   _IRQ_enable
000022e0   __args_main
00002320   _IRQ_globalDisable
00002340   _IRQ_globalEnable
00002360   _IRQ_nmiEnable
00002380   _MCBSP_read
000023a0   _MCBSP_write
000023c0   C$$EXIT
000023c0   _abort
000023e0   __IRQ_hookFetchPacket
00002400   ___etext__
00002400   __stack
00002400   etext
00002800   __STACK_END
00002800   ___cinit__
00002800   cinit
00002a8c   __IRQ_eventTable
00002b10   __IRQ_intTable
00002b50   __IRQ_dispatchTable
00002b58   _hCodec
00002b5c   _config
00002b84   _filter
00002bf0   _index
00002bf4   _filterOut
00002c28   __MCBSP_hDev0
00002c2c   __MCBSP_hDev1
00002c78   __cleanup_ptr
00002c7c   __dtors_ptr
00002c80   ___TI_enable_exit_profile_output
00002c84   _DSK6713_AIC23_codeccontrolhandle
00002c88   _DSK6713_AIC23_codecdatahandle
00002c8c   _DSK6713_version
00002c90   _B
00002d5c   _BL
ffffffff   ___TI_pprof_out_hndl
ffffffff   ___TI_prof_data_size
ffffffff   ___TI_prof_data_start
ffffffff   ___binit__
ffffffff   ___c_args__
ffffffff   ___pinit__
ffffffff   binit
ffffffff   pinit

[86 symbols]
