******************************************************************************
               TMS320C6x Linker PC v7.4.24                     
******************************************************************************
>> Linked Wed Oct 24 15:19:47 2018

OUTPUT FILE NAME:   <helloworld1.out>
ENTRY POINT SYMBOL: "_c_int00"  address: 00008e80


MEMORY CONFIGURATION

         name            origin    length      used     unused   attr    fill
----------------------  --------  ---------  --------  --------  ----  --------
  IRAM                  00000000   00030000  0000a29a  00025d66  RWIX
  L2RAM                 00030000   00010000  00000000  00010000  RWIX
  EMIFCE0               80000000   10000000  00000000  10000000  RWIX
  EMIFCE1               90000000   10000000  00000000  10000000  RWIX
  EMIFCE2               a0000000   10000000  00000000  10000000  RWIX
  EMIFCE3               b0000000   10000000  00000000  10000000  RWIX


SECTION ALLOCATION MAP

 output                                  attributes/
section   page    origin      length       input sections
--------  ----  ----------  ----------   ----------------
.bss       0    00000000    00000000     UNINITIALIZED

.data      0    00000000    00000000     UNINITIALIZED

.pinit     0    00000000    00000000     UNINITIALIZED

.text      0    00000000    00009280     
                  00000000    00000700     rts6200.lib : divd.obj (.text:__divd)
                  00000700    00000700                 : _printfi.obj (.text:__getarg_diouxp)
                  00000e00    00000680                 : _printfi.obj (.text:__setfield)
                  00001480    00000560                 : _printfi.obj (.text:__printfi)
                  000019e0    00000520                 : _printfi.obj (.text:_fcvt)
                  00001f00    00000520                 : fputs.obj (.text:_fputs)
                  00002420    000004e0                 : _printfi.obj (.text:_ecvt)
                  00002900    000004c0                 : _printfi.obj (.text:__pproc_fge)
                  00002dc0    00000440                 : _printfi.obj (.text:__pconv_e)
                  00003200    000003a0                 : imath64.obj (.text:__divull)
                  000035a0    00000380                 : _printfi.obj (.text:__pproc_fwp)
                  00003920    00000380                 : memory.obj (.text:_free)
                  00003ca0    00000320                 : frcaddd.obj (.text:__frcaddd)
                  00003fc0    00000300                 : addd.obj (.text:__addd)
                  000042c0    00000300                 : _printfi.obj (.text:__pproc_diouxp)
                  000045c0    00000300                 : setvbuf.obj (.text:_setvbuf)
                  000048c0    000002e0                 : mpyd.obj (.text:__mpyd)
                  00004ba0    000002e0                 : _printfi.obj (.text:__pproc_str)
                  00004e80    000002e0                 : fputc.obj (.text:_fputc)
                  00005160    00000260                 : imath40.obj (.text:__divul)
                  000053c0    00000260                 : memory.obj (.text:_malloc)
                  00005620    00000240                 : _printfi.obj (.text:__mcpy)
                  00005860    00000240                 : memcpy62.obj (.text:_memcpy)
                  00005aa0    00000220                 : trgdrv.obj (.text:_HOSTrename)
                  00005cc0    00000200                 : _printfi.obj (.text:__pconv_g)
                  00005ec0    000001e0                 : fseek.obj (.text:_fseek)
                  000060a0    000001e0                 : lowlev.obj (.text:_getdevice)
                  00006280    000001c0                 : _printfi.obj (.text:__ltostr)
                  00006440    000001a0                 : _printfi.obj (.text:__pproc_fflags)
                  000065e0    00000180                 : fclose.obj (.text:__closefile)
                  00006760    00000160                 : trgdrv.obj (.text:_HOSTlseek)
                  000068c0    00000160                 : frcmpyd_div.obj (.text:__frcmpyd_div)
                  00006a20    00000140                 : trgdrv.obj (.text:_HOSTread)
                  00006b60    00000140                 : frcmpyd.obj (.text:__frcmpyd)
                  00006ca0    00000140                 : atoi.obj (.text:_atoi)
                  00006de0    00000140                 : ltoa.obj (.text:_ltoa)
                  00006f20    00000120                 : trgdrv.obj (.text:_HOSTopen)
                  00007040    00000120                 : trgdrv.obj (.text:_HOSTwrite)
                  00007160    00000120                 : _io_perm.obj (.text:__wrt_ok)
                  00007280    00000120                 : lowlev.obj (.text:_close)
                  000073a0    00000120                 : memset.obj (.text:_memset)
                  000074c0    00000120                 : printf.obj (.text:_printf)
                  000075e0    00000100                 : trgdrv.obj (.text:_HOSTclose)
                  000076e0    00000100                 : trgdrv.obj (.text:_HOSTunlink)
                  000077e0    00000100                 : autoinit.obj (.text:__auto_init)
                  000078e0    00000100                 : cmpd.obj (.text:__cmpd)
                  000079e0    00000100                 : _printfi.obj (.text:__div)
                  00007ae0    00000100                 : imath40.obj (.text:__divli)
                  00007be0    00000100                 : _printfi.obj (.text:__pconv_f)
                  00007ce0    00000100                 : lowlev.obj (.text:_lseek)
                  00007de0    00000100                 : lowlev.obj (.text:_write)
                  00007ee0    000000e0                 : fopen.obj (.text:__cleanup)
                  00007fc0    000000e0                 : fflush.obj (.text:__doflush)
                  000080a0    000000e0                 : _printfi.obj (.text:__ecpy)
                  00008180    000000e0                 : _printfi.obj (.text:__fcpy)
                  00008260    000000e0                 : exit.obj (.text:_exit)
                  00008340    000000e0                 : memory.obj (.text:_minsert)
                  00008420    000000e0                 : memory.obj (.text:_mremove)
                  00008500    000000c0                 : divu.obj (.text:__divu)
                  000085c0    000000c0                 : imath40.obj (.text:__remli)
                  00008680    000000c0                 : cpy_tbl.obj (.text:_copy_in)
                  00008740    000000c0                 : lowlev.obj (.text:_finddevice)
                  00008800    000000a0                 : fixdi.obj (.text:__fixdi)
                  000088a0    000000a0                 : fixdli.obj (.text:__fixdli)
                  00008940    000000a0                 : llshift.obj (.text:__llshl)
                  000089e0    000000a0                 : mpyll.obj (.text:__mpyll)
                  00008a80    000000a0                 : renormd.obj (.text:__renormd)
                  00008b20    000000a0                 : trgmsg.obj (.text:_readmsg)
                  00008bc0    000000a0                 : lowlev.obj (.text:_unlink)
                  00008c60    000000a0                 : trgmsg.obj (.text:_writemsg)
                  00008d00    00000080                 : cpp_init.obj (.text:___TI_cpp_init)
                  00008d80    00000080                 : fltlid.obj (.text:__fltlid)
                  00008e00    00000080                 : llshift.obj (.text:__llshru)
                  00008e80    00000080                 : boot.obj (.text:_c_int00)
                  00008f00    00000080                 : memccpy.obj (.text:_memccpy)
                  00008f80    00000060                 : isinf.obj (.text:___isinf)
                  00008fe0    00000060                 : _printfi.obj (.text:___isnan)
                  00009040    00000060                 : imath64.obj (.text:__subcull)
                  000090a0    00000060                 : subd.obj (.text:__subd)
                  00009100    00000040                 : args_main.obj (.text:__args_main)
                  00009140    00000040                 : negd.obj (.text:__negd)
                  00009180    00000040     hello.obj (.text)
                  000091c0    00000020     rts6200.lib : negll.obj (.text:__negll)
                  000091e0    00000020                 : _lock.obj (.text:__nop)
                  00009200    00000020                 : printf.obj (.text:__outc)
                  00009220    00000020                 : printf.obj (.text:__outs)
                  00009240    00000020                 : exit.obj (.text:_abort)
                  00009260    00000020                 : remove.obj (.text:_remove)

.far       0    00009280    00000468     UNINITIALIZED
                  00009280    00000324     rts6200.lib : defs.obj (.far)
                  000095a4    0000011c                 : lowlev.obj (.far)
                  000096c0    0000000c                 : exit.obj (.far)
                  000096cc    00000008                 : _lock.obj (.far)
                  000096d4    00000008                 : memory.obj (.far)
                  000096dc    00000008                 : trgdrv.obj (.far)
                  000096e4    00000004                 : fopen.obj (.far)

.stack     0    000096e8    00000400     UNINITIALIZED
                  000096e8    00000008     rts6200.lib : boot.obj (.stack)
                  000096f0    000003f8     --HOLE--

.sysmem    0    00009ae8    00000400     UNINITIALIZED
                  00009ae8    00000008     rts6200.lib : memory.obj (.sysmem)
                  00009af0    000003f8     --HOLE--

.cinit     0    00009ee8    00000154     
                  00009ee8    0000005c     rts6200.lib : defs.obj (.cinit)
                  00009f44    00000004     --HOLE-- [fill = 0]
                  00009f48    0000005c                 : lowlev.obj (.cinit)
                  00009fa4    00000004     --HOLE-- [fill = 0]
                  00009fa8    0000002c                 : exit.obj (.cinit)
                  00009fd4    00000004     --HOLE-- [fill = 0]
                  00009fd8    0000002c                 : memory.obj (.cinit)
                  0000a004    00000004     --HOLE-- [fill = 0]
                  0000a008    0000001c                 : _lock.obj (.cinit)
                  0000a024    00000004     --HOLE-- [fill = 0]
                  0000a028    0000000c                 : fopen.obj (.cinit)
                  0000a034    00000004     --HOLE-- [fill = 0]
                  0000a038    00000004     (.pad.cinit) [fill = 0]

.const     0    0000a03c    0000013e     
                  0000a03c    00000101     rts6200.lib : ctype.obj (.const:.string:__ctypes_)
                  0000a13d    00000023                 : _printfi.obj (.const:.string)
                  0000a160    00000010     hello.obj (.const:.string)
                  0000a170    00000008     rts6200.lib : divd.obj (.const:.string:_initial_approx$1)
                  0000a178    00000002                 : fputs.obj (.const:.string)

.cio       0    0000a17c    00000120     UNINITIALIZED
                  0000a17c    00000120     rts6200.lib : trgmsg.obj (.cio)


GLOBAL SYMBOLS: SORTED ALPHABETICALLY BY Name 

address    name
--------   ----
00000000   $bss
00000000   .bss
00000000   .data
00000000   .text
00009240   C$$EXIT
00008cd8   C$$IO$$
000075e0   _HOSTclose
00006760   _HOSTlseek
00006f20   _HOSTopen
00006a20   _HOSTread
00005aa0   _HOSTrename
000076e0   _HOSTunlink
00007040   _HOSTwrite
0000a17c   __CIOBUF_
00009ae8   __STACK_END
00000400   __STACK_SIZE
00000400   __SYSMEM_SIZE
00000001   __TI_args_main
00008d00   ___TI_cpp_init
000096c8   ___TI_enable_exit_profile_output
ffffffff   ___TI_pprof_out_hndl
ffffffff   ___TI_prof_data_size
ffffffff   ___TI_prof_data_start
ffffffff   ___binit__
00000000   ___bss__
ffffffff   ___c_args__
00009ee8   ___cinit__
00000000   ___data__
00000000   ___edata__
00000000   ___end__
00009280   ___etext__
00008f80   ___isinf
ffffffff   ___pinit__
00000000   ___text__
00003fc0   __addd
00009100   __args_main
000077e0   __auto_init
00008500   __c6xabi_divu
00007ee0   __cleanup
000096c0   __cleanup_ptr
000065e0   __closefile
000078e0   __cmpd
0000a03c   __ctypes_
00000000   __divd
00007ae0   __divli
00008500   __divu
00005160   __divul
00003200   __divull
00007fc0   __doflush
000096c4   __dtors_ptr
00008800   __fixdi
000088a0   __fixdli
00008d80   __fltlid
00003ca0   __frcaddd
00006b60   __frcmpyd
000068c0   __frcmpyd_div
000095a0   __ft_end
00009280   __ftable
00008940   __llshl
00008e00   __llshru
000096cc   __lock
000048c0   __mpyd
000089e0   __mpyll
00009140   __negd
000091c0   __negll
000091e0   __nop
00001480   __printfi
000085c0   __remli
00008a80   __renormd
000096e8   __stack
00009040   __subcull
000090a0   __subd
00009ae8   __sys_memory
00009460   __tmpnams
000096d0   __unlock
00007160   __wrt_ok
00009240   _abort
00006ca0   _atoi
00008e80   _c_int00
00007280   _close
00008680   _copy_in
00008260   _exit
00004e80   _fputc
00001f00   _fputs
00003920   _free
00005ec0   _fseek
00007ce0   _lseek
00006de0   _ltoa
00009180   _main
000053c0   _malloc
00008f00   _memccpy
00005860   _memcpy
000073a0   _memset
000074c0   _printf
00004e80   _putc
00008b20   _readmsg
00009260   _remove
000045c0   _setvbuf
00008bc0   _unlink
00007de0   _write
00008c60   _writemsg
ffffffff   binit
00009ee8   cinit
00000000   edata
00000000   end
00009280   etext
ffffffff   pinit


GLOBAL SYMBOLS: SORTED BY Symbol Address 

address    name
--------   ----
00000000   $bss
00000000   .bss
00000000   .data
00000000   .text
00000000   ___bss__
00000000   ___data__
00000000   ___edata__
00000000   ___end__
00000000   ___text__
00000000   __divd
00000000   edata
00000000   end
00000001   __TI_args_main
00000400   __STACK_SIZE
00000400   __SYSMEM_SIZE
00001480   __printfi
00001f00   _fputs
00003200   __divull
00003920   _free
00003ca0   __frcaddd
00003fc0   __addd
000045c0   _setvbuf
000048c0   __mpyd
00004e80   _fputc
00004e80   _putc
00005160   __divul
000053c0   _malloc
00005860   _memcpy
00005aa0   _HOSTrename
00005ec0   _fseek
000065e0   __closefile
00006760   _HOSTlseek
000068c0   __frcmpyd_div
00006a20   _HOSTread
00006b60   __frcmpyd
00006ca0   _atoi
00006de0   _ltoa
00006f20   _HOSTopen
00007040   _HOSTwrite
00007160   __wrt_ok
00007280   _close
000073a0   _memset
000074c0   _printf
000075e0   _HOSTclose
000076e0   _HOSTunlink
000077e0   __auto_init
000078e0   __cmpd
00007ae0   __divli
00007ce0   _lseek
00007de0   _write
00007ee0   __cleanup
00007fc0   __doflush
00008260   _exit
00008500   __c6xabi_divu
00008500   __divu
000085c0   __remli
00008680   _copy_in
00008800   __fixdi
000088a0   __fixdli
00008940   __llshl
000089e0   __mpyll
00008a80   __renormd
00008b20   _readmsg
00008bc0   _unlink
00008c60   _writemsg
00008cd8   C$$IO$$
00008d00   ___TI_cpp_init
00008d80   __fltlid
00008e00   __llshru
00008e80   _c_int00
00008f00   _memccpy
00008f80   ___isinf
00009040   __subcull
000090a0   __subd
00009100   __args_main
00009140   __negd
00009180   _main
000091c0   __negll
000091e0   __nop
00009240   C$$EXIT
00009240   _abort
00009260   _remove
00009280   ___etext__
00009280   __ftable
00009280   etext
00009460   __tmpnams
000095a0   __ft_end
000096c0   __cleanup_ptr
000096c4   __dtors_ptr
000096c8   ___TI_enable_exit_profile_output
000096cc   __lock
000096d0   __unlock
000096e8   __stack
00009ae8   __STACK_END
00009ae8   __sys_memory
00009ee8   ___cinit__
00009ee8   cinit
0000a03c   __ctypes_
0000a17c   __CIOBUF_
ffffffff   ___TI_pprof_out_hndl
ffffffff   ___TI_prof_data_size
ffffffff   ___TI_prof_data_start
ffffffff   ___binit__
ffffffff   ___c_args__
ffffffff   ___pinit__
ffffffff   binit
ffffffff   pinit

[107 symbols]
