******************************************************************************
               TMS320C6x Linker PC v7.4.24                     
******************************************************************************
>> Linked Wed Oct 31 16:28:02 2018

OUTPUT FILE NAME:   <Lab2.out>
ENTRY POINT SYMBOL: "_c_int00"  address: 00002000


MEMORY CONFIGURATION

         name            origin    length      used     unused   attr    fill
----------------------  --------  ---------  --------  --------  ----  --------
  VECS                  00000000   00000200  00000200  00000000  RWIX
  IRAM                  00000200   0002fe00  0000293e  0002d4c2  RWIX
  L2RAM                 00030000   00010000  00000000  00010000  RWIX
  EMIFCE0               80000000   10000000  00000000  10000000  RWIX
  EMIFCE1               90000000   10000000  00000000  10000000  RWIX
  EMIFCE2               a0000000   10000000  00000000  10000000  RWIX
  EMIFCE3               b0000000   10000000  00000000  10000000  RWIX


SECTION ALLOCATION MAP

 output                                  attributes/
section   page    origin      length       input sections
--------  ----  ----------  ----------   ----------------
.pinit     0    00000200    00000000     UNINITIALIZED

vectors    0    00000000    00000200     
                  00000000    00000200     vectors.obj (vectors)

.bss       0    00000200    00000000     UNINITIALIZED

.data      0    00000200    00000000     UNINITIALIZED

.text      0    00000200    00001fe0     
                  00000200    00000480     dsk6713bsl.lib : dsk6713.obj (.text)
                  00000680    00000300     rts6700.lib : divf.obj (.text:__divf)
                  00000980    00000300     dsk6713bsl.lib : dsk6713_aic23_opencodec.obj (.text)
                  00000c80    000002e0     main.obj (.text:retain)
                  00000f60    00000240     rts6700.lib : memcpy62.obj (.text:_memcpy)
                  000011a0    000001c0     csl6713.lib : csl_irq.obj (.text:_IRQ_map)
                  00001360    000001a0                 : csl_mcbsp.obj (.text:_MCBSP_reset)
                  00001500    00000160     main.obj (.text)
                  00001660    00000140     dsk6713bsl.lib : dsk6713_aic23_registers.obj (.text)
                  000017a0    00000100     csl6713.lib : csl_mcbsp.obj (.text:_MCBSP_open)
                  000018a0    00000100                 : csl_mcbsp.obj (.text:_MCBSP_start)
                  000019a0    00000100     rts6700.lib : autoinit.obj (.text:__auto_init)
                  00001aa0    00000100                 : remi.obj (.text:__remi)
                  00001ba0    000000e0                 : strasg.obj (.text:__strasg)
                  00001c80    000000e0                 : exit.obj (.text:_exit)
                  00001d60    000000c0                 : cpy_tbl.obj (.text:_copy_in)
                  00001e20    000000c0     dsk6713bsl.lib : dsk6713_aic23_setfreq.obj (.text)
                  00001ee0    000000a0     csl6713.lib : csl_irq.obj (.text:_setMux)
                  00001f80    00000080     rts6700.lib : cpp_init.obj (.text:___TI_cpp_init)
                  00002000    00000080                 : boot.obj (.text:_c_int00)
                  00002080    00000040     csl6713.lib : csl_irq.obj (.text:_IRQ_enable)
                  000020c0    00000040     rts6700.lib : args_main.obj (.text:__args_main)
                  00002100    00000020     csl6713.lib : csl_irq.obj (.text:_IRQ_globalDisable)
                  00002120    00000020                 : csl_irq.obj (.text:_IRQ_globalEnable)
                  00002140    00000020                 : csl_irq.obj (.text:_IRQ_nmiEnable)
                  00002160    00000020                 : csl_mcbsp.obj (.text:_MCBSP_read)
                  00002180    00000020                 : csl_mcbsp.obj (.text:_MCBSP_write)
                  000021a0    00000020     rts6700.lib : exit.obj (.text:_abort)
                  000021c0    00000020     csl6713.lib : csl_irq.obj (.text)

.stack     0    000021e0    00000400     UNINITIALIZED
                  000021e0    00000008     rts6700.lib : boot.obj (.stack)
                  000021e8    000003f8     --HOLE--

.cinit     0    000025e0    00000264     
                  000025e0    0000012c     csl6713.lib : csl_irq.obj (.cinit)
                  0000270c    00000004     --HOLE-- [fill = 0]
                  00002710    00000054                 : csl_mcbsp.obj (.cinit)
                  00002764    00000004     --HOLE-- [fill = 0]
                  00002768    0000004c     main.obj (.cinit)
                  000027b4    00000004     --HOLE-- [fill = 0]
                  000027b8    00000030     dsk6713bsl.lib : dsk6713_aic23_registers.obj (.cinit)
                  000027e8    0000002c     rts6700.lib : exit.obj (.cinit)
                  00002814    00000004     --HOLE-- [fill = 0]
                  00002818    00000028     dsk6713bsl.lib : dsk6713_aic23_setfreq.obj (.cinit)
                  00002840    00000004     --HOLE-- [fill = 0]

.far       0    00002844    0000022a     UNINITIALIZED
                  00002844    000000f4     csl6713.lib : csl_irq.obj (.far)
                  00002938    000000a0     main.obj (.far)
                  000029d8    00000038     csl6713.lib : csl_mcbsp.obj (.far)
                  00002a10    00000028     dsk6713bsl.lib : dsk6713_aic23_registers.obj (.far)
                  00002a38    00000020                    : dsk6713_aic23_setfreq.obj (.far)
                  00002a58    0000000c     rts6700.lib : exit.obj (.far)
                  00002a64    00000008     dsk6713bsl.lib : dsk6713_aic23_opencodec.obj (.far)
                  00002a6c    00000002                    : dsk6713.obj (.far)

.const     0    00002a70    000000d0     
                  00002a70    0000006c     main.obj (.const:_B)
                  00002adc    00000040     dsk6713bsl.lib : dsk6713_aic23_opencodec.obj (.const)
                  00002b1c    00000020                    : dsk6713.obj (.const)
                  00002b3c    00000004     main.obj (.const)


GLOBAL SYMBOLS: SORTED ALPHABETICALLY BY Name 

address    name
--------   ----
00000200   $bss
00000200   .bss
00000200   .data
00000200   .text
000021a0   C$$EXIT
00002a70   _B
00002b3c   _BL
00002a64   _DSK6713_AIC23_codeccontrolhandle
00002a68   _DSK6713_AIC23_codecdatahandle
00001720   _DSK6713_AIC23_config
00000980   _DSK6713_AIC23_openCodec
000016f8   _DSK6713_AIC23_rget
00001660   _DSK6713_AIC23_rset
00001e20   _DSK6713_AIC23_setFreq
00000614   _DSK6713_getVersion
0000024c   _DSK6713_init
00000568   _DSK6713_rget
0000057c   _DSK6713_rset
00002a6c   _DSK6713_version
00000590   _DSK6713_wait
000005e8   _DSK6713_waitusec
00002080   _IRQ_enable
00002100   _IRQ_globalDisable
00002120   _IRQ_globalEnable
000011a0   _IRQ_map
00002140   _IRQ_nmiEnable
000017a0   _MCBSP_open
00002160   _MCBSP_read
00001360   _MCBSP_reset
000018a0   _MCBSP_start
00002180   _MCBSP_write
00002930   __IRQ_dispatchTable
0000286c   __IRQ_eventTable
000021c0   __IRQ_hookFetchPacket
000028f0   __IRQ_intTable
00002a08   __MCBSP_hDev0
00002a0c   __MCBSP_hDev1
000025e0   __STACK_END
00000400   __STACK_SIZE
00000001   __TI_args_main
00001f80   ___TI_cpp_init
00002a60   ___TI_enable_exit_profile_output
ffffffff   ___TI_pprof_out_hndl
ffffffff   ___TI_prof_data_size
ffffffff   ___TI_prof_data_start
ffffffff   ___binit__
00000200   ___bss__
ffffffff   ___c_args__
000025e0   ___cinit__
00000200   ___data__
00000200   ___edata__
00000200   ___end__
000021e0   ___etext__
ffffffff   ___pinit__
00000200   ___text__
000020c0   __args_main
000019a0   __auto_init
00001aa0   __c6xabi_remi
00002a58   __cleanup_ptr
00000680   __divf
00002a5c   __dtors_ptr
00001aa0   __remi
000021e0   __stack
00001ba0   __strasg
000021a0   _abort
00002000   _c_int00
0000293c   _config
00001d60   _copy_in
00001c80   _exit
00002964   _filter
000029d4   _filterOut
00002938   _hCodec
000029d0   _index
00001500   _main
00000f60   _memcpy
00000c80   _serialPortRcvISR
ffffffff   binit
000025e0   cinit
00000200   edata
00000200   end
000021e0   etext
ffffffff   pinit


GLOBAL SYMBOLS: SORTED BY Symbol Address 

address    name
--------   ----
00000001   __TI_args_main
00000200   $bss
00000200   .bss
00000200   .data
00000200   .text
00000200   ___bss__
00000200   ___data__
00000200   ___edata__
00000200   ___end__
00000200   ___text__
00000200   edata
00000200   end
0000024c   _DSK6713_init
00000400   __STACK_SIZE
00000568   _DSK6713_rget
0000057c   _DSK6713_rset
00000590   _DSK6713_wait
000005e8   _DSK6713_waitusec
00000614   _DSK6713_getVersion
00000680   __divf
00000980   _DSK6713_AIC23_openCodec
00000c80   _serialPortRcvISR
00000f60   _memcpy
000011a0   _IRQ_map
00001360   _MCBSP_reset
00001500   _main
00001660   _DSK6713_AIC23_rset
000016f8   _DSK6713_AIC23_rget
00001720   _DSK6713_AIC23_config
000017a0   _MCBSP_open
000018a0   _MCBSP_start
000019a0   __auto_init
00001aa0   __c6xabi_remi
00001aa0   __remi
00001ba0   __strasg
00001c80   _exit
00001d60   _copy_in
00001e20   _DSK6713_AIC23_setFreq
00001f80   ___TI_cpp_init
00002000   _c_int00
00002080   _IRQ_enable
000020c0   __args_main
00002100   _IRQ_globalDisable
00002120   _IRQ_globalEnable
00002140   _IRQ_nmiEnable
00002160   _MCBSP_read
00002180   _MCBSP_write
000021a0   C$$EXIT
000021a0   _abort
000021c0   __IRQ_hookFetchPacket
000021e0   ___etext__
000021e0   __stack
000021e0   etext
000025e0   __STACK_END
000025e0   ___cinit__
000025e0   cinit
0000286c   __IRQ_eventTable
000028f0   __IRQ_intTable
00002930   __IRQ_dispatchTable
00002938   _hCodec
0000293c   _config
00002964   _filter
000029d0   _index
000029d4   _filterOut
00002a08   __MCBSP_hDev0
00002a0c   __MCBSP_hDev1
00002a58   __cleanup_ptr
00002a5c   __dtors_ptr
00002a60   ___TI_enable_exit_profile_output
00002a64   _DSK6713_AIC23_codeccontrolhandle
00002a68   _DSK6713_AIC23_codecdatahandle
00002a6c   _DSK6713_version
00002a70   _B
00002b3c   _BL
ffffffff   ___TI_pprof_out_hndl
ffffffff   ___TI_prof_data_size
ffffffff   ___TI_prof_data_start
ffffffff   ___binit__
ffffffff   ___c_args__
ffffffff   ___pinit__
ffffffff   binit
ffffffff   pinit

[82 symbols]
