******************************************************************************
               TMS320C6x Linker PC v7.4.24                     
******************************************************************************
>> Linked Sun Oct 28 18:28:26 2018

OUTPUT FILE NAME:   <StereoLoop.out>
ENTRY POINT SYMBOL: "_c_int00"  address: 00001de0


MEMORY CONFIGURATION

         name            origin    length      used     unused   attr    fill
----------------------  --------  ---------  --------  --------  ----  --------
  VECS                  00000000   00000200  00000200  00000000  RWIX
  IRAM                  00000200   0002fe00  0000261a  0002d7e6  RWIX
  L2RAM                 00030000   00010000  00000000  00010000  RWIX
  EMIFCE0               80000000   10000000  00000000  10000000  RWIX
  EMIFCE1               90000000   10000000  00000000  10000000  RWIX
  EMIFCE2               a0000000   10000000  00000000  10000000  RWIX
  EMIFCE3               b0000000   10000000  00000000  10000000  RWIX


SECTION ALLOCATION MAP

 output                                  attributes/
section   page    origin      length       input sections
--------  ----  ----------  ----------   ----------------
.pinit     0    00000200    00000000     UNINITIALIZED

vectors    0    00000000    00000200     
                  00000000    00000200     vectors.obj (vectors)

.bss       0    00000200    00000000     UNINITIALIZED

.data      0    00000200    00000000     UNINITIALIZED

.text      0    00000200    00001dc0     
                  00000200    00000480     dsk6713bsl.lib : dsk6713.obj (.text)
                  00000680    00000300     rts6700.lib : divf.obj (.text:__divf)
                  00000980    00000300     dsk6713bsl.lib : dsk6713_aic23_opencodec.obj (.text)
                  00000c80    00000240     rts6700.lib : memcpy62.obj (.text:_memcpy)
                  00000ec0    000001c0     csl6713.lib : csl_irq.obj (.text:_IRQ_map)
                  00001080    000001c0     stereoloop.obj (.text:retain)
                  00001240    000001a0     csl6713.lib : csl_mcbsp.obj (.text:_MCBSP_reset)
                  000013e0    00000160     stereoloop.obj (.text)
                  00001540    00000140     dsk6713bsl.lib : dsk6713_aic23_registers.obj (.text)
                  00001680    00000100     csl6713.lib : csl_mcbsp.obj (.text:_MCBSP_open)
                  00001780    00000100                 : csl_mcbsp.obj (.text:_MCBSP_start)
                  00001880    00000100     rts6700.lib : autoinit.obj (.text:__auto_init)
                  00001980    000000e0                 : strasg.obj (.text:__strasg)
                  00001a60    000000e0                 : exit.obj (.text:_exit)
                  00001b40    000000c0                 : cpy_tbl.obj (.text:_copy_in)
                  00001c00    000000c0     dsk6713bsl.lib : dsk6713_aic23_setfreq.obj (.text)
                  00001cc0    000000a0     csl6713.lib : csl_irq.obj (.text:_setMux)
                  00001d60    00000080     rts6700.lib : cpp_init.obj (.text:___TI_cpp_init)
                  00001de0    00000080                 : boot.obj (.text:_c_int00)
                  00001e60    00000040     csl6713.lib : csl_irq.obj (.text:_IRQ_enable)
                  00001ea0    00000040     rts6700.lib : args_main.obj (.text:__args_main)
                  00001ee0    00000020     csl6713.lib : csl_irq.obj (.text:_IRQ_globalDisable)
                  00001f00    00000020                 : csl_irq.obj (.text:_IRQ_globalEnable)
                  00001f20    00000020                 : csl_irq.obj (.text:_IRQ_nmiEnable)
                  00001f40    00000020                 : csl_mcbsp.obj (.text:_MCBSP_read)
                  00001f60    00000020                 : csl_mcbsp.obj (.text:_MCBSP_write)
                  00001f80    00000020     rts6700.lib : exit.obj (.text:_abort)
                  00001fa0    00000020     csl6713.lib : csl_irq.obj (.text)

.stack     0    00001fc0    00000400     UNINITIALIZED
                  00001fc0    00000008     rts6700.lib : boot.obj (.stack)
                  00001fc8    000003f8     --HOLE--

.cinit     0    000023c0    00000244     
                  000023c0    0000012c     csl6713.lib : csl_irq.obj (.cinit)
                  000024ec    00000004     --HOLE-- [fill = 0]
                  000024f0    00000054                 : csl_mcbsp.obj (.cinit)
                  00002544    00000004     --HOLE-- [fill = 0]
                  00002548    00000030     dsk6713bsl.lib : dsk6713_aic23_registers.obj (.cinit)
                  00002578    00000030     stereoloop.obj (.cinit)
                  000025a8    0000002c     rts6700.lib : exit.obj (.cinit)
                  000025d4    00000004     --HOLE-- [fill = 0]
                  000025d8    00000028     dsk6713bsl.lib : dsk6713_aic23_setfreq.obj (.cinit)
                  00002600    00000004     --HOLE-- [fill = 0]

.far       0    00002604    000001b6     UNINITIALIZED
                  00002604    000000f4     csl6713.lib : csl_irq.obj (.far)
                  000026f8    00000038                 : csl_mcbsp.obj (.far)
                  00002730    0000002c     stereoloop.obj (.far)
                  0000275c    00000028     dsk6713bsl.lib : dsk6713_aic23_registers.obj (.far)
                  00002784    00000020                    : dsk6713_aic23_setfreq.obj (.far)
                  000027a4    0000000c     rts6700.lib : exit.obj (.far)
                  000027b0    00000008     dsk6713bsl.lib : dsk6713_aic23_opencodec.obj (.far)
                  000027b8    00000002                    : dsk6713.obj (.far)

.const     0    000027bc    00000060     
                  000027bc    00000040     dsk6713bsl.lib : dsk6713_aic23_opencodec.obj (.const)
                  000027fc    00000020                    : dsk6713.obj (.const)


GLOBAL SYMBOLS: SORTED ALPHABETICALLY BY Name 

address    name
--------   ----
00000200   $bss
00000200   .bss
00000200   .data
00000200   .text
00001f80   C$$EXIT
000027b0   _DSK6713_AIC23_codeccontrolhandle
000027b4   _DSK6713_AIC23_codecdatahandle
00001600   _DSK6713_AIC23_config
00000980   _DSK6713_AIC23_openCodec
000015d8   _DSK6713_AIC23_rget
00001540   _DSK6713_AIC23_rset
00001c00   _DSK6713_AIC23_setFreq
00000614   _DSK6713_getVersion
0000024c   _DSK6713_init
00000568   _DSK6713_rget
0000057c   _DSK6713_rset
000027b8   _DSK6713_version
00000590   _DSK6713_wait
000005e8   _DSK6713_waitusec
00001e60   _IRQ_enable
00001ee0   _IRQ_globalDisable
00001f00   _IRQ_globalEnable
00000ec0   _IRQ_map
00001f20   _IRQ_nmiEnable
00001680   _MCBSP_open
00001f40   _MCBSP_read
00001240   _MCBSP_reset
00001780   _MCBSP_start
00001f60   _MCBSP_write
000026f0   __IRQ_dispatchTable
0000262c   __IRQ_eventTable
00001fa0   __IRQ_hookFetchPacket
000026b0   __IRQ_intTable
00002728   __MCBSP_hDev0
0000272c   __MCBSP_hDev1
000023c0   __STACK_END
00000400   __STACK_SIZE
00000001   __TI_args_main
00001d60   ___TI_cpp_init
000027ac   ___TI_enable_exit_profile_output
ffffffff   ___TI_pprof_out_hndl
ffffffff   ___TI_prof_data_size
ffffffff   ___TI_prof_data_start
ffffffff   ___binit__
00000200   ___bss__
ffffffff   ___c_args__
000023c0   ___cinit__
00000200   ___data__
00000200   ___edata__
00000200   ___end__
00001fc0   ___etext__
ffffffff   ___pinit__
00000200   ___text__
00001ea0   __args_main
00001880   __auto_init
000027a4   __cleanup_ptr
00000680   __divf
000027a8   __dtors_ptr
00001fc0   __stack
00001980   __strasg
00001f80   _abort
00001de0   _c_int00
00002734   _config
00001b40   _copy_in
00001a60   _exit
00002730   _hCodec
000013e0   _main
00000c80   _memcpy
00001080   _serialPortRcvISR
ffffffff   binit
000023c0   cinit
00000200   edata
00000200   end
00001fc0   etext
ffffffff   pinit


GLOBAL SYMBOLS: SORTED BY Symbol Address 

address    name
--------   ----
00000001   __TI_args_main
00000200   $bss
00000200   .bss
00000200   .data
00000200   .text
00000200   ___bss__
00000200   ___data__
00000200   ___edata__
00000200   ___end__
00000200   ___text__
00000200   edata
00000200   end
0000024c   _DSK6713_init
00000400   __STACK_SIZE
00000568   _DSK6713_rget
0000057c   _DSK6713_rset
00000590   _DSK6713_wait
000005e8   _DSK6713_waitusec
00000614   _DSK6713_getVersion
00000680   __divf
00000980   _DSK6713_AIC23_openCodec
00000c80   _memcpy
00000ec0   _IRQ_map
00001080   _serialPortRcvISR
00001240   _MCBSP_reset
000013e0   _main
00001540   _DSK6713_AIC23_rset
000015d8   _DSK6713_AIC23_rget
00001600   _DSK6713_AIC23_config
00001680   _MCBSP_open
00001780   _MCBSP_start
00001880   __auto_init
00001980   __strasg
00001a60   _exit
00001b40   _copy_in
00001c00   _DSK6713_AIC23_setFreq
00001d60   ___TI_cpp_init
00001de0   _c_int00
00001e60   _IRQ_enable
00001ea0   __args_main
00001ee0   _IRQ_globalDisable
00001f00   _IRQ_globalEnable
00001f20   _IRQ_nmiEnable
00001f40   _MCBSP_read
00001f60   _MCBSP_write
00001f80   C$$EXIT
00001f80   _abort
00001fa0   __IRQ_hookFetchPacket
00001fc0   ___etext__
00001fc0   __stack
00001fc0   etext
000023c0   __STACK_END
000023c0   ___cinit__
000023c0   cinit
0000262c   __IRQ_eventTable
000026b0   __IRQ_intTable
000026f0   __IRQ_dispatchTable
00002728   __MCBSP_hDev0
0000272c   __MCBSP_hDev1
00002730   _hCodec
00002734   _config
000027a4   __cleanup_ptr
000027a8   __dtors_ptr
000027ac   ___TI_enable_exit_profile_output
000027b0   _DSK6713_AIC23_codeccontrolhandle
000027b4   _DSK6713_AIC23_codecdatahandle
000027b8   _DSK6713_version
ffffffff   ___TI_pprof_out_hndl
ffffffff   ___TI_prof_data_size
ffffffff   ___TI_prof_data_start
ffffffff   ___binit__
ffffffff   ___c_args__
ffffffff   ___pinit__
ffffffff   binit
ffffffff   pinit

[75 symbols]
