******************************************************************************
               TMS320C6x Linker PC v7.4.24                     
******************************************************************************
>> Linked Mon Nov 26 12:23:32 2018

OUTPUT FILE NAME:   <Lab4Part2.out>
ENTRY POINT SYMBOL: "_c_int00"  address: 00001e80


MEMORY CONFIGURATION

         name            origin    length      used     unused   attr    fill
----------------------  --------  ---------  --------  --------  ----  --------
  VECS                  00000000   00000200  00000200  00000000  RWIX
  IRAM                  00000200   0002fe00  00002688  0002d778  RWIX
  L2RAM                 00030000   00010000  00000000  00010000  RWIX
  EMIFCE0               80000000   10000000  00000000  10000000  RWIX
  EMIFCE1               90000000   10000000  00000000  10000000  RWIX
  EMIFCE2               a0000000   10000000  00000000  10000000  RWIX
  EMIFCE3               b0000000   10000000  00000000  10000000  RWIX


SECTION ALLOCATION MAP

 output                                  attributes/
section   page    origin      length       input sections
--------  ----  ----------  ----------   ----------------
.pinit     0    00000200    00000000     UNINITIALIZED

vectors    0    00000000    00000200     
                  00000000    00000200     vectors.obj (vectors)

.bss       0    00000200    00000000     UNINITIALIZED

.data      0    00000200    00000000     UNINITIALIZED

.text      0    00000200    00001d80     
                  00000200    00000480     dsk6713bsl.lib : dsk6713.obj (.text)
                  00000680    00000300                    : dsk6713_aic23_opencodec.obj (.text)
                  00000980    00000240     rts6700.lib : memcpy62.obj (.text:_memcpy)
                  00000bc0    000001e0     dsk6713bsl.lib : dsk6713_led.obj (.text)
                  00000da0    000001c0     csl6713.lib : csl_irq.obj (.text:_IRQ_map)
                  00000f60    000001a0                 : csl_mcbsp.obj (.text:_MCBSP_reset)
                  00001100    00000180     main.obj (.text)
                  00001280    00000160     main.obj (.text:retain)
                  000013e0    00000140     dsk6713bsl.lib : dsk6713_aic23_registers.obj (.text)
                  00001520    00000100     csl6713.lib : csl_mcbsp.obj (.text:_MCBSP_open)
                  00001620    00000100                 : csl_mcbsp.obj (.text:_MCBSP_start)
                  00001720    00000100     rts6700.lib : autoinit.obj (.text:__auto_init)
                  00001820    00000100                 : remi.obj (.text:__remi)
                  00001920    00000100     iir2DFII_asm.obj (.text)
                  00001a20    000000e0     rts6700.lib : strasg.obj (.text:__strasg)
                  00001b00    000000e0                 : exit.obj (.text:_exit)
                  00001be0    000000c0                 : cpy_tbl.obj (.text:_copy_in)
                  00001ca0    000000c0     dsk6713bsl.lib : dsk6713_aic23_setfreq.obj (.text)
                  00001d60    000000a0     csl6713.lib : csl_irq.obj (.text:_setMux)
                  00001e00    00000080     rts6700.lib : cpp_init.obj (.text:___TI_cpp_init)
                  00001e80    00000080                 : boot.obj (.text:_c_int00)
                  00001f00    00000040                 : args_main.obj (.text:__args_main)
                  00001f40    00000020                 : exit.obj (.text:_abort)
                  00001f60    00000020     csl6713.lib : csl_irq.obj (.text)

.stack     0    00001f80    00000400     UNINITIALIZED
                  00001f80    00000008     rts6700.lib : boot.obj (.stack)
                  00001f88    000003f8     --HOLE--

.cinit     0    00002380    00000254     
                  00002380    0000012c     csl6713.lib : csl_irq.obj (.cinit)
                  000024ac    00000004     --HOLE-- [fill = 0]
                  000024b0    00000054                 : csl_mcbsp.obj (.cinit)
                  00002504    00000004     --HOLE-- [fill = 0]
                  00002508    0000003c     main.obj (.cinit)
                  00002544    00000004     --HOLE-- [fill = 0]
                  00002548    00000030     dsk6713bsl.lib : dsk6713_aic23_registers.obj (.cinit)
                  00002578    0000002c     rts6700.lib : exit.obj (.cinit)
                  000025a4    00000004     --HOLE-- [fill = 0]
                  000025a8    00000028     dsk6713bsl.lib : dsk6713_aic23_setfreq.obj (.cinit)
                  000025d0    00000004     --HOLE-- [fill = 0]

.far       0    000025d4    000001ec     UNINITIALIZED
                  000025d4    000000f4     csl6713.lib : csl_irq.obj (.far)
                  000026c8    00000060     main.obj (.far)
                  00002728    00000038     csl6713.lib : csl_mcbsp.obj (.far)
                  00002760    00000028     dsk6713bsl.lib : dsk6713_aic23_registers.obj (.far)
                  00002788    00000020                    : dsk6713_aic23_setfreq.obj (.far)
                  000027a8    0000000c     rts6700.lib : exit.obj (.far)
                  000027b4    00000008     dsk6713bsl.lib : dsk6713_aic23_opencodec.obj (.far)
                  000027bc    00000002                    : dsk6713.obj (.far)
                  000027be    00000002                    : dsk6713_led.obj (.far)

.const     0    000027c0    000000c8     
                  000027c0    00000040     dsk6713bsl.lib : dsk6713_aic23_opencodec.obj (.const)
                  00002800    0000002c     main.obj (.const:_DEN2)
                  0000282c    0000002c     main.obj (.const:_NUM2)
                  00002858    00000020     dsk6713bsl.lib : dsk6713.obj (.const)
                  00002878    00000010     main.obj (.const)


GLOBAL SYMBOLS: SORTED ALPHABETICALLY BY Name 

address    name
--------   ----
00000200   $bss
00000200   .bss
00000200   .data
00000200   .text
00001f40   C$$EXIT
00002800   _DEN2
0000287c   _DL
00002884   _DL2
000027b4   _DSK6713_AIC23_codeccontrolhandle
000027b8   _DSK6713_AIC23_codecdatahandle
000014a0   _DSK6713_AIC23_config
00000680   _DSK6713_AIC23_openCodec
00001478   _DSK6713_AIC23_rget
000013e0   _DSK6713_AIC23_rset
00001ca0   _DSK6713_AIC23_setFreq
00000bc0   _DSK6713_LED_init
00000c00   _DSK6713_LED_off
00000c70   _DSK6713_LED_on
00000ce0   _DSK6713_LED_toggle
00000614   _DSK6713_getVersion
0000024c   _DSK6713_init
00000568   _DSK6713_rget
0000057c   _DSK6713_rset
000027bc   _DSK6713_version
00000590   _DSK6713_wait
000005e8   _DSK6713_waitusec
00000da0   _IRQ_map
00001520   _MCBSP_open
00000f60   _MCBSP_reset
00001620   _MCBSP_start
00002878   _NL
00002880   _NL2
0000282c   _NUM2
000026c0   __IRQ_dispatchTable
000025fc   __IRQ_eventTable
00001f60   __IRQ_hookFetchPacket
00002680   __IRQ_intTable
00002758   __MCBSP_hDev0
0000275c   __MCBSP_hDev1
00002380   __STACK_END
00000400   __STACK_SIZE
00000001   __TI_args_main
00001e00   ___TI_cpp_init
000027b0   ___TI_enable_exit_profile_output
ffffffff   ___TI_pprof_out_hndl
ffffffff   ___TI_prof_data_size
ffffffff   ___TI_prof_data_start
ffffffff   ___binit__
00000200   ___bss__
ffffffff   ___c_args__
00002380   ___cinit__
00000200   ___data__
00000200   ___edata__
00000200   ___end__
00001f80   ___etext__
ffffffff   ___pinit__
00000200   ___text__
00001f00   __args_main
00001720   __auto_init
00001820   __c6xabi_remi
000027a8   __cleanup_ptr
000027ac   __dtors_ptr
00001820   __remi
00001f80   __stack
00001a20   __strasg
00001f40   _abort
UNDEFED    _arrayIndex
00001e80   _c_int00
000026cc   _config
00001be0   _copy_in
00001b00   _exit
00002724   _filterOut
000026c8   _hCodec
UNDEFED    _i
00001920   _iirDFII_asm
00002720   _index
UNDEFED    _input2
00001100   _main
00000980   _memcpy
00001280   _serialPortRcvISR
000026f4   _tempOmega
ffffffff   binit
00002380   cinit
00000200   edata
00000200   end
00001f80   etext
ffffffff   pinit


GLOBAL SYMBOLS: SORTED BY Symbol Address 

address    name
--------   ----
00000001   __TI_args_main
00000200   $bss
00000200   .bss
00000200   .data
00000200   .text
00000200   ___bss__
00000200   ___data__
00000200   ___edata__
00000200   ___end__
00000200   ___text__
00000200   edata
00000200   end
0000024c   _DSK6713_init
00000400   __STACK_SIZE
00000568   _DSK6713_rget
0000057c   _DSK6713_rset
00000590   _DSK6713_wait
000005e8   _DSK6713_waitusec
00000614   _DSK6713_getVersion
00000680   _DSK6713_AIC23_openCodec
00000980   _memcpy
00000bc0   _DSK6713_LED_init
00000c00   _DSK6713_LED_off
00000c70   _DSK6713_LED_on
00000ce0   _DSK6713_LED_toggle
00000da0   _IRQ_map
00000f60   _MCBSP_reset
00001100   _main
00001280   _serialPortRcvISR
000013e0   _DSK6713_AIC23_rset
00001478   _DSK6713_AIC23_rget
000014a0   _DSK6713_AIC23_config
00001520   _MCBSP_open
00001620   _MCBSP_start
00001720   __auto_init
00001820   __c6xabi_remi
00001820   __remi
00001920   _iirDFII_asm
00001a20   __strasg
00001b00   _exit
00001be0   _copy_in
00001ca0   _DSK6713_AIC23_setFreq
00001e00   ___TI_cpp_init
00001e80   _c_int00
00001f00   __args_main
00001f40   C$$EXIT
00001f40   _abort
00001f60   __IRQ_hookFetchPacket
00001f80   ___etext__
00001f80   __stack
00001f80   etext
00002380   __STACK_END
00002380   ___cinit__
00002380   cinit
000025fc   __IRQ_eventTable
00002680   __IRQ_intTable
000026c0   __IRQ_dispatchTable
000026c8   _hCodec
000026cc   _config
000026f4   _tempOmega
00002720   _index
00002724   _filterOut
00002758   __MCBSP_hDev0
0000275c   __MCBSP_hDev1
000027a8   __cleanup_ptr
000027ac   __dtors_ptr
000027b0   ___TI_enable_exit_profile_output
000027b4   _DSK6713_AIC23_codeccontrolhandle
000027b8   _DSK6713_AIC23_codecdatahandle
000027bc   _DSK6713_version
00002800   _DEN2
0000282c   _NUM2
00002878   _NL
0000287c   _DL
00002880   _NL2
00002884   _DL2
ffffffff   ___TI_pprof_out_hndl
ffffffff   ___TI_prof_data_size
ffffffff   ___TI_prof_data_start
ffffffff   ___binit__
ffffffff   ___c_args__
ffffffff   ___pinit__
ffffffff   binit
ffffffff   pinit
UNDEFED    _arrayIndex
UNDEFED    _i
UNDEFED    _input2

[87 symbols]
