******************************************************************************
               TMS320C6x Linker PC v7.4.24                     
******************************************************************************
>> Linked Mon Nov 26 16:55:47 2018

OUTPUT FILE NAME:   <Lab4Part2.out>
ENTRY POINT SYMBOL: "_c_int00"  address: 00001e60


MEMORY CONFIGURATION

         name            origin    length      used     unused   attr    fill
----------------------  --------  ---------  --------  --------  ----  --------
  VECS                  00000000   00000200  00000200  00000000  RWIX
  IRAM                  00000200   0002fe00  00002678  0002d788  RWIX
  L2RAM                 00030000   00010000  00000000  00010000  RWIX
  EMIFCE0               80000000   10000000  00000000  10000000  RWIX
  EMIFCE1               90000000   10000000  00000000  10000000  RWIX
  EMIFCE2               a0000000   10000000  00000000  10000000  RWIX
  EMIFCE3               b0000000   10000000  00000000  10000000  RWIX


SECTION ALLOCATION MAP

 output                                  attributes/
section   page    origin      length       input sections
--------  ----  ----------  ----------   ----------------
.pinit     0    00000200    00000000     UNINITIALIZED

vectors    0    00000000    00000200     
                  00000000    00000200     vectors.obj (vectors)

.bss       0    00000200    00000000     UNINITIALIZED

.data      0    00000200    00000000     UNINITIALIZED

.text      0    00000200    00001d60     
                  00000200    00000480     dsk6713bsl.lib : dsk6713.obj (.text)
                  00000680    00000300                    : dsk6713_aic23_opencodec.obj (.text)
                  00000980    00000240     rts6700.lib : memcpy62.obj (.text:_memcpy)
                  00000bc0    000001e0     dsk6713bsl.lib : dsk6713_led.obj (.text)
                  00000da0    000001c0     csl6713.lib : csl_irq.obj (.text:_IRQ_map)
                  00000f60    000001a0                 : csl_mcbsp.obj (.text:_MCBSP_reset)
                  00001100    00000180     main.obj (.text)
                  00001280    00000160     main.obj (.text:retain)
                  000013e0    00000140     dsk6713bsl.lib : dsk6713_aic23_registers.obj (.text)
                  00001520    00000100     csl6713.lib : csl_mcbsp.obj (.text:_MCBSP_open)
                  00001620    00000100                 : csl_mcbsp.obj (.text:_MCBSP_start)
                  00001720    00000100     rts6700.lib : autoinit.obj (.text:__auto_init)
                  00001820    00000100                 : remi.obj (.text:__remi)
                  00001920    000000e0                 : strasg.obj (.text:__strasg)
                  00001a00    000000e0                 : exit.obj (.text:_exit)
                  00001ae0    000000e0     iir2DFII_asm.obj (.text)
                  00001bc0    000000c0     rts6700.lib : cpy_tbl.obj (.text:_copy_in)
                  00001c80    000000c0     dsk6713bsl.lib : dsk6713_aic23_setfreq.obj (.text)
                  00001d40    000000a0     csl6713.lib : csl_irq.obj (.text:_setMux)
                  00001de0    00000080     rts6700.lib : cpp_init.obj (.text:___TI_cpp_init)
                  00001e60    00000080                 : boot.obj (.text:_c_int00)
                  00001ee0    00000040                 : args_main.obj (.text:__args_main)
                  00001f20    00000020                 : exit.obj (.text:_abort)
                  00001f40    00000020     csl6713.lib : csl_irq.obj (.text)

.stack     0    00001f60    00000400     UNINITIALIZED
                  00001f60    00000008     rts6700.lib : boot.obj (.stack)
                  00001f68    000003f8     --HOLE--

.cinit     0    00002360    00000264     
                  00002360    0000012c     csl6713.lib : csl_irq.obj (.cinit)
                  0000248c    00000004     --HOLE-- [fill = 0]
                  00002490    00000054                 : csl_mcbsp.obj (.cinit)
                  000024e4    00000004     --HOLE-- [fill = 0]
                  000024e8    0000004c     main.obj (.cinit)
                  00002534    00000004     --HOLE-- [fill = 0]
                  00002538    00000030     dsk6713bsl.lib : dsk6713_aic23_registers.obj (.cinit)
                  00002568    0000002c     rts6700.lib : exit.obj (.cinit)
                  00002594    00000004     --HOLE-- [fill = 0]
                  00002598    00000028     dsk6713bsl.lib : dsk6713_aic23_setfreq.obj (.cinit)
                  000025c0    00000004     --HOLE-- [fill = 0]

.far       0    000025c4    000001ec     UNINITIALIZED
                  000025c4    000000f4     csl6713.lib : csl_irq.obj (.far)
                  000026b8    00000060     main.obj (.far)
                  00002718    00000038     csl6713.lib : csl_mcbsp.obj (.far)
                  00002750    00000028     dsk6713bsl.lib : dsk6713_aic23_registers.obj (.far)
                  00002778    00000020                    : dsk6713_aic23_setfreq.obj (.far)
                  00002798    0000000c     rts6700.lib : exit.obj (.far)
                  000027a4    00000008     dsk6713bsl.lib : dsk6713_aic23_opencodec.obj (.far)
                  000027ac    00000002                    : dsk6713.obj (.far)
                  000027ae    00000002                    : dsk6713_led.obj (.far)

.const     0    000027b0    000000c8     
                  000027b0    00000040     dsk6713bsl.lib : dsk6713_aic23_opencodec.obj (.const)
                  000027f0    0000002c     main.obj (.const:_DEN2)
                  0000281c    0000002c     main.obj (.const:_NUM2)
                  00002848    00000020     dsk6713bsl.lib : dsk6713.obj (.const)
                  00002868    00000010     main.obj (.const)


GLOBAL SYMBOLS: SORTED ALPHABETICALLY BY Name 

address    name
--------   ----
00000200   $bss
00000200   .bss
00000200   .data
00000200   .text
00001f20   C$$EXIT
000027f0   _DEN2
0000286c   _DL
00002874   _DL2
000027a4   _DSK6713_AIC23_codeccontrolhandle
000027a8   _DSK6713_AIC23_codecdatahandle
000014a0   _DSK6713_AIC23_config
00000680   _DSK6713_AIC23_openCodec
00001478   _DSK6713_AIC23_rget
000013e0   _DSK6713_AIC23_rset
00001c80   _DSK6713_AIC23_setFreq
00000bc0   _DSK6713_LED_init
00000c00   _DSK6713_LED_off
00000c70   _DSK6713_LED_on
00000ce0   _DSK6713_LED_toggle
00000614   _DSK6713_getVersion
0000024c   _DSK6713_init
00000568   _DSK6713_rget
0000057c   _DSK6713_rset
000027ac   _DSK6713_version
00000590   _DSK6713_wait
000005e8   _DSK6713_waitusec
00000da0   _IRQ_map
00001520   _MCBSP_open
00000f60   _MCBSP_reset
00001620   _MCBSP_start
00002868   _NL
00002870   _NL2
0000281c   _NUM2
000026b0   __IRQ_dispatchTable
000025ec   __IRQ_eventTable
00001f40   __IRQ_hookFetchPacket
00002670   __IRQ_intTable
00002748   __MCBSP_hDev0
0000274c   __MCBSP_hDev1
00002360   __STACK_END
00000400   __STACK_SIZE
00000001   __TI_args_main
00001de0   ___TI_cpp_init
000027a0   ___TI_enable_exit_profile_output
ffffffff   ___TI_pprof_out_hndl
ffffffff   ___TI_prof_data_size
ffffffff   ___TI_prof_data_start
ffffffff   ___binit__
00000200   ___bss__
ffffffff   ___c_args__
00002360   ___cinit__
00000200   ___data__
00000200   ___edata__
00000200   ___end__
00001f60   ___etext__
ffffffff   ___pinit__
00000200   ___text__
00001ee0   __args_main
00001720   __auto_init
00001820   __c6xabi_remi
00002798   __cleanup_ptr
0000279c   __dtors_ptr
00001820   __remi
00001f60   __stack
00001920   __strasg
00001f20   _abort
00001e60   _c_int00
000026bc   _config
00001bc0   _copy_in
00001a00   _exit
00002714   _filterOut
000026b8   _hCodec
00001ae0   _iirDFII_asm
00002710   _index
00001100   _main
00000980   _memcpy
00001280   _serialPortRcvISR
000026e4   _tempOmega
ffffffff   binit
00002360   cinit
00000200   edata
00000200   end
00001f60   etext
ffffffff   pinit


GLOBAL SYMBOLS: SORTED BY Symbol Address 

address    name
--------   ----
00000001   __TI_args_main
00000200   $bss
00000200   .bss
00000200   .data
00000200   .text
00000200   ___bss__
00000200   ___data__
00000200   ___edata__
00000200   ___end__
00000200   ___text__
00000200   edata
00000200   end
0000024c   _DSK6713_init
00000400   __STACK_SIZE
00000568   _DSK6713_rget
0000057c   _DSK6713_rset
00000590   _DSK6713_wait
000005e8   _DSK6713_waitusec
00000614   _DSK6713_getVersion
00000680   _DSK6713_AIC23_openCodec
00000980   _memcpy
00000bc0   _DSK6713_LED_init
00000c00   _DSK6713_LED_off
00000c70   _DSK6713_LED_on
00000ce0   _DSK6713_LED_toggle
00000da0   _IRQ_map
00000f60   _MCBSP_reset
00001100   _main
00001280   _serialPortRcvISR
000013e0   _DSK6713_AIC23_rset
00001478   _DSK6713_AIC23_rget
000014a0   _DSK6713_AIC23_config
00001520   _MCBSP_open
00001620   _MCBSP_start
00001720   __auto_init
00001820   __c6xabi_remi
00001820   __remi
00001920   __strasg
00001a00   _exit
00001ae0   _iirDFII_asm
00001bc0   _copy_in
00001c80   _DSK6713_AIC23_setFreq
00001de0   ___TI_cpp_init
00001e60   _c_int00
00001ee0   __args_main
00001f20   C$$EXIT
00001f20   _abort
00001f40   __IRQ_hookFetchPacket
00001f60   ___etext__
00001f60   __stack
00001f60   etext
00002360   __STACK_END
00002360   ___cinit__
00002360   cinit
000025ec   __IRQ_eventTable
00002670   __IRQ_intTable
000026b0   __IRQ_dispatchTable
000026b8   _hCodec
000026bc   _config
000026e4   _tempOmega
00002710   _index
00002714   _filterOut
00002748   __MCBSP_hDev0
0000274c   __MCBSP_hDev1
00002798   __cleanup_ptr
0000279c   __dtors_ptr
000027a0   ___TI_enable_exit_profile_output
000027a4   _DSK6713_AIC23_codeccontrolhandle
000027a8   _DSK6713_AIC23_codecdatahandle
000027ac   _DSK6713_version
000027f0   _DEN2
0000281c   _NUM2
00002868   _NL
0000286c   _DL
00002870   _NL2
00002874   _DL2
ffffffff   ___TI_pprof_out_hndl
ffffffff   ___TI_prof_data_size
ffffffff   ___TI_prof_data_start
ffffffff   ___binit__
ffffffff   ___c_args__
ffffffff   ___pinit__
ffffffff   binit
ffffffff   pinit

[84 symbols]
